  Determining projects to restore...
F:\Floofdev\HardLight\Content.MapRenderer\Content.MapRenderer.csproj : warning NU1902: Package 'SixLabors.ImageSharp' 3.1.7 has a known moderate severity vulnerability, https://github.com/advisories/GHSA-rxmq-m78w-7wmc [F:\Floofdev\HardLight\SpaceStation14.sln]
F:\Floofdev\HardLight\RobustToolbox\Robust.Shared\Robust.Shared.csproj : warning NU1902: Package 'SixLabors.ImageSharp' 3.1.7 has a known moderate severity vulnerability, https://github.com/advisories/GHSA-rxmq-m78w-7wmc [F:\Floofdev\HardLight\SpaceStation14.sln]
F:\Floofdev\HardLight\RobustToolbox\Robust.Client\Robust.Client.csproj : warning NU1902: Package 'SixLabors.ImageSharp' 3.1.7 has a known moderate severity vulnerability, https://github.com/advisories/GHSA-rxmq-m78w-7wmc [F:\Floofdev\HardLight\SpaceStation14.sln]
  All projects are up-to-date for restore.
  BuildChecker -> F:\Floofdev\HardLight\BuildChecker\bin\Debug\net4.7.2\BuildChecker.dll
  Lidgren.Network -> F:\Floofdev\HardLight\RobustToolbox\Lidgren.Network\bin\Debug\net9.0\SpaceWizards.Lidgren.Network.dll
F:\Floofdev\HardLight\RobustToolbox\Robust.Client\Robust.Client.csproj : warning NU1902: Package 'SixLabors.ImageSharp' 3.1.7 has a known moderate severity vulnerability, https://github.com/advisories/GHSA-rxmq-m78w-7wmc
F:\Floofdev\HardLight\RobustToolbox\Robust.Shared\Robust.Shared.csproj : warning NU1902: Package 'SixLabors.ImageSharp' 3.1.7 has a known moderate severity vulnerability, https://github.com/advisories/GHSA-rxmq-m78w-7wmc
  Robust.Analyzers -> F:\Floofdev\HardLight\RobustToolbox\Robust.Analyzers\bin\Debug\netstandard2.0\Robust.Analyzers.dll
  Robust.Serialization.Generator -> F:\Floofdev\HardLight\RobustToolbox\Robust.Serialization.Generator\bin\Debug\netstandard2.0\Robust.Serialization.Generator.dll
  Robust.Shared.Maths -> F:\Floofdev\HardLight\RobustToolbox\Robust.Shared.Maths\bin\Debug\Robust.Shared.Maths.dll
  NetSerializer -> F:\Floofdev\HardLight\RobustToolbox\NetSerializer\NetSerializer\bin\Debug\net8.0\Robust.NetSerializer.dll
  Avalonia.Base -> F:\Floofdev\HardLight\RobustToolbox\Avalonia.Base\bin\Debug\net9.0\Avalonia.Base.dll
  OpenToolkit.GraphicsLibraryFramework -> F:\Floofdev\HardLight\RobustToolbox\OpenToolkit.GraphicsLibraryFramework\bin\Debug\net9.0\OpenToolkit.GraphicsLibraryFramework.dll
  Content.Shared.Database -> F:\Floofdev\HardLight\Content.Shared.Database\bin\Debug\net9.0\Content.Shared.Database.dll
  Robust.Shared.CompNetworkGenerator -> F:\Floofdev\HardLight\RobustToolbox\Robust.Shared.CompNetworkGenerator\bin\Debug\netstandard2.0\Robust.Shared.CompNetworkGenerator.dll
  XamlX.Runtime -> F:\Floofdev\HardLight\RobustToolbox\XamlX\src\XamlX.Runtime\bin\Debug\netstandard2.0\XamlX.Runtime.dll
  Robust.LoaderApi -> F:\Floofdev\HardLight\RobustToolbox\Robust.LoaderApi\Robust.LoaderApi\bin\Debug\net8.0\Robust.LoaderApi.dll
  XamlX -> F:\Floofdev\HardLight\RobustToolbox\XamlX\src\XamlX\bin\Debug\netstandard2.0\XamlX.dll
  Content.PatreonParser -> F:\Floofdev\HardLight\Content.PatreonParser\bin\Debug\net9.0\Content.PatreonParser.dll
  Robust.Shared -> F:\Floofdev\HardLight\RobustToolbox\Robust.Shared\bin\Debug\Robust.Shared.dll
F:\Floofdev\HardLight\Content.MapRenderer\Content.MapRenderer.csproj : warning NU1902: Package 'SixLabors.ImageSharp' 3.1.7 has a known moderate severity vulnerability, https://github.com/advisories/GHSA-rxmq-m78w-7wmc
  Robust.Analyzers.Tests -> F:\Floofdev\HardLight\RobustToolbox\Robust.Analyzers.Tests\bin\Debug\net9.0\Robust.Analyzers.Tests.dll
  Robust.Client.NameGenerator -> F:\Floofdev\HardLight\RobustToolbox\Robust.Client.NameGenerator\bin\Debug\netstandard2.0\Robust.Client.NameGenerator.dll
  Content.Shared -> F:\Floofdev\HardLight\Content.Shared\bin\Debug\Content.Shared.dll
  Robust.Packaging -> F:\Floofdev\HardLight\RobustToolbox\Robust.Packaging\bin\Debug\net9.0\Robust.Packaging.dll
  Content.Tools -> F:\Floofdev\HardLight\Content.Tools\bin\Debug\net9.0\Content.Tools.dll
  Robust.Shared.Scripting -> F:\Floofdev\HardLight\RobustToolbox\Robust.Shared.Scripting\bin\Debug\Robust.Shared.Scripting.dll
  Content.Packaging -> F:\Floofdev\HardLight\Content.Packaging\bin\Debug\net9.0\Content.Packaging.dll
  Robust.Server -> F:\Floofdev\HardLight\RobustToolbox\bin\Server\Robust.Server.dll
  Content.Server.Database -> F:\Floofdev\HardLight\bin\Content.Server.Database\Content.Server.Database.dll
F:\Floofdev\HardLight\Content.Server\Abilities\Psionics\PsionicFamiliarSystem.cs(14,7): warning CS0105: The using directive for 'Content.Shared.Nyanotrasen.Abilities.Psionics' appeared previously in this namespace [F:\Floofdev\HardLight\Content.Server\Content.Server.csproj]
F:\Floofdev\HardLight\Content.Server\_NF\PublicTransit\PublicTransitSystem.cs(18,7): warning CS0105: The using directive for 'Content.Server.GameTicking' appeared previously in this namespace [F:\Floofdev\HardLight\Content.Server\Content.Server.csproj]
F:\Floofdev\HardLight\Content.Server\_NF\PublicTransit\PublicTransitSystem.cs(33,7): warning CS0105: The using directive for 'Content.Shared.GameTicking' appeared previously in this namespace [F:\Floofdev\HardLight\Content.Server\Content.Server.csproj]
F:\Floofdev\HardLight\Content.Server\_NF\Shipyard\Systems\ShipyardGridSaveSystem.cs(18,7): warning CS0105: The using directive for 'Content.Shared.Access.Components' appeared previously in this namespace [F:\Floofdev\HardLight\Content.Server\Content.Server.csproj]
F:\Floofdev\HardLight\Content.Server\_NF\Shipyard\Systems\ShipyardSystem.cs(41,7): warning CS0105: The using directive for 'System.Numerics' appeared previously in this namespace [F:\Floofdev\HardLight\Content.Server\Content.Server.csproj]
F:\Floofdev\HardLight\Content.Server\Abilities\Psionics\AnomalyPowerSystem.cs(41,35): warning CS0618: 'SolutionContainerSystem' is obsolete: 'This is being depreciated. Use SharedSolutionContainerSystem instead!' [F:\Floofdev\HardLight\Content.Server\Content.Server.csproj]
F:\Floofdev\HardLight\Content.Server\StationEvents\BasicStationEventSchedulerSystem.cs(98,72): warning CS0618: 'Prototype<EntityPrototype>' is obsolete: 'Use ProtoId<T> or EntProtoId, or the prototype directly' [F:\Floofdev\HardLight\Content.Server\Content.Server.csproj]
F:\Floofdev\HardLight\Content.Server\StationEvents\BasicStationEventSchedulerSystem.cs(151,70): warning CS0618: 'Prototype<EntityPrototype>' is obsolete: 'Use ProtoId<T> or EntProtoId, or the prototype directly' [F:\Floofdev\HardLight\Content.Server\Content.Server.csproj]
F:\Floofdev\HardLight\Content.Server\StationEvents\BasicStationEventSchedulerSystem.cs(174,74): warning CS0618: 'Prototype<EntityPrototype>' is obsolete: 'Use ProtoId<T> or EntProtoId, or the prototype directly' [F:\Floofdev\HardLight\Content.Server\Content.Server.csproj]
F:\Floofdev\HardLight\Content.Server\StationEvents\BasicStationEventSchedulerSystem.cs(201,45): warning CS0618: 'Prototype<EntityPrototype>' is obsolete: 'Use ProtoId<T> or EntProtoId, or the prototype directly' [F:\Floofdev\HardLight\Content.Server\Content.Server.csproj]
F:\Floofdev\HardLight\Content.Server\Paint\PaintSystem.cs(26,35): warning CS0618: 'SolutionContainerSystem' is obsolete: 'This is being depreciated. Use SharedSolutionContainerSystem instead!' [F:\Floofdev\HardLight\Content.Server\Content.Server.csproj]
F:\Floofdev\HardLight\Content.Server\Nyanotrasen\Chemistry\SolutionRegenerationSwitcher\SolutionRegenerationSwitcherSystem.cs(13,39): warning CS0618: 'SolutionContainerSystem' is obsolete: 'This is being depreciated. Use SharedSolutionContainerSystem instead!' [F:\Floofdev\HardLight\Content.Server\Content.Server.csproj]
F:\Floofdev\HardLight\Content.Server\Abilities\Psionics\PsionicFamiliarSystem.cs(61,32): error CS1061: 'PsionicFamiliarComponent' does not contain a definition for 'InheritMasterFactions' and no accessible extension method 'InheritMasterFactions' accepting a first argument of type 'PsionicFamiliarComponent' could be found (are you missing a using directive or an assembly reference?) [F:\Floofdev\HardLight\Content.Server\Content.Server.csproj]
F:\Floofdev\HardLight\Content.Server\Abilities\Psionics\PsionicFamiliarSystem.cs(63,16): error CS8602: Dereference of a possibly null reference. [F:\Floofdev\HardLight\Content.Server\Content.Server.csproj]
F:\Floofdev\HardLight\Content.Server\Abilities\Psionics\PsionicFamiliarSystem.cs(67,33): error CS8602: Dereference of a possibly null reference. [F:\Floofdev\HardLight\Content.Server\Content.Server.csproj]
F:\Floofdev\HardLight\Content.Server\Abilities\Psionics\PsionicFamiliarSystem.cs(63,16): error CS0165: Use of unassigned local variable 'masterFactions' [F:\Floofdev\HardLight\Content.Server\Content.Server.csproj]
F:\Floofdev\HardLight\Content.Server\Abilities\Psionics\PsionicFamiliarSystem.cs(112,23): error CS1061: 'PsionicFamiliarComponent' does not contain a definition for 'CanAttackMaster' and no accessible extension method 'CanAttackMaster' accepting a first argument of type 'PsionicFamiliarComponent' could be found (are you missing a using directive or an assembly reference?) [F:\Floofdev\HardLight\Content.Server\Content.Server.csproj]
F:\Floofdev\HardLight\Content.Server\Abilities\Psionics\PsionicFamiliarSystem.cs(117,41): error CS1061: 'PsionicFamiliarComponent' does not contain a definition for 'AttackMasterText' and no accessible extension method 'AttackMasterText' accepting a first argument of type 'PsionicFamiliarComponent' could be found (are you missing a using directive or an assembly reference?) [F:\Floofdev\HardLight\Content.Server\Content.Server.csproj]
F:\Floofdev\HardLight\Content.Server\Abilities\Psionics\PsionicFamiliarSystem.cs(120,67): error CS1061: 'PsionicFamiliarComponent' does not contain a definition for 'AttackPopupType' and no accessible extension method 'AttackPopupType' accepting a first argument of type 'PsionicFamiliarComponent' could be found (are you missing a using directive or an assembly reference?) [F:\Floofdev\HardLight\Content.Server\Content.Server.csproj]
F:\Floofdev\HardLight\Content.Server\Abilities\Psionics\PsionicFamiliarSystem.cs(125,24): error CS1061: 'PsionicFamiliarComponent' does not contain a definition for 'DespawnOnFamiliarDeath' and no accessible extension method 'DespawnOnFamiliarDeath' accepting a first argument of type 'PsionicFamiliarComponent' could be found (are you missing a using directive or an assembly reference?) [F:\Floofdev\HardLight\Content.Server\Content.Server.csproj]
F:\Floofdev\HardLight\Content.Server\Abilities\Psionics\PsionicFamiliarSystem.cs(142,49): error CS1061: 'PsionicFamiliarComponent' does not contain a definition for 'DespawnText' and no accessible extension method 'DespawnText' accepting a first argument of type 'PsionicFamiliarComponent' could be found (are you missing a using directive or an assembly reference?) [F:\Floofdev\HardLight\Content.Server\Content.Server.csproj]
F:\Floofdev\HardLight\Content.Server\Abilities\Psionics\PsionicFamiliarSystem.cs(143,54): error CS1061: 'PsionicFamiliarComponent' does not contain a definition for 'DespawnPopopType' and no accessible extension method 'DespawnPopopType' accepting a first argument of type 'PsionicFamiliarComponent' could be found (are you missing a using directive or an assembly reference?) [F:\Floofdev\HardLight\Content.Server\Content.Server.csproj]
F:\Floofdev\HardLight\Content.Server\Abilities\Psionics\PsionicAbilitiesSystem.Functions.cs(107,13): warning CS0618: 'Component.Owner' is obsolete: 'Update your API to allow accessing Owner through other means' [F:\Floofdev\HardLight\Content.Server\Content.Server.csproj]
F:\Floofdev\HardLight\Content.Server\Abilities\Psionics\PsionicAbilitiesSystem.cs(127,40): error CS1061: 'PsionicPowerPrototype' does not contain a definition for 'InitializeFunctions' and no accessible extension method 'InitializeFunctions' accepting a first argument of type 'PsionicPowerPrototype' could be found (are you missing a using directive or an assembly reference?) [F:\Floofdev\HardLight\Content.Server\Content.Server.csproj]
F:\Floofdev\HardLight\Content.Server\Abilities\Psionics\PsionicAbilitiesSystem.cs(163,22): error CS0246: The type or namespace name 'OnSetPsionicStatsEvent' could not be found (are you missing a using directive or an assembly reference?) [F:\Floofdev\HardLight\Content.Server\Content.Server.csproj]
F:\Floofdev\HardLight\Content.Server\Abilities\Psionics\PsionicAbilitiesSystem.cs(206,22): error CS0246: The type or namespace name 'OnMindbreakEvent' could not be found (are you missing a using directive or an assembly reference?) [F:\Floofdev\HardLight\Content.Server\Content.Server.csproj]
F:\Floofdev\HardLight\Content.Server\Abilities\Psionics\PsionicAbilitiesSystem.cs(209,36): error CS0117: 'CCVars' does not contain a definition for 'ScarierMindbreaking' [F:\Floofdev\HardLight\Content.Server\Content.Server.csproj]
F:\Floofdev\HardLight\Content.Server\Abilities\Psionics\PsionicAbilitiesSystem.cs(266,47): error CS1061: 'PsionicPowerPrototype' does not contain a definition for 'RemovalFunctions' and no accessible extension method 'RemovalFunctions' accepting a first argument of type 'PsionicPowerPrototype' could be found (are you missing a using directive or an assembly reference?) [F:\Floofdev\HardLight\Content.Server\Content.Server.csproj]
F:\Floofdev\HardLight\Content.Server\Abilities\Psionics\PsionicAbilitiesSystem.cs(284,47): error CS1061: 'PsionicPowerPrototype' does not contain a definition for 'RemovalFunctions' and no accessible extension method 'RemovalFunctions' accepting a first argument of type 'PsionicPowerPrototype' could be found (are you missing a using directive or an assembly reference?) [F:\Floofdev\HardLight\Content.Server\Content.Server.csproj]
F:\Floofdev\HardLight\Content.Server\Abilities\Psionics\PsionicAbilitiesSystem.cs(311,26): error CS0104: 'PsionicFamiliarComponent' is an ambiguous reference between 'Content.Shared.Nyanotrasen.Abilities.Psionics.Components.PsionicFamiliarComponent' and 'Content.Shared.Abilities.Psionics.PsionicFamiliarComponent' [F:\Floofdev\HardLight\Content.Server\Content.Server.csproj]
F:\Floofdev\HardLight\Content.Server\Abilities\Psionics\Abilities\TelegnosisPowerSystem.cs(26,13): warning CS0618: 'TransformComponent.AttachToGridOrMap()' is obsolete: 'Use the system's method instead.' [F:\Floofdev\HardLight\Content.Server\Content.Server.csproj]
F:\Floofdev\HardLight\Content.Server\Abilities\Psionics\Abilities\PsionicRegenerationPowerSystem.cs(61,54): warning CS0618: 'Component.Owner' is obsolete: 'Update your API to allow accessing Owner through other means' [F:\Floofdev\HardLight\Content.Server\Content.Server.csproj]
F:\Floofdev\HardLight\Content.Server\Abilities\Psionics\Abilities\PsionicInvisibilityPowerSystem.cs(65,28): warning CS0618: 'ResolvedSoundSpecifier.implicit operator ResolvedSoundSpecifier(string)' is obsolete: 'String literals for sounds are deprecated, use a SoundSpecifier or ResolvedSoundSpecifier as appropriate instead' [F:\Floofdev\HardLight\Content.Server\Content.Server.csproj]
F:\Floofdev\HardLight\Content.Server\Abilities\Psionics\Abilities\PsionicInvisibilityPowerSystem.cs(77,28): warning CS0618: 'ResolvedSoundSpecifier.implicit operator ResolvedSoundSpecifier(string)' is obsolete: 'String literals for sounds are deprecated, use a SoundSpecifier or ResolvedSoundSpecifier as appropriate instead' [F:\Floofdev\HardLight\Content.Server\Content.Server.csproj]
F:\Floofdev\HardLight\Content.Server\Abilities\Psionics\Abilities\AnomalyPowerSystem.GasProducer.cs(33,24): warning CS0618: 'MapGridComponent.GetLocalTilesIntersecting(Box2, bool, Predicate<TileRef>?)' is obsolete: 'Use the MapSystem method' [F:\Floofdev\HardLight\Content.Server\Content.Server.csproj]
F:\Floofdev\HardLight\Content.Server\Abilities\Psionics\Abilities\DispelPowerSystem.cs(60,37): warning CS0618: 'ResolvedSoundSpecifier.implicit operator ResolvedSoundSpecifier(string)' is obsolete: 'String literals for sounds are deprecated, use a SoundSpecifier or ResolvedSoundSpecifier as appropriate instead' [F:\Floofdev\HardLight\Content.Server\Content.Server.csproj]
F:\Floofdev\HardLight\Content.Server\Abilities\Psionics\Abilities\AnomalyPowerSystem.GasProducer.cs(78,24): warning CS0618: 'MapGridComponent.GetLocalTilesIntersecting(Box2, bool, Predicate<TileRef>?)' is obsolete: 'Use the MapSystem method' [F:\Floofdev\HardLight\Content.Server\Content.Server.csproj]
F:\Floofdev\HardLight\Content.Server\Abilities\Psionics\Abilities\DispelPowerSystem.cs(104,37): warning CS0618: 'ResolvedSoundSpecifier.implicit operator ResolvedSoundSpecifier(string)' is obsolete: 'String literals for sounds are deprecated, use a SoundSpecifier or ResolvedSoundSpecifier as appropriate instead' [F:\Floofdev\HardLight\Content.Server\Content.Server.csproj]
F:\Floofdev\HardLight\Content.Server\_NF\Shipyard\Systems\ShipyardGridSaveSystem.cs(240,21): warning CS0618: 'IMapManager.DeleteMap(MapId)' is obsolete: 'Use MapSystem' [F:\Floofdev\HardLight\Content.Server\Content.Server.csproj]
F:\Floofdev\HardLight\Content.Server\_NF\Shipyard\Systems\ShipyardGridSaveSystem.cs(263,29): warning CS0618: 'IMapManager.CreateMap(MapId?)' is obsolete: 'Use MapSystem' [F:\Floofdev\HardLight\Content.Server\Content.Server.csproj]
F:\Floofdev\HardLight\Content.Server\_NF\Shipyard\Systems\ShipyardGridSaveSystem.cs(268,76): warning CS0618: 'IMapManager.GetMapEntityId(MapId)' is obsolete: 'Use MapSystem' [F:\Floofdev\HardLight\Content.Server\Content.Server.csproj]
F:\Floofdev\HardLight\Content.Server\_NF\Shipyard\Systems\ShipyardGridSaveSystem.cs(603,84): warning CS0618: 'IMapManager.GetMapEntityId(MapId)' is obsolete: 'Use MapSystem' [F:\Floofdev\HardLight\Content.Server\Content.Server.csproj]
F:\Floofdev\HardLight\Content.Server\Administration\Systems\AdminSystem.cs(418,35): warning CS0618: 'ResolvedSoundSpecifier.implicit operator ResolvedSoundSpecifier(string)' is obsolete: 'String literals for sounds are deprecated, use a SoundSpecifier or ResolvedSoundSpecifier as appropriate instead' [F:\Floofdev\HardLight\Content.Server\Content.Server.csproj]
F:\Floofdev\HardLight\Content.Server\Administration\Notes\UserNotesEui.cs(25,13): warning CS0618: 'Logger.WarningS(string, string)' is obsolete: 'Use ISawmill.Warning' [F:\Floofdev\HardLight\Content.Server\Content.Server.csproj]
F:\Floofdev\HardLight\Content.Server\Administration\Notes\UserNotesEui.cs(42,13): warning CS0618: 'Logger.WarningS(string, string)' is obsolete: 'Use ISawmill.Warning' [F:\Floofdev\HardLight\Content.Server\Content.Server.csproj]
F:\Floofdev\HardLight\Content.Server\Administration\Commands\RoleBanCommand.cs(34,13): warning CS0618: 'Logger.WarningS(string, string)' is obsolete: 'Use ISawmill.Warning' [F:\Floofdev\HardLight\Content.Server\Content.Server.csproj]
F:\Floofdev\HardLight\Content.Server\Administration\Logs\AdminLogManager.Json.cs(60,41): warning CS0618: 'IComponent.Owner' is obsolete: 'Update your API to allow accessing Owner through other means' [F:\Floofdev\HardLight\Content.Server\Content.Server.csproj]
F:\Floofdev\HardLight\Content.Server\Administration\Commands\PrisonerCommands.cs(68,17): warning CS0618: 'Logger.WarningS(string, string)' is obsolete: 'Use ISawmill.Warning' [F:\Floofdev\HardLight\Content.Server\Content.Server.csproj]
F:\Floofdev\HardLight\Content.Server\Administration\Commands\PlayGlobalSoundCommand.cs(91,79): warning CS0618: 'ResolvedSoundSpecifier.implicit operator ResolvedSoundSpecifier(string)' is obsolete: 'String literals for sounds are deprecated, use a SoundSpecifier or ResolvedSoundSpecifier as appropriate instead' [F:\Floofdev\HardLight\Content.Server\Content.Server.csproj]
F:\Floofdev\HardLight\Content.Server\Administration\Commands\PersistenceSaveCommand.cs(37,14): warning CS0618: 'IMapManager.MapExists(MapId?)' is obsolete: 'Use MapSystem' [F:\Floofdev\HardLight\Content.Server\Content.Server.csproj]
F:\Floofdev\HardLight\Content.Server\Administration\Commands\DepartmentBanCommand.cs(32,13): warning CS0618: 'Logger.WarningS(string, string)' is obsolete: 'Use ISawmill.Warning' [F:\Floofdev\HardLight\Content.Server\Content.Server.csproj]
F:\Floofdev\HardLight\Content.Server\Anomaly\Effects\ProjectileAnomalySystem.cs(88,23): warning CS0618: 'IMapManager.GetMapEntityId(MapId)' is obsolete: 'Use MapSystem' [F:\Floofdev\HardLight\Content.Server\Content.Server.csproj]
F:\Floofdev\HardLight\Content.Server\_HL\RoundPersistence\Systems\RoundPersistenceSystem.cs(194,25): warning CS0618: 'IMapManager.CreateMap(MapId?)' is obsolete: 'Use MapSystem' [F:\Floofdev\HardLight\Content.Server\Content.Server.csproj]
F:\Floofdev\HardLight\Content.Server\_HL\RoundPersistence\Systems\RoundPersistenceSystem.cs(365,24): warning CS0618: 'TransformComponent.WorldPosition' is obsolete: 'Use the system method instead' [F:\Floofdev\HardLight\Content.Server\Content.Server.csproj]
F:\Floofdev\HardLight\Content.Server\_Hardlight\Drugs\PacketSealingSystem.cs(88,13): warning CS0618: 'TransformComponent.Coordinates.set' is obsolete: 'Use the system's setter method instead.' [F:\Floofdev\HardLight\Content.Server\Content.Server.csproj]
F:\Floofdev\HardLight\Content.Server\_Hardlight\Drugs\PacketSealingSystem.cs(112,13): warning CS0618: 'SharedContainerSystem.TryGetContainingContainer(EntityUid, out BaseContainer?, MetaDataComponent?, TransformComponent?)' is obsolete: 'Use Entity<T> variant' [F:\Floofdev\HardLight\Content.Server\Content.Server.csproj]
F:\Floofdev\HardLight\Content.Server\_Hardlight\Drugs\PacketSealingSystem.cs(149,9): warning CS0618: 'TransformComponent.Coordinates.set' is obsolete: 'Use the system's setter method instead.' [F:\Floofdev\HardLight\Content.Server\Content.Server.csproj]
F:\Floofdev\HardLight\Content.Server\_EinsteinEngines\Silicon\EmitBuzzOnCrit\EmitBuzzWhileDamagedSystem.cs(54,64): warning CS0618: 'AudioHelpers.WithVariation(float, IRobustRandom?)' is obsolete: 'Use AudioParams.Variation data-field' [F:\Floofdev\HardLight\Content.Server\Content.Server.csproj]
F:\Floofdev\HardLight\Content.Server\_EinsteinEngines\Silicon\DeadStartupButton\DeadStartupButtonSystem.cs(54,49): warning CS0618: 'AudioHelpers.WithVariation(float, IRobustRandom?)' is obsolete: 'Use AudioParams.Variation data-field' [F:\Floofdev\HardLight\Content.Server\Content.Server.csproj]
F:\Floofdev\HardLight\Content.Server\_EinsteinEngines\Power\Systems\BatteryDrinkerSystem.cs(112,13): warning CS8073: The result of the expression is always 'false' since a value of type 'EntityUid' is never equal to 'null' of type 'EntityUid?' [F:\Floofdev\HardLight\Content.Server\Content.Server.csproj]
F:\Floofdev\HardLight\Content.Server\Atmos\Serialization\TileAtmosCollectionSerializer.cs(51,25): warning CS0618: 'Logger.Error(string)' is obsolete: 'Use ISawmill.Error' [F:\Floofdev\HardLight\Content.Server\Content.Server.csproj]
F:\Floofdev\HardLight\Content.Server\Atmos\Serialization\TileAtmosCollectionSerializer.cs(94,37): warning CS0618: 'Logger.Error(string)' is obsolete: 'Use ISawmill.Error' [F:\Floofdev\HardLight\Content.Server\Content.Server.csproj]
F:\Floofdev\HardLight\Content.Server\Atmos\Commands\SetMapAtmosCommand.cs(31,19): warning CS0618: 'IMapManager.GetMapEntityId(MapId)' is obsolete: 'Use MapSystem' [F:\Floofdev\HardLight\Content.Server\Content.Server.csproj]
F:\Floofdev\HardLight\Content.Server\Atmos\Components\AtmosPlaqueComponent.cs(17,93): warning CS0618: 'Component.Owner' is obsolete: 'Update your API to allow accessing Owner through other means' [F:\Floofdev\HardLight\Content.Server\Content.Server.csproj]
F:\Floofdev\HardLight\Content.Server\Atmos\Piping\EntitySystems\AtmosPipeAppearanceSystem.cs(57,20): warning CS0618: 'MapGridComponent.TileIndicesFor(EntityCoordinates)' is obsolete: 'Use the MapSystem method' [F:\Floofdev\HardLight\Content.Server\Content.Server.csproj]
F:\Floofdev\HardLight\Content.Server\Atmos\Piping\EntitySystems\AtmosPipeAppearanceSystem.cs(60,29): warning CS0618: 'MapGridComponent.TileIndicesFor(EntityCoordinates)' is obsolete: 'Use the MapSystem method' [F:\Floofdev\HardLight\Content.Server\Content.Server.csproj]
F:\Floofdev\HardLight\Content.Server\Atmos\Piping\Components\AtmosPipeColorComponent.cs(16,93): warning CS0618: 'Component.Owner' is obsolete: 'Update your API to allow accessing Owner through other means' [F:\Floofdev\HardLight\Content.Server\Content.Server.csproj]
F:\Floofdev\HardLight\Content.Server\Atmos\EntitySystems\FlammableSystem.cs(415,13): warning CS0618: 'TimerExtensions.SpawnTimer(EntityUid, int, Action, CancellationToken)' is obsolete: 'Use a system update loop instead' [F:\Floofdev\HardLight\Content.Server\Content.Server.csproj]
F:\Floofdev\HardLight\Content.Server\Atmos\EntitySystems\AtmosphereSystem.HighPressureDelta.cs(111,36): warning CS0618: 'ResolvedSoundSpecifier.implicit operator ResolvedSoundSpecifier(string)' is obsolete: 'String literals for sounds are deprecated, use a SoundSpecifier or ResolvedSoundSpecifier as appropriate instead' [F:\Floofdev\HardLight\Content.Server\Content.Server.csproj]
F:\Floofdev\HardLight\Content.Server\Atmos\EntitySystems\AtmosphereSystem.Hotspot.cs(115,32): warning CS0618: 'ResolvedSoundSpecifier.implicit operator ResolvedSoundSpecifier(string)' is obsolete: 'String literals for sounds are deprecated, use a SoundSpecifier or ResolvedSoundSpecifier as appropriate instead' [F:\Floofdev\HardLight\Content.Server\Content.Server.csproj]
F:\Floofdev\HardLight\Content.Server\Atmos\EntitySystems\AtmosphereSystem.Utils.cs(112,14): warning CS0618: 'MapGridComponent.TryGetTileRef(Vector2i, out TileRef)' is obsolete: 'Use the MapSystem method' [F:\Floofdev\HardLight\Content.Server\Content.Server.csproj]
F:\Floofdev\HardLight\Content.Server\Worldgen\Systems\Debris\SimpleFloorPlanPopulatorSystem.cs(32,26): warning CS0618: 'MapGridComponent.GridTileToLocal(Vector2i)' is obsolete: 'Use the MapSystem method' [F:\Floofdev\HardLight\Content.Server\Content.Server.csproj]
F:\Floofdev\HardLight\Content.Server\Weather\WeatherSystem.cs(46,14): warning CS0618: 'IMapManager.MapExists(MapId?)' is obsolete: 'Use MapSystem' [F:\Floofdev\HardLight\Content.Server\Content.Server.csproj]
F:\Floofdev\HardLight\Content.Server\Standing\StandingStateSystem.cs(28,29): warning CS0618: 'TransformComponent.WorldRotation' is obsolete: 'Use the system method instead' [F:\Floofdev\HardLight\Content.Server\Content.Server.csproj]
F:\Floofdev\HardLight\Content.Server\Station\Systems\StationBiomeSystem.cs(31,22): warning CS0618: 'IMapManager.GetMapEntityId(MapId)' is obsolete: 'Use MapSystem' [F:\Floofdev\HardLight\Content.Server\Content.Server.csproj]
F:\Floofdev\HardLight\Content.Server\Spider\SpiderSystem.cs(69,32): warning CS0618: 'TurfHelpers.GetEntitiesInTile(EntityCoordinates, LookupFlags, EntityLookupSystem?)' is obsolete: 'Use the lookup system' [F:\Floofdev\HardLight\Content.Server\Content.Server.csproj]
F:\Floofdev\HardLight\Content.Server\Spawners\EntitySystems\SpawnerSystem.cs(22,9): warning CS0618: 'TimerExtensions.SpawnRepeatingTimer(EntityUid, TimeSpan, Action, CancellationToken)' is obsolete: 'Use a system update loop instead' [F:\Floofdev\HardLight\Content.Server\Content.Server.csproj]
F:\Floofdev\HardLight\Content.Server\Silicons\StationAi\AiVisionWireAction.cs(26,32): warning CS0618: 'Component.Owner' is obsolete: 'Update your API to allow accessing Owner through other means' [F:\Floofdev\HardLight\Content.Server\Content.Server.csproj]
F:\Floofdev\HardLight\Content.Server\Silicons\StationAi\AiVisionWireAction.cs(32,32): warning CS0618: 'Component.Owner' is obsolete: 'Update your API to allow accessing Owner through other means' [F:\Floofdev\HardLight\Content.Server\Content.Server.csproj]
F:\Floofdev\HardLight\Content.Server\Silicons\StationAi\AiInteractWireAction.cs(25,35): warning CS0618: 'Component.Owner' is obsolete: 'Update your API to allow accessing Owner through other means' [F:\Floofdev\HardLight\Content.Server\Content.Server.csproj]
F:\Floofdev\HardLight\Content.Server\Silicons\StationAi\AiInteractWireAction.cs(31,35): warning CS0618: 'Component.Owner' is obsolete: 'Update your API to allow accessing Owner through other means' [F:\Floofdev\HardLight\Content.Server\Content.Server.csproj]
F:\Floofdev\HardLight\Content.Server\Singularity\EntitySystems\EventHorizonSystem.cs(292,40): warning CS0618: 'MapGridComponent.GetAnchoredEntities(Vector2i)' is obsolete: 'Use the MapSystem method' [F:\Floofdev\HardLight\Content.Server\Content.Server.csproj]
F:\Floofdev\HardLight\Content.Server\Shuttles\Systems\ShuttleSystem.FasterThanLight.cs(576,9): warning CS0618: 'IMapManager.SetMapPaused(MapId, bool)' is obsolete: 'Use MapSystem' [F:\Floofdev\HardLight\Content.Server\Content.Server.csproj]
F:\Floofdev\HardLight\Content.Server\RoundEnd\RoundEndSystem.cs(193,31): warning CS0618: 'ResolvedSoundSpecifier.implicit operator ResolvedSoundSpecifier(string)' is obsolete: 'String literals for sounds are deprecated, use a SoundSpecifier or ResolvedSoundSpecifier as appropriate instead' [F:\Floofdev\HardLight\Content.Server\Content.Server.csproj]
F:\Floofdev\HardLight\Content.Server\RoundEnd\RoundEndSystem.cs(241,31): warning CS0618: 'ResolvedSoundSpecifier.implicit operator ResolvedSoundSpecifier(string)' is obsolete: 'String literals for sounds are deprecated, use a SoundSpecifier or ResolvedSoundSpecifier as appropriate instead' [F:\Floofdev\HardLight\Content.Server\Content.Server.csproj]
F:\Floofdev\HardLight\Content.Server\Salvage\SalvageSystem.ExpeditionConsole.cs(207,9): warning CS0618: 'TimerExtensions.SpawnTimer(EntityUid, TimeSpan, Action, CancellationToken)' is obsolete: 'Use a system update loop instead' [F:\Floofdev\HardLight\Content.Server\Content.Server.csproj]
F:\Floofdev\HardLight\Content.Server\Radiation\Systems\RadiationSystem.Blockers.cs(111,23): warning CS0618: 'MapGridComponent.TileIndicesFor(EntityCoordinates)' is obsolete: 'Use the MapSystem method' [F:\Floofdev\HardLight\Content.Server\Content.Server.csproj]
F:\Floofdev\HardLight\Content.Server\Salvage\SalvageSystem.ExpeditionConsole.cs(294,9): warning CS0618: 'TimerExtensions.SpawnTimer(EntityUid, TimeSpan, Action, CancellationToken)' is obsolete: 'Use a system update loop instead' [F:\Floofdev\HardLight\Content.Server\Content.Server.csproj]
F:\Floofdev\HardLight\Content.Server\Shuttles\Systems\EmergencyShuttleSystem.Console.cs(308,31): warning CS0618: 'ResolvedSoundSpecifier.implicit operator ResolvedSoundSpecifier(string)' is obsolete: 'String literals for sounds are deprecated, use a SoundSpecifier or ResolvedSoundSpecifier as appropriate instead' [F:\Floofdev\HardLight\Content.Server\Content.Server.csproj]
F:\Floofdev\HardLight\Content.Server\Shuttles\Systems\EmergencyShuttleSystem.Console.cs(412,27): warning CS0618: 'ResolvedSoundSpecifier.implicit operator ResolvedSoundSpecifier(string)' is obsolete: 'String literals for sounds are deprecated, use a SoundSpecifier or ResolvedSoundSpecifier as appropriate instead' [F:\Floofdev\HardLight\Content.Server\Content.Server.csproj]
F:\Floofdev\HardLight\Content.Server\Salvage\SalvageSystem.Magnet.cs(50,9): warning CS4014: Because this call is not awaited, execution of the current method continues before the call is completed. Consider applying the 'await' operator to the result of the call. [F:\Floofdev\HardLight\Content.Server\Content.Server.csproj]
F:\Floofdev\HardLight\Content.Server\Shuttles\Systems\EmergencyShuttleSystem.cs(342,31): warning CS0618: 'ResolvedSoundSpecifier.implicit operator ResolvedSoundSpecifier(string)' is obsolete: 'String literals for sounds are deprecated, use a SoundSpecifier or ResolvedSoundSpecifier as appropriate instead' [F:\Floofdev\HardLight\Content.Server\Content.Server.csproj]
F:\Floofdev\HardLight\Content.Server\Shuttles\Systems\EmergencyShuttleSystem.cs(401,27): warning CS0618: 'ResolvedSoundSpecifier.implicit operator ResolvedSoundSpecifier(string)' is obsolete: 'String literals for sounds are deprecated, use a SoundSpecifier or ResolvedSoundSpecifier as appropriate instead' [F:\Floofdev\HardLight\Content.Server\Content.Server.csproj]
F:\Floofdev\HardLight\Content.Server\Salvage\SalvageSystem.Magnet.cs(432,17): warning CS0612: 'IMapManager.FindGridsIntersecting(MapId, Box2Rotated, bool, bool)' is obsolete [F:\Floofdev\HardLight\Content.Server\Content.Server.csproj]
F:\Floofdev\HardLight\Content.Server\Salvage\SalvageSystem.Runner.cs(84,13): warning CS0618: 'IMapManager.GetMapEntityId(MapId)' is obsolete: 'Use MapSystem' [F:\Floofdev\HardLight\Content.Server\Content.Server.csproj]
F:\Floofdev\HardLight\Content.Server\Salvage\SalvageSystem.Runner.cs(408,17): warning CS0618: 'TimerExtensions.SpawnTimer(EntityUid, TimeSpan, Action, CancellationToken)' is obsolete: 'Use a system update loop instead' [F:\Floofdev\HardLight\Content.Server\Content.Server.csproj]
F:\Floofdev\HardLight\Content.Server\Shuttles\ShipSerializationSystem.cs(125,30): warning CS0618: 'Component.Owner' is obsolete: 'Update your API to allow accessing Owner through other means' [F:\Floofdev\HardLight\Content.Server\Content.Server.csproj]
F:\Floofdev\HardLight\Content.Server\Shuttles\ShipSerializationSystem.cs(298,39): warning CS0618: 'Component.Owner' is obsolete: 'Update your API to allow accessing Owner through other means' [F:\Floofdev\HardLight\Content.Server\Content.Server.csproj]
F:\Floofdev\HardLight\Content.Server\Shuttles\ShipSerializationSystem.cs(299,13): warning CS0618: 'TransformComponent.WorldPosition' is obsolete: 'Use the system method instead' [F:\Floofdev\HardLight\Content.Server\Content.Server.csproj]
F:\Floofdev\HardLight\Content.Server\Shuttles\ShipSerializationSystem.cs(330,30): warning CS0618: 'Component.Owner' is obsolete: 'Update your API to allow accessing Owner through other means' [F:\Floofdev\HardLight\Content.Server\Content.Server.csproj]
F:\Floofdev\HardLight\Content.Server\Shuttles\ShipSerializationSystem.cs(336,42): warning CS0618: 'Component.Owner' is obsolete: 'Update your API to allow accessing Owner through other means' [F:\Floofdev\HardLight\Content.Server\Content.Server.csproj]
F:\Floofdev\HardLight\Content.Server\Shuttles\ShipSerializationSystem.cs(348,72): warning CS0618: 'Component.Owner' is obsolete: 'Update your API to allow accessing Owner through other means' [F:\Floofdev\HardLight\Content.Server\Content.Server.csproj]
F:\Floofdev\HardLight\Content.Server\Shuttles\ShipSerializationSystem.cs(355,69): warning CS0618: 'Component.Owner' is obsolete: 'Update your API to allow accessing Owner through other means' [F:\Floofdev\HardLight\Content.Server\Content.Server.csproj]
F:\Floofdev\HardLight\Content.Server\Shuttles\ShipSerializationSystem.cs(398,24): warning CS0618: 'Component.Owner' is obsolete: 'Update your API to allow accessing Owner through other means' [F:\Floofdev\HardLight\Content.Server\Content.Server.csproj]
F:\Floofdev\HardLight\Content.Server\Shuttles\ShipSerializationSystem.cs(422,61): warning CS0618: 'Component.Owner' is obsolete: 'Update your API to allow accessing Owner through other means' [F:\Floofdev\HardLight\Content.Server\Content.Server.csproj]
F:\Floofdev\HardLight\Content.Server\Shuttles\ShipSerializationSystem.cs(450,65): warning CS0618: 'Component.Owner' is obsolete: 'Update your API to allow accessing Owner through other means' [F:\Floofdev\HardLight\Content.Server\Content.Server.csproj]
F:\Floofdev\HardLight\Content.Server\Shuttles\ShipSerializationSystem.cs(500,20): warning CS0618: 'Component.Owner' is obsolete: 'Update your API to allow accessing Owner through other means' [F:\Floofdev\HardLight\Content.Server\Content.Server.csproj]
F:\Floofdev\HardLight\Content.Server\Preferences\Managers\ServerPreferencesManager.cs(55,17): warning CS0618: 'Logger.WarningS(string, string)' is obsolete: 'Use ISawmill.Warning' [F:\Floofdev\HardLight\Content.Server\Content.Server.csproj]
F:\Floofdev\HardLight\Content.Server\Preferences\Managers\ServerPreferencesManager.cs(125,17): warning CS0618: 'Logger.WarningS(string, string)' is obsolete: 'Use ISawmill.Warning' [F:\Floofdev\HardLight\Content.Server\Content.Server.csproj]
F:\Floofdev\HardLight\Content.Server\Procedural\DungeonSystem.Rooms.cs(126,30): warning CS0618: 'IMapManager.GetMapEntityId(MapId)' is obsolete: 'Use MapSystem' [F:\Floofdev\HardLight\Content.Server\Content.Server.csproj]
F:\Floofdev\HardLight\Content.Server\Shuttles\ShipSerializationSystem.cs(522,47): warning CS0618: 'Component.Owner' is obsolete: 'Update your API to allow accessing Owner through other means' [F:\Floofdev\HardLight\Content.Server\Content.Server.csproj]
F:\Floofdev\HardLight\Content.Server\Shuttles\ShipSerializationSystem.cs(553,30): warning CS0618: 'Component.Owner' is obsolete: 'Update your API to allow accessing Owner through other means' [F:\Floofdev\HardLight\Content.Server\Content.Server.csproj]
F:\Floofdev\HardLight\Content.Server\Shuttles\ShipSerializationSystem.cs(559,42): warning CS0618: 'Component.Owner' is obsolete: 'Update your API to allow accessing Owner through other means' [F:\Floofdev\HardLight\Content.Server\Content.Server.csproj]
F:\Floofdev\HardLight\Content.Server\Shuttles\ShipSerializationSystem.cs(571,72): warning CS0618: 'Component.Owner' is obsolete: 'Update your API to allow accessing Owner through other means' [F:\Floofdev\HardLight\Content.Server\Content.Server.csproj]
F:\Floofdev\HardLight\Content.Server\Shuttles\ShipSerializationSystem.cs(578,69): warning CS0618: 'Component.Owner' is obsolete: 'Update your API to allow accessing Owner through other means' [F:\Floofdev\HardLight\Content.Server\Content.Server.csproj]
F:\Floofdev\HardLight\Content.Server\Shuttles\ShipSerializationSystem.cs(621,61): warning CS0618: 'Component.Owner' is obsolete: 'Update your API to allow accessing Owner through other means' [F:\Floofdev\HardLight\Content.Server\Content.Server.csproj]
F:\Floofdev\HardLight\Content.Server\Shuttles\ShipSerializationSystem.cs(641,20): warning CS0618: 'Component.Owner' is obsolete: 'Update your API to allow accessing Owner through other means' [F:\Floofdev\HardLight\Content.Server\Content.Server.csproj]
F:\Floofdev\HardLight\Content.Server\Shuttles\ShipSerializationSystem.cs(1122,38): warning CS0168: The variable 'ex' is declared but never used [F:\Floofdev\HardLight\Content.Server\Content.Server.csproj]
F:\Floofdev\HardLight\Content.Server\Shuttles\ShipSerializationSystem.cs(1152,30): warning CS0168: The variable 'ex' is declared but never used [F:\Floofdev\HardLight\Content.Server\Content.Server.csproj]
F:\Floofdev\HardLight\Content.Server\Shuttles\ShipSerializationSystem.cs(1455,22): warning CS0612: 'ContainerManagerComponent.TryGetContainer(string, out BaseContainer?)' is obsolete [F:\Floofdev\HardLight\Content.Server\Content.Server.csproj]
F:\Floofdev\HardLight\Content.Server\Shuttles\ShipSerializationSystem.cs(1551,33): warning CS0618: 'EntityCoordinates.ToMap(IEntityManager, SharedTransformSystem)' is obsolete: 'Use SharedTransformSystem.ToMapCoordinates()' [F:\Floofdev\HardLight\Content.Server\Content.Server.csproj]
F:\Floofdev\HardLight\Content.Server\Shuttles\ShipSerializationSystem.cs(1640,61): warning CS0618: 'Component.Owner' is obsolete: 'Update your API to allow accessing Owner through other means' [F:\Floofdev\HardLight\Content.Server\Content.Server.csproj]
F:\Floofdev\HardLight\Content.Server\Shuttles\Save\ShipSaveSystem.cs(49,17): warning CS0618: 'Logger.Warning(string)' is obsolete: 'Use ISawmill.Warning' [F:\Floofdev\HardLight\Content.Server\Content.Server.csproj]
F:\Floofdev\HardLight\Content.Server\Shuttles\Save\ShipSaveSystem.cs(55,17): warning CS0618: 'Logger.Warning(string)' is obsolete: 'Use ISawmill.Warning' [F:\Floofdev\HardLight\Content.Server\Content.Server.csproj]
F:\Floofdev\HardLight\Content.Server\Shuttles\Save\ShipSaveSystem.cs(61,17): warning CS0618: 'Logger.Warning(string)' is obsolete: 'Use ISawmill.Warning' [F:\Floofdev\HardLight\Content.Server\Content.Server.csproj]
F:\Floofdev\HardLight\Content.Server\Shuttles\Save\ShipSaveSystem.cs(66,17): warning CS0618: 'Logger.Warning(string)' is obsolete: 'Use ISawmill.Warning' [F:\Floofdev\HardLight\Content.Server\Content.Server.csproj]
F:\Floofdev\HardLight\Content.Server\Shuttles\Save\ShipSaveSystem.cs(74,13): warning CS0618: 'Logger.Warning(string)' is obsolete: 'Use ISawmill.Warning' [F:\Floofdev\HardLight\Content.Server\Content.Server.csproj]
F:\Floofdev\HardLight\Content.Server\Shuttles\Save\ShipSaveSystem.cs(81,17): warning CS0618: 'Logger.Warning(string)' is obsolete: 'Use ISawmill.Warning' [F:\Floofdev\HardLight\Content.Server\Content.Server.csproj]
F:\Floofdev\HardLight\Content.Server\Shuttles\Save\ShipSaveSystem.cs(87,17): warning CS0618: 'Logger.Warning(string)' is obsolete: 'Use ISawmill.Warning' [F:\Floofdev\HardLight\Content.Server\Content.Server.csproj]
F:\Floofdev\HardLight\Content.Server\Shuttles\Save\ShipSaveSystem.cs(93,17): warning CS0618: 'Logger.Warning(string)' is obsolete: 'Use ISawmill.Warning' [F:\Floofdev\HardLight\Content.Server\Content.Server.csproj]
F:\Floofdev\HardLight\Content.Server\Shuttles\Save\ShipSaveSystem.cs(101,13): warning CS0618: 'Logger.Warning(string)' is obsolete: 'Use ISawmill.Warning' [F:\Floofdev\HardLight\Content.Server\Content.Server.csproj]
F:\Floofdev\HardLight\Content.Server\Shuttles\Save\ShipSaveSystem.cs(111,13): warning CS0618: 'Logger.Info(string)' is obsolete: 'Use ISawmill.Info' [F:\Floofdev\HardLight\Content.Server\Content.Server.csproj]
F:\Floofdev\HardLight\Content.Server\Shuttles\Save\ShipSaveSystem.cs(125,13): warning CS0618: 'Logger.Info(string)' is obsolete: 'Use ISawmill.Info' [F:\Floofdev\HardLight\Content.Server\Content.Server.csproj]
F:\Floofdev\HardLight\Content.Server\Power\Nodes\CableTerminalPortNode.cs(20,29): warning CS0618: 'MapGridComponent.TileIndicesFor(EntityCoordinates)' is obsolete: 'Use the MapSystem method' [F:\Floofdev\HardLight\Content.Server\Content.Server.csproj]
F:\Floofdev\HardLight\Content.Server\Procedural\DungeonJob\DungeonJob.OreDunGen.cs(25,13): warning CS0219: The variable 'emptyTiles' is assigned but its value is never used [F:\Floofdev\HardLight\Content.Server\Content.Server.csproj]
F:\Floofdev\HardLight\Content.Server\Power\Nodes\CableTerminalNode.cs(20,29): warning CS0618: 'MapGridComponent.TileIndicesFor(EntityCoordinates)' is obsolete: 'Use the MapSystem method' [F:\Floofdev\HardLight\Content.Server\Content.Server.csproj]
F:\Floofdev\HardLight\Content.Server\Power\Nodes\CableNode.cs(20,29): warning CS0618: 'MapGridComponent.TileIndicesFor(EntityCoordinates)' is obsolete: 'Use the MapSystem method' [F:\Floofdev\HardLight\Content.Server\Content.Server.csproj]
F:\Floofdev\HardLight\Content.Server\Power\Nodes\CableDeviceNode.cs(42,29): warning CS0618: 'MapGridComponent.TileIndicesFor(EntityCoordinates)' is obsolete: 'Use the MapSystem method' [F:\Floofdev\HardLight\Content.Server\Content.Server.csproj]
F:\Floofdev\HardLight\Content.Server\Power\NodeGroups\PowerNet.cs(52,77): warning CS0618: 'Component.Owner' is obsolete: 'Update your API to allow accessing Owner through other means' [F:\Floofdev\HardLight\Content.Server\Content.Server.csproj]
F:\Floofdev\HardLight\Content.Server\Power\NodeGroups\PowerNet.cs(65,40): warning CS0618: 'Component.Owner' is obsolete: 'Update your API to allow accessing Owner through other means' [F:\Floofdev\HardLight\Content.Server\Content.Server.csproj]
F:\Floofdev\HardLight\Content.Server\Power\NodeGroups\PowerNet.cs(81,77): warning CS0618: 'Component.Owner' is obsolete: 'Update your API to allow accessing Owner through other means' [F:\Floofdev\HardLight\Content.Server\Content.Server.csproj]
F:\Floofdev\HardLight\Content.Server\Power\NodeGroups\PowerNet.cs(94,40): warning CS0618: 'Component.Owner' is obsolete: 'Update your API to allow accessing Owner through other means' [F:\Floofdev\HardLight\Content.Server\Content.Server.csproj]
F:\Floofdev\HardLight\Content.Server\Power\Generation\Teg\TegNodeGroup.cs(189,25): warning CS0618: 'MapGridComponent.TileIndicesFor(EntityCoordinates)' is obsolete: 'Use the MapSystem method' [F:\Floofdev\HardLight\Content.Server\Content.Server.csproj]
F:\Floofdev\HardLight\Content.Server\Power\Generation\Teg\TegNodeGroup.cs(137,25): warning CS0618: 'MapGridComponent.TileIndicesFor(EntityCoordinates)' is obsolete: 'Use the MapSystem method' [F:\Floofdev\HardLight\Content.Server\Content.Server.csproj]
F:\Floofdev\HardLight\Content.Server\Power\EntitySystems\PowerReceiverSystem.cs(83,31): warning CS0618: 'Component.Owner' is obsolete: 'Update your API to allow accessing Owner through other means' [F:\Floofdev\HardLight\Content.Server\Content.Server.csproj]
F:\Floofdev\HardLight\Content.Server\Power\EntitySystems\PowerNetSystem.cs(473,60): warning CS0618: 'Component.Owner' is obsolete: 'Update your API to allow accessing Owner through other means' [F:\Floofdev\HardLight\Content.Server\Content.Server.csproj]
F:\Floofdev\HardLight\Content.Server\Power\EntitySystems\PowerNetSystem.cs(494,57): warning CS0618: 'Component.Owner' is obsolete: 'Update your API to allow accessing Owner through other means' [F:\Floofdev\HardLight\Content.Server\Content.Server.csproj]
F:\Floofdev\HardLight\Content.Server\Power\EntitySystems\PowerNetSystem.cs(501,57): warning CS0618: 'Component.Owner' is obsolete: 'Update your API to allow accessing Owner through other means' [F:\Floofdev\HardLight\Content.Server\Content.Server.csproj]
F:\Floofdev\HardLight\Content.Server\Power\EntitySystems\PowerMonitoringConsoleSystem.cs(529,23): warning CS0618: 'Component.Owner' is obsolete: 'Update your API to allow accessing Owner through other means' [F:\Floofdev\HardLight\Content.Server\Content.Server.csproj]
F:\Floofdev\HardLight\Content.Server\Power\EntitySystems\PowerMonitoringConsoleSystem.cs(556,23): warning CS0618: 'Component.Owner' is obsolete: 'Update your API to allow accessing Owner through other means' [F:\Floofdev\HardLight\Content.Server\Content.Server.csproj]
F:\Floofdev\HardLight\Content.Server\Power\EntitySystems\PowerMonitoringConsoleSystem.cs(594,23): warning CS0618: 'Component.Owner' is obsolete: 'Update your API to allow accessing Owner through other means' [F:\Floofdev\HardLight\Content.Server\Content.Server.csproj]
F:\Floofdev\HardLight\Content.Server\Power\EntitySystems\PowerMonitoringConsoleSystem.cs(643,23): warning CS0618: 'Component.Owner' is obsolete: 'Update your API to allow accessing Owner through other means' [F:\Floofdev\HardLight\Content.Server\Content.Server.csproj]
F:\Floofdev\HardLight\Content.Server\Power\EntitySystems\PowerMonitoringConsoleSystem.cs(670,23): warning CS0618: 'Component.Owner' is obsolete: 'Update your API to allow accessing Owner through other means' [F:\Floofdev\HardLight\Content.Server\Content.Server.csproj]
F:\Floofdev\HardLight\Content.Server\ParticleAccelerator\EntitySystems\ParticleAcceleratorSystem.ControlBox.cs(183,39): warning CS0618: 'ResolvedSoundSpecifier.implicit operator ResolvedSoundSpecifier(string)' is obsolete: 'String literals for sounds are deprecated, use a SoundSpecifier or ResolvedSoundSpecifier as appropriate instead' [F:\Floofdev\HardLight\Content.Server\Content.Server.csproj]
F:\Floofdev\HardLight\Content.Server\Parallax\BiomeSystem.cs(260,28): warning CS0618: 'IMapManager.GetMapEntityId(MapId)' is obsolete: 'Use MapSystem' [F:\Floofdev\HardLight\Content.Server\Content.Server.csproj]
F:\Floofdev\HardLight\Content.Server\Power\EntitySystems\CableVisSystem.cs(34,24): warning CS0618: 'MapGridComponent.TileIndicesFor(EntityCoordinates)' is obsolete: 'Use the MapSystem method' [F:\Floofdev\HardLight\Content.Server\Content.Server.csproj]
F:\Floofdev\HardLight\Content.Server\Power\EntitySystems\CableVisSystem.cs(42,33): warning CS0618: 'MapGridComponent.TileIndicesFor(EntityCoordinates)' is obsolete: 'Use the MapSystem method' [F:\Floofdev\HardLight\Content.Server\Content.Server.csproj]
F:\Floofdev\HardLight\Content.Server\Parallax\BiomeSystem.cs(969,32): warning CS0618: 'MapGridComponent.GetAnchoredEntitiesEnumerator(Vector2i)' is obsolete: 'Use the MapSystem method' [F:\Floofdev\HardLight\Content.Server\Content.Server.csproj]
F:\Floofdev\HardLight\Content.Server\Objectives\Systems\StealConditionSystem.cs(115,43): warning CS0618: 'Component.Owner' is obsolete: 'Update your API to allow accessing Owner through other means' [F:\Floofdev\HardLight\Content.Server\Content.Server.csproj]
F:\Floofdev\HardLight\Content.Server\StationEvents\EventManagerSystem.cs(305,13): warning CS0618: 'EntityPrototype.TryGetComponent<T>(out T?)' is obsolete: 'Pass in IComponentFactory' [F:\Floofdev\HardLight\Content.Server\Content.Server.csproj]
F:\Floofdev\HardLight\Content.Server\Power\Components\PowerMonitoringDeviceComponent.cs(61,51): warning CS0618: 'Component.Owner' is obsolete: 'Update your API to allow accessing Owner through other means' [F:\Floofdev\HardLight\Content.Server\Content.Server.csproj]
F:\Floofdev\HardLight\Content.Server\Power\Components\CableComponent.cs(45,32): warning CS0618: 'Component.Owner' is obsolete: 'Update your API to allow accessing Owner through other means' [F:\Floofdev\HardLight\Content.Server\Content.Server.csproj]
F:\Floofdev\HardLight\Content.Server\Power\Components\BaseNetConnectorComponent.cs(59,41): warning CS0618: 'Component.Owner' is obsolete: 'Update your API to allow accessing Owner through other means' [F:\Floofdev\HardLight\Content.Server\Content.Server.csproj]
F:\Floofdev\HardLight\Content.Server\Power\Components\ApcComponent.cs(41,23): warning CS0618: 'Component.Owner' is obsolete: 'Update your API to allow accessing Owner through other means' [F:\Floofdev\HardLight\Content.Server\Content.Server.csproj]
F:\Floofdev\HardLight\Content.Server\Power\Components\ApcComponent.cs(46,26): warning CS0618: 'Component.Owner' is obsolete: 'Update your API to allow accessing Owner through other means' [F:\Floofdev\HardLight\Content.Server\Content.Server.csproj]
F:\Floofdev\HardLight\Content.Server\StationEvents\Events\ImmovableRodRule.cs(38,31): warning CS0618: 'EntityCoordinates.ToMap(IEntityManager, SharedTransformSystem)' is obsolete: 'Use SharedTransformSystem.ToMapCoordinates()' [F:\Floofdev\HardLight\Content.Server\Content.Server.csproj]
F:\Floofdev\HardLight\Content.Server\Nyanotrasen\Psionics\PsionicsSystem.cs(76,42): warning CS0618: 'ResolvedSoundSpecifier.implicit operator ResolvedSoundSpecifier(string)' is obsolete: 'String literals for sounds are deprecated, use a SoundSpecifier or ResolvedSoundSpecifier as appropriate instead' [F:\Floofdev\HardLight\Content.Server\Content.Server.csproj]
F:\Floofdev\HardLight\Content.Server\Nyanotrasen\Psionics\PsionicsCommands.cs(37,58): warning CS0618: 'Component.Owner' is obsolete: 'Update your API to allow accessing Owner through other means' [F:\Floofdev\HardLight\Content.Server\Content.Server.csproj]
F:\Floofdev\HardLight\Content.Server\Nyanotrasen\Psionics\Glimmer\Structures\GlimmerStructuresSystem.cs(62,53): warning CS0618: 'Component.Owner' is obsolete: 'Update your API to allow accessing Owner through other means' [F:\Floofdev\HardLight\Content.Server\Content.Server.csproj]
F:\Floofdev\HardLight\Content.Server\StationEvents\Events\BluespaceLockerRule.cs(33,50): warning CS0618: 'EntityCoordinates.GetGridUid(IEntityManager)' is obsolete: 'Use SharedTransformSystem.GetGrid()' [F:\Floofdev\HardLight\Content.Server\Content.Server.csproj]
F:\Floofdev\HardLight\Content.Server\Nyanotrasen\StationEvents\Events\NoosphericFryRule.cs(68,26): warning CS0618: 'Component.Owner' is obsolete: 'Update your API to allow accessing Owner through other means' [F:\Floofdev\HardLight\Content.Server\Content.Server.csproj]
F:\Floofdev\HardLight\Content.Server\Nyanotrasen\StationEvents\Events\NoosphericFryRule.cs(70,85): warning CS0618: 'Component.Owner' is obsolete: 'Update your API to allow accessing Owner through other means' [F:\Floofdev\HardLight\Content.Server\Content.Server.csproj]
F:\Floofdev\HardLight\Content.Server\Nyanotrasen\StationEvents\Events\NoosphericFryRule.cs(70,128): warning CS0618: 'Component.Owner' is obsolete: 'Update your API to allow accessing Owner through other means' [F:\Floofdev\HardLight\Content.Server\Content.Server.csproj]
F:\Floofdev\HardLight\Content.Server\Nyanotrasen\StationEvents\Events\NoosphericFryRule.cs(71,70): warning CS0618: 'Component.Owner' is obsolete: 'Update your API to allow accessing Owner through other means' [F:\Floofdev\HardLight\Content.Server\Content.Server.csproj]
F:\Floofdev\HardLight\Content.Server\Nyanotrasen\StationEvents\Events\NoosphericFryRule.cs(71,38): warning CS0618: 'ResolvedSoundSpecifier.implicit operator ResolvedSoundSpecifier(string)' is obsolete: 'String literals for sounds are deprecated, use a SoundSpecifier or ResolvedSoundSpecifier as appropriate instead' [F:\Floofdev\HardLight\Content.Server\Content.Server.csproj]
F:\Floofdev\HardLight\Content.Server\Nyanotrasen\StationEvents\Events\NoosphericFryRule.cs(74,88): warning CS0618: 'Component.Owner' is obsolete: 'Update your API to allow accessing Owner through other means' [F:\Floofdev\HardLight\Content.Server\Content.Server.csproj]
F:\Floofdev\HardLight\Content.Server\Nyanotrasen\StationEvents\Events\NoosphericFryRule.cs(74,131): warning CS0618: 'Component.Owner' is obsolete: 'Update your API to allow accessing Owner through other means' [F:\Floofdev\HardLight\Content.Server\Content.Server.csproj]
F:\Floofdev\HardLight\Content.Server\Nyanotrasen\StationEvents\Events\NoosphericFryRule.cs(75,70): warning CS0618: 'Component.Owner' is obsolete: 'Update your API to allow accessing Owner through other means' [F:\Floofdev\HardLight\Content.Server\Content.Server.csproj]
F:\Floofdev\HardLight\Content.Server\Nyanotrasen\StationEvents\Events\NoosphericFryRule.cs(75,38): warning CS0618: 'ResolvedSoundSpecifier.implicit operator ResolvedSoundSpecifier(string)' is obsolete: 'String literals for sounds are deprecated, use a SoundSpecifier or ResolvedSoundSpecifier as appropriate instead' [F:\Floofdev\HardLight\Content.Server\Content.Server.csproj]
F:\Floofdev\HardLight\Content.Server\Nyanotrasen\StationEvents\Events\NoosphericFryRule.cs(118,35): warning CS0618: 'MapGridComponent.TileIndicesFor(EntityCoordinates)' is obsolete: 'Use the MapSystem method' [F:\Floofdev\HardLight\Content.Server\Content.Server.csproj]
F:\Floofdev\HardLight\Content.Server\Nyanotrasen\Psionics\Glimmer\GlimmerReactiveSystem.cs(118,17): warning CS0618: 'Logger.Warning(string)' is obsolete: 'Use ISawmill.Warning' [F:\Floofdev\HardLight\Content.Server\Content.Server.csproj]
F:\Floofdev\HardLight\Content.Server\Nyanotrasen\Psionics\Glimmer\GlimmerReactiveSystem.cs(306,35): warning CS0618: 'MapGridComponent.TileIndicesFor(EntityCoordinates)' is obsolete: 'Use the MapSystem method' [F:\Floofdev\HardLight\Content.Server\Content.Server.csproj]
F:\Floofdev\HardLight\Content.Server\Nyanotrasen\Psionics\Glimmer\GlimmerReactiveSystem.cs(348,43): warning CS0618: 'Component.Owner' is obsolete: 'Update your API to allow accessing Owner through other means' [F:\Floofdev\HardLight\Content.Server\Content.Server.csproj]
F:\Floofdev\HardLight\Content.Server\Nyanotrasen\Psionics\Glimmer\GlimmerReactiveSystem.cs(349,41): warning CS0618: 'Component.Owner' is obsolete: 'Update your API to allow accessing Owner through other means' [F:\Floofdev\HardLight\Content.Server\Content.Server.csproj]
F:\Floofdev\HardLight\Content.Server\Nyanotrasen\Psionics\Glimmer\GlimmerReactiveSystem.cs(361,46): warning CS0618: 'Component.Owner' is obsolete: 'Update your API to allow accessing Owner through other means' [F:\Floofdev\HardLight\Content.Server\Content.Server.csproj]
F:\Floofdev\HardLight\Content.Server\Nyanotrasen\Psionics\Dreams\DreamSystem.cs(40,46): warning CS0618: 'Component.Owner' is obsolete: 'Update your API to allow accessing Owner through other means' [F:\Floofdev\HardLight\Content.Server\Content.Server.csproj]
F:\Floofdev\HardLight\Content.Server\Nyanotrasen\Psionics\Dreams\DreamSystem.cs(54,35): warning CS0618: 'Component.Owner' is obsolete: 'Update your API to allow accessing Owner through other means' [F:\Floofdev\HardLight\Content.Server\Content.Server.csproj]
F:\Floofdev\HardLight\Content.Server\Nyanotrasen\Psionics\InnatePsionicPowersSystem.cs(28,21): warning CS0618: 'IComponent.Owner' is obsolete: 'Update your API to allow accessing Owner through other means' [F:\Floofdev\HardLight\Content.Server\Content.Server.csproj]
F:\Floofdev\HardLight\Content.Server\Nyanotrasen\Psionics\InnatePsionicPowersSystem.cs(33,21): warning CS0618: 'Logger.Error(string)' is obsolete: 'Use ISawmill.Error' [F:\Floofdev\HardLight\Content.Server\Content.Server.csproj]
F:\Floofdev\HardLight\Content.Server\Nyanotrasen\StationEvents\Events\FreeProberRule.cs(66,35): warning CS0618: 'MapGridComponent.TileIndicesFor(EntityCoordinates)' is obsolete: 'Use the MapSystem method' [F:\Floofdev\HardLight\Content.Server\Content.Server.csproj]
F:\Floofdev\HardLight\Content.Server\Nyanotrasen\StationEvents\Events\FreeProberRule.cs(77,44): warning CS0618: 'MapGridComponent.GridTileToLocal(Vector2i)' is obsolete: 'Use the MapSystem method' [F:\Floofdev\HardLight\Content.Server\Content.Server.csproj]
F:\Floofdev\HardLight\Content.Server\Nyanotrasen\Chat\NyanoChatSystem.cs(104,52): warning CS0618: 'Component.Owner' is obsolete: 'Update your API to allow accessing Owner through other means' [F:\Floofdev\HardLight\Content.Server\Content.Server.csproj]
F:\Floofdev\HardLight\Content.Server\Nuke\NukeSystem.cs(52,56): warning CS0618: 'ResolvedSoundSpecifier.implicit operator ResolvedSoundSpecifier(string)' is obsolete: 'String literals for sounds are deprecated, use a SoundSpecifier or ResolvedSoundSpecifier as appropriate instead' [F:\Floofdev\HardLight\Content.Server\Content.Server.csproj]
F:\Floofdev\HardLight\Content.Server\NPC\Systems\NPCUtilitySystem.cs(234,21): warning CS0618: 'SharedContainerSystem.TryGetContainingContainer(EntityUid, out BaseContainer?, MetaDataComponent?, TransformComponent?)' is obsolete: 'Use Entity<T> variant' [F:\Floofdev\HardLight\Content.Server\Content.Server.csproj]
F:\Floofdev\HardLight\Content.Server\NodeContainer\Nodes\PortPipeNode.cs(18,29): warning CS0618: 'MapGridComponent.TileIndicesFor(EntityCoordinates)' is obsolete: 'Use the MapSystem method' [F:\Floofdev\HardLight\Content.Server\Content.Server.csproj]
F:\Floofdev\HardLight\Content.Server\NodeContainer\Nodes\PortablePipeNode.cs(18,29): warning CS0618: 'MapGridComponent.TileIndicesFor(EntityCoordinates)' is obsolete: 'Use the MapSystem method' [F:\Floofdev\HardLight\Content.Server\Content.Server.csproj]
F:\Floofdev\HardLight\Content.Server\NodeContainer\Nodes\PipeNode.cs(180,23): warning CS0618: 'MapGridComponent.TileIndicesFor(EntityCoordinates)' is obsolete: 'Use the MapSystem method' [F:\Floofdev\HardLight\Content.Server\Content.Server.csproj]
F:\Floofdev\HardLight\Content.Server\NodeContainer\Nodes\PipeNode.cs(220,36): warning CS0618: 'MapGridComponent.GetAnchoredEntities(Vector2i)' is obsolete: 'Use the MapSystem method' [F:\Floofdev\HardLight\Content.Server\Content.Server.csproj]
F:\Floofdev\HardLight\Content.Server\NodeContainer\Nodes\NodeHelpers.cs(14,39): warning CS0618: 'MapGridComponent.GetAnchoredEntities(Vector2i)' is obsolete: 'Use the MapSystem method' [F:\Floofdev\HardLight\Content.Server\Content.Server.csproj]
F:\Floofdev\HardLight\Content.Server\NodeContainer\Nodes\NodeHelpers.cs(52,37): warning CS0618: 'MapGridComponent.GetAnchoredEntities(Vector2i)' is obsolete: 'Use the MapSystem method' [F:\Floofdev\HardLight\Content.Server\Content.Server.csproj]
F:\Floofdev\HardLight\Content.Server\NodeContainer\Nodes\NodeHelpers.cs(56,33): warning CS0618: 'MapGridComponent.GetAnchoredEntities(Vector2i)' is obsolete: 'Use the MapSystem method' [F:\Floofdev\HardLight\Content.Server\Content.Server.csproj]
F:\Floofdev\HardLight\Content.Server\NodeContainer\Nodes\NodeHelpers.cs(59,33): warning CS0618: 'MapGridComponent.GetAnchoredEntities(Vector2i)' is obsolete: 'Use the MapSystem method' [F:\Floofdev\HardLight\Content.Server\Content.Server.csproj]
F:\Floofdev\HardLight\Content.Server\NodeContainer\Nodes\NodeHelpers.cs(62,33): warning CS0618: 'MapGridComponent.GetAnchoredEntities(Vector2i)' is obsolete: 'Use the MapSystem method' [F:\Floofdev\HardLight\Content.Server\Content.Server.csproj]
F:\Floofdev\HardLight\Content.Server\NodeContainer\Nodes\NodeHelpers.cs(65,33): warning CS0618: 'MapGridComponent.GetAnchoredEntities(Vector2i)' is obsolete: 'Use the MapSystem method' [F:\Floofdev\HardLight\Content.Server\Content.Server.csproj]
F:\Floofdev\HardLight\Content.Server\NodeContainer\Nodes\AdjacentNode.cs(21,29): warning CS0618: 'MapGridComponent.TileIndicesFor(EntityCoordinates)' is obsolete: 'Use the MapSystem method' [F:\Floofdev\HardLight\Content.Server\Content.Server.csproj]
F:\Floofdev\HardLight\Content.Server\NPC\Systems\NPCCombatSystem.Ranged.cs(194,67): warning CS0618: 'MapGridComponent.WorldToLocal(Vector2)' is obsolete: 'Use the MapSystem method' [F:\Floofdev\HardLight\Content.Server\Content.Server.csproj]
F:\Floofdev\HardLight\Content.Server\MoMMI\MoMMILink.cs(51,17): warning CS0618: 'Logger.WarningS(string, string)' is obsolete: 'Use ISawmill.Warning' [F:\Floofdev\HardLight\Content.Server\Content.Server.csproj]
F:\Floofdev\HardLight\Content.Server\Mind\MindSystem.cs(295,9): warning CS0618: 'PvsOverrideSystem.ClearOverride(NetEntity)' is obsolete: 'Don't use this, clear specific overrides' [F:\Floofdev\HardLight\Content.Server\Content.Server.csproj]
F:\Floofdev\HardLight\Content.Server\NPC\Pathfinding\PathfindingSystem.Grid.cs(56,31): warning CS0618: 'MapGridComponent.GridTileToLocal(Vector2i)' is obsolete: 'Use the MapSystem method' [F:\Floofdev\HardLight\Content.Server\Content.Server.csproj]
F:\Floofdev\HardLight\Content.Server\Maps\PlanetCommand.cs(50,14): warning CS0618: 'IMapManager.MapExists(MapId?)' is obsolete: 'Use MapSystem' [F:\Floofdev\HardLight\Content.Server\Content.Server.csproj]
F:\Floofdev\HardLight\Content.Server\Maps\PlanetCommand.cs(63,22): warning CS0618: 'IMapManager.GetMapEntityId(MapId)' is obsolete: 'Use MapSystem' [F:\Floofdev\HardLight\Content.Server\Content.Server.csproj]
F:\Floofdev\HardLight\Content.Server\NPC\Pathfinding\PathfindingSystem.Grid.cs(306,42): warning CS0618: 'MapGridComponent.GridTileToLocal(Vector2i)' is obsolete: 'Use the MapSystem method' [F:\Floofdev\HardLight\Content.Server\Content.Server.csproj]
F:\Floofdev\HardLight\Content.Server\Light\EntitySystems\PoweredLightSystem.cs(328,13): warning CS0618: 'TimerExtensions.SpawnTimer(EntityUid, TimeSpan, Action, CancellationToken)' is obsolete: 'Use a system update loop instead' [F:\Floofdev\HardLight\Content.Server\Content.Server.csproj]
F:\Floofdev\HardLight\Content.Server\Medical\BiomassReclaimer\BiomassReclaimerSystem.cs(138,40): warning CS0618: 'ResolvedSoundSpecifier.implicit operator ResolvedSoundSpecifier(string)' is obsolete: 'String literals for sounds are deprecated, use a SoundSpecifier or ResolvedSoundSpecifier as appropriate instead' [F:\Floofdev\HardLight\Content.Server\Content.Server.csproj]
F:\Floofdev\HardLight\Content.Server\Hands\Systems\HandsSystem.cs(232,29): warning CS0618: 'EntityCoordinates.ToMapPos(IEntityManager, SharedTransformSystem)' is obsolete: 'Use SharedTransformSystem.ToMapCoordinates()' [F:\Floofdev\HardLight\Content.Server\Content.Server.csproj]
F:\Floofdev\HardLight\Content.Server\Hands\Systems\HandsSystem.cs(232,85): warning CS0618: 'TransformComponent.WorldPosition' is obsolete: 'Use the system method instead' [F:\Floofdev\HardLight\Content.Server\Content.Server.csproj]
F:\Floofdev\HardLight\Content.Server\Gateway\Systems\GatewayGeneratorSystem.cs(103,21): warning CS0618: 'IMapManager.CreateMap(MapId?)' is obsolete: 'Use MapSystem' [F:\Floofdev\HardLight\Content.Server\Content.Server.csproj]
F:\Floofdev\HardLight\Content.Server\Gateway\Systems\GatewayGeneratorSystem.cs(104,22): warning CS0618: 'IMapManager.GetMapEntityId(MapId)' is obsolete: 'Use MapSystem' [F:\Floofdev\HardLight\Content.Server\Content.Server.csproj]
F:\Floofdev\HardLight\Content.Server\Flash\FlashSystem.cs(104,13): warning CS0618: 'TimerExtensions.SpawnTimer(EntityUid, int, Action, CancellationToken)' is obsolete: 'Use a system update loop instead' [F:\Floofdev\HardLight\Content.Server\Content.Server.csproj]
F:\Floofdev\HardLight\Content.Server\Explosion\EntitySystems\TriggerSystem.cs(148,18): warning CS0618: 'SharedContainerSystem.TryGetContainingContainer(EntityUid, out BaseContainer?, MetaDataComponent?, TransformComponent?)' is obsolete: 'Use Entity<T> variant' [F:\Floofdev\HardLight\Content.Server\Content.Server.csproj]
F:\Floofdev\HardLight\Content.Server\Fax\FaxSystem.cs(667,33): warning CS0618: 'ResolvedSoundSpecifier.implicit operator ResolvedSoundSpecifier(string)' is obsolete: 'String literals for sounds are deprecated, use a SoundSpecifier or ResolvedSoundSpecifier as appropriate instead' [F:\Floofdev\HardLight\Content.Server\Content.Server.csproj]
F:\Floofdev\HardLight\Content.Server\Explosion\EntitySystems\TriggerSystem.cs(268,23): warning CS0618: 'TransformComponent.MapPosition' is obsolete: 'Use TransformSystem.GetMapCoordinates' [F:\Floofdev\HardLight\Content.Server\Content.Server.csproj]
F:\Floofdev\HardLight\Content.Server\EUI\EuiManager.cs(102,17): warning CS0618: 'Logger.WarningS(string, string)' is obsolete: 'Use ISawmill.Warning' [F:\Floofdev\HardLight\Content.Server\Content.Server.csproj]
F:\Floofdev\HardLight\Content.Server\Explosion\EntitySystems\SmokeOnTriggerSystem.cs(35,14): warning CS0618: 'MapGridComponent.TryGetTileRef(EntityCoordinates, out TileRef)' is obsolete: 'Use the MapSystem method' [F:\Floofdev\HardLight\Content.Server\Content.Server.csproj]
F:\Floofdev\HardLight\Content.Server\Explosion\EntitySystems\SmokeOnTriggerSystem.cs(44,22): warning CS0618: 'MapGridComponent.MapToGrid(MapCoordinates)' is obsolete: 'Use the MapSystem method' [F:\Floofdev\HardLight\Content.Server\Content.Server.csproj]
F:\Floofdev\HardLight\Content.Server\Explosion\EntitySystems\ExplosionSystem.Processing.cs(736,67): warning CS0618: 'Component.Owner' is obsolete: 'Update your API to allow accessing Owner through other means' [F:\Floofdev\HardLight\Content.Server\Content.Server.csproj]
F:\Floofdev\HardLight\Content.Server\Explosion\EntitySystems\ExplosionSystem.Processing.cs(787,93): warning CS0618: 'Component.Owner' is obsolete: 'Update your API to allow accessing Owner through other means' [F:\Floofdev\HardLight\Content.Server\Content.Server.csproj]
F:\Floofdev\HardLight\Content.Server\Explosion\EntitySystems\ExplosionSystem.Processing.cs(843,17): warning CS0618: 'MapGridComponent.TryGetTileRef(Vector2i, out TileRef)' is obsolete: 'Use the MapSystem method' [F:\Floofdev\HardLight\Content.Server\Content.Server.csproj]
F:\Floofdev\HardLight\Content.Server\Explosion\EntitySystems\ExplosionSystem.Processing.cs(855,22): warning CS0618: 'Component.Owner' is obsolete: 'Update your API to allow accessing Owner through other means' [F:\Floofdev\HardLight\Content.Server\Content.Server.csproj]
F:\Floofdev\HardLight\Content.Server\Explosion\EntitySystems\ExplosionSystem.Processing.cs(904,56): warning CS0618: 'Component.Owner' is obsolete: 'Update your API to allow accessing Owner through other means' [F:\Floofdev\HardLight\Content.Server\Content.Server.csproj]
F:\Floofdev\HardLight\Content.Server\Explosion\EntitySystems\ExplosionSystem.Processing.cs(906,37): warning CS0618: 'Component.Owner' is obsolete: 'Update your API to allow accessing Owner through other means' [F:\Floofdev\HardLight\Content.Server\Content.Server.csproj]
F:\Floofdev\HardLight\Content.Server\Engineering\EntitySystems\SpawnAfterInteractSystem.cs(37,18): warning CS0618: 'MapGridComponent.TryGetTileRef(EntityCoordinates, out TileRef)' is obsolete: 'Use the MapSystem method' [F:\Floofdev\HardLight\Content.Server\Content.Server.csproj]
F:\Floofdev\HardLight\Content.Server\Engineering\EntitySystems\SpawnAfterInteractSystem.cs(50,104): warning CS0618: 'AwaitedDoAfterEvent' is obsolete: 'Dont use async DoAfters' [F:\Floofdev\HardLight\Content.Server\Content.Server.csproj]
F:\Floofdev\HardLight\Content.Server\Engineering\EntitySystems\SpawnAfterInteractSystem.cs(54,36): warning CS0618: 'SharedDoAfterSystem.WaitDoAfter(DoAfterArgs, DoAfterComponent?)' is obsolete: 'Use the synchronous version instead.' [F:\Floofdev\HardLight\Content.Server\Content.Server.csproj]
F:\Floofdev\HardLight\Content.Server\Explosion\EntitySystems\ExplosionSystem.cs(347,50): warning CS0618: 'IMapManager.GetMapEntityId(MapId)' is obsolete: 'Use MapSystem' [F:\Floofdev\HardLight\Content.Server\Content.Server.csproj]
F:\Floofdev\HardLight\Content.Server\Explosion\EntitySystems\ExplosionSystem.cs(347,24): warning CS0618: 'EntityCoordinates.FromMap(EntityUid, MapCoordinates, SharedTransformSystem, IEntityManager?)' is obsolete: 'Use SharedTransformSystem.ToCoordinates()' [F:\Floofdev\HardLight\Content.Server\Content.Server.csproj]
F:\Floofdev\HardLight\Content.Server\Explosion\EntitySystems\ExplosionSystem.cs(348,22): warning CS0618: 'EntityCoordinates.GetGridUid(IEntityManager)' is obsolete: 'Use SharedTransformSystem.GetGrid()' [F:\Floofdev\HardLight\Content.Server\Content.Server.csproj]
F:\Floofdev\HardLight\Content.Server\Explosion\EntitySystems\ExplosionSystem.cs(352,22): warning CS0618: 'EntityCoordinates.GetGridUid(IEntityManager)' is obsolete: 'Use SharedTransformSystem.GetGrid()' [F:\Floofdev\HardLight\Content.Server\Content.Server.csproj]
F:\Floofdev\HardLight\Content.Server\Explosion\EntitySystems\ExplosionSystem.GridMap.cs(309,18): warning CS0618: 'MapGridComponent.TryGetTileRef(Vector2i, out TileRef)' is obsolete: 'Use the MapSystem method' [F:\Floofdev\HardLight\Content.Server\Content.Server.csproj]
F:\Floofdev\HardLight\Content.Server\Dragon\DragonRiftSystem.cs(86,35): warning CS0618: 'ResolvedSoundSpecifier.implicit operator ResolvedSoundSpecifier(string)' is obsolete: 'String literals for sounds are deprecated, use a SoundSpecifier or ResolvedSoundSpecifier as appropriate instead' [F:\Floofdev\HardLight\Content.Server\Content.Server.csproj]
F:\Floofdev\HardLight\Content.Server\Explosion\EntitySystems\ExplosionSystem.Processing.cs(318,55): warning CS0618: 'Component.Owner' is obsolete: 'Update your API to allow accessing Owner through other means' [F:\Floofdev\HardLight\Content.Server\Content.Server.csproj]
F:\Floofdev\HardLight\Content.Server\Explosion\EntitySystems\ExplosionSystem.Visuals.cs(47,28): warning CS0618: 'Component.Owner' is obsolete: 'Update your API to allow accessing Owner through other means' [F:\Floofdev\HardLight\Content.Server\Content.Server.csproj]
F:\Floofdev\HardLight\Content.Server\Explosion\EntitySystems\ExplosionGridTileFlood.cs(68,30): warning CS0618: 'Component.Owner' is obsolete: 'Update your API to allow accessing Owner through other means' [F:\Floofdev\HardLight\Content.Server\Content.Server.csproj]
F:\Floofdev\HardLight\Content.Server\Explosion\EntitySystems\ExplosionGridTileFlood.cs(75,72): warning CS0618: 'Component.Owner' is obsolete: 'Update your API to allow accessing Owner through other means' [F:\Floofdev\HardLight\Content.Server\Content.Server.csproj]
F:\Floofdev\HardLight\Content.Server\EntityEffects\Effects\MovespeedModifier.cs(76,9): warning CS0612: 'Component.Dirty(IEntityManager?)' is obsolete [F:\Floofdev\HardLight\Content.Server\Content.Server.csproj]
F:\Floofdev\HardLight\Content.Server\EntityEffects\Effects\DecrementBloodModificationTracker.cs(19,9): warning CS0618: 'BloodstreamSystem.DecrementBloodModificationTracker(EntityUid)' is obsolete: 'Use dynamic blood restoration instead' [F:\Floofdev\HardLight\Content.Server\Content.Server.csproj]
F:\Floofdev\HardLight\Content.Server\DeviceNetwork\Systems\DeviceNetworkSystem.cs(349,21): warning CS0618: 'Component.Owner' is obsolete: 'Update your API to allow accessing Owner through other means' [F:\Floofdev\HardLight\Content.Server\Content.Server.csproj]
F:\Floofdev\HardLight\Content.Server\DeviceNetwork\Systems\DeviceNetworkSystem.cs(353,33): warning CS0618: 'Component.Owner' is obsolete: 'Update your API to allow accessing Owner through other means' [F:\Floofdev\HardLight\Content.Server\Content.Server.csproj]
F:\Floofdev\HardLight\Content.Server\DeviceNetwork\Systems\DeviceNetworkSystem.cs(356,37): warning CS0618: 'Component.Owner' is obsolete: 'Update your API to allow accessing Owner through other means' [F:\Floofdev\HardLight\Content.Server\Content.Server.csproj]
F:\Floofdev\HardLight\Content.Server\DeviceNetwork\Systems\DeviceListSystem.cs(99,44): warning CS0618: 'Component.Owner' is obsolete: 'Update your API to allow accessing Owner through other means' [F:\Floofdev\HardLight\Content.Server\Content.Server.csproj]
F:\Floofdev\HardLight\Content.Server\DeviceNetwork\Systems\ApcNetworkSystem.cs(41,48): warning CS0618: 'Component.Owner' is obsolete: 'Update your API to allow accessing Owner through other means' [F:\Floofdev\HardLight\Content.Server\Content.Server.csproj]
F:\Floofdev\HardLight\Content.Server\EntityEffects\Effects\AreaReactionEffect.cs(88,61): warning CS0618: 'AudioHelpers.WithVariation(float)' is obsolete: 'Use AudioParams.Variation data-field' [F:\Floofdev\HardLight\Content.Server\Content.Server.csproj]
F:\Floofdev\HardLight\Content.Server\EntityEffects\EffectConditions\JobCondition.cs(31,17): warning CS0618: 'Logger.Error(string)' is obsolete: 'Use ISawmill.Error' [F:\Floofdev\HardLight\Content.Server\Content.Server.csproj]
F:\Floofdev\HardLight\Content.Server\EntityEffects\EffectConditions\JobCondition.cs(37,17): warning CS0618: 'Logger.Error(string)' is obsolete: 'Use ISawmill.Error' [F:\Floofdev\HardLight\Content.Server\Content.Server.csproj]
F:\Floofdev\HardLight\Content.Server\Construction\ConstructionSystem.Graph.cs(367,13): warning CS0618: 'TransformComponent.Anchored.set' is obsolete: 'Use the SharedTransformSystem.AnchorEntity/Unanchor methods instead.' [F:\Floofdev\HardLight\Content.Server\Content.Server.csproj]
F:\Floofdev\HardLight\Content.Server\Connection\ConnectionManager.cs(251,29): warning CS0618: 'EntitySystem.TryGet<T>(out T?)' is obsolete: 'Either use a dependency, resolve and cache IEntityManager manually, or use EntityManager.System<T>()' [F:\Floofdev\HardLight\Content.Server\Content.Server.csproj]
F:\Floofdev\HardLight\Content.Server\Cloning\CloningConsoleSystem.cs(270,25): warning CS0162: Unreachable code detected [F:\Floofdev\HardLight\Content.Server\Content.Server.csproj]
F:\Floofdev\HardLight\Content.Server\Construction\ConstructionSystem.Initial.cs(91,78): warning CS0618: 'SharedContainerSystem.IsInSameOrParentContainer(EntityUid, EntityUid)' is obsolete: 'Use Entity<T> variant' [F:\Floofdev\HardLight\Content.Server\Content.Server.csproj]
F:\Floofdev\HardLight\Content.Server\Construction\ConstructionSystem.Initial.cs(257,85): warning CS0618: 'AwaitedDoAfterEvent' is obsolete: 'Dont use async DoAfters' [F:\Floofdev\HardLight\Content.Server\Content.Server.csproj]
F:\Floofdev\HardLight\Content.Server\Construction\ConstructionSystem.Initial.cs(267,23): warning CS0618: 'SharedDoAfterSystem.WaitDoAfter(DoAfterArgs, DoAfterComponent?)' is obsolete: 'Use the synchronous version instead.' [F:\Floofdev\HardLight\Content.Server\Content.Server.csproj]
F:\Floofdev\HardLight\Content.Server\InteractionVerbs\Actions\ChatMessageAction.cs(51,14): warning CS0618: 'Loc.TryGetString(string, out string?, params (string, object)[])' is obsolete: 'Use ILocalizationManager' [F:\Floofdev\HardLight\Content.Server\Content.Server.csproj]
F:\Floofdev\HardLight\Content.Server\Instruments\InstrumentComponent.cs(20,60): warning CS0618: 'Component.Owner' is obsolete: 'Update your API to allow accessing Owner through other means' [F:\Floofdev\HardLight\Content.Server\Content.Server.csproj]
F:\Floofdev\HardLight\Content.Server\Instruments\InstrumentComponent.cs(21,55): warning CS0618: 'Component.Owner' is obsolete: 'Update your API to allow accessing Owner through other means' [F:\Floofdev\HardLight\Content.Server\Content.Server.csproj]
F:\Floofdev\HardLight\Content.Server\GameTicking\Commands\JoinGameCommand.cs(49,17): warning CS0618: 'Logger.InfoS(string, string)' is obsolete: 'Use ISawmill.Info' [F:\Floofdev\HardLight\Content.Server\Content.Server.csproj]
F:\Floofdev\HardLight\Content.Server\GameTicking\GameTicker.Player.cs(133,25): warning CS0618: 'PvsOverrideSystem.ClearOverride(NetEntity)' is obsolete: 'Don't use this, clear specific overrides' [F:\Floofdev\HardLight\Content.Server\Content.Server.csproj]
F:\Floofdev\HardLight\Content.Server\GameTicking\GameTicker.RoundFlow.cs(108,17): warning CS0618: 'IMapManager.MapExists(MapId?)' is obsolete: 'Use MapSystem' [F:\Floofdev\HardLight\Content.Server\Content.Server.csproj]
F:\Floofdev\HardLight\Content.Server\GameTicking\GameTicker.RoundFlow.cs(557,39): warning CS0618: 'IMapManager.GetMapEntityId(MapId)' is obsolete: 'Use MapSystem' [F:\Floofdev\HardLight\Content.Server\Content.Server.csproj]
F:\Floofdev\HardLight\Content.Server\GameTicking\GameTicker.RoundFlow.cs(558,17): warning CS8073: The result of the expression is always 'true' since a value of type 'MapId' is never equal to 'null' of type 'MapId?' [F:\Floofdev\HardLight\Content.Server\Content.Server.csproj]
F:\Floofdev\HardLight\Content.Server\Chemistry\TileReactions\CreateEntityTileReaction.cs(49,37): warning CS0618: 'TurfHelpers.GetEntitiesInTile(TileRef, LookupFlags, EntityLookupSystem?)' is obsolete: 'Use the lookup system' [F:\Floofdev\HardLight\Content.Server\Content.Server.csproj]
F:\Floofdev\HardLight\Content.Server\GameTicking\GameTicker.RoundFlow.cs(810,33): warning CS0618: 'EntitySystem.Get<T>()' is obsolete: 'Either use a dependency, resolve and cache IEntityManager manually, or use EntityManager.System<T>()' [F:\Floofdev\HardLight\Content.Server\Content.Server.csproj]
F:\Floofdev\HardLight\Content.Server\GameTicking\GameTicker.RoundFlow.cs(813,45): warning CS0618: 'Component.Owner' is obsolete: 'Update your API to allow accessing Owner through other means' [F:\Floofdev\HardLight\Content.Server\Content.Server.csproj]
F:\Floofdev\HardLight\Content.Server\GameTicking\GameTicker.RoundFlow.cs(845,49): warning CS0618: 'Component.Owner' is obsolete: 'Update your API to allow accessing Owner through other means' [F:\Floofdev\HardLight\Content.Server\Content.Server.csproj]
F:\Floofdev\HardLight\Content.Server\GameTicking\GameTicker.RoundFlow.cs(852,52): warning CS0618: 'Component.Owner' is obsolete: 'Update your API to allow accessing Owner through other means' [F:\Floofdev\HardLight\Content.Server\Content.Server.csproj]
F:\Floofdev\HardLight\Content.Server\GameTicking\GameTicker.Spawning.cs(465,17): warning CS0618: 'IMapManager.MapExists(MapId?)' is obsolete: 'Use MapSystem' [F:\Floofdev\HardLight\Content.Server\Content.Server.csproj]
F:\Floofdev\HardLight\Content.Server\GameTicking\GameTicker.Spawning.cs(467,30): warning CS0618: 'IMapManager.GetMapEntityId(MapId)' is obsolete: 'Use MapSystem' [F:\Floofdev\HardLight\Content.Server\Content.Server.csproj]
F:\Floofdev\HardLight\Content.Server\GameTicking\GameTicker.Spawning.cs(473,33): warning CS0618: 'IMapManager.GetAllMapIds()' is obsolete: 'Use MapSystem' [F:\Floofdev\HardLight\Content.Server\Content.Server.csproj]
F:\Floofdev\HardLight\Content.Server\GameTicking\GameTicker.Spawning.cs(475,30): warning CS0618: 'IMapManager.GetMapEntityId(MapId)' is obsolete: 'Use MapSystem' [F:\Floofdev\HardLight\Content.Server\Content.Server.csproj]
F:\Floofdev\HardLight\Content.Server\Chat\Managers\ChatManager.cs(113,9): warning CS0618: 'Logger.InfoS(string, string)' is obsolete: 'Use ISawmill.Info' [F:\Floofdev\HardLight\Content.Server\Content.Server.csproj]
F:\Floofdev\HardLight\Content.Server\Nyanotrasen\Chat\TSayCommand.cs(41,13): warning CS0618: 'EntitySystem.Get<T>()' is obsolete: 'Either use a dependency, resolve and cache IEntityManager manually, or use EntityManager.System<T>()' [F:\Floofdev\HardLight\Content.Server\Content.Server.csproj]
F:\Floofdev\HardLight\Content.Server\Chat\Systems\ChatSystem.cs(343,59): warning CS0618: 'ResolvedSoundSpecifier.implicit operator ResolvedSoundSpecifier(string)' is obsolete: 'String literals for sounds are deprecated, use a SoundSpecifier or ResolvedSoundSpecifier as appropriate instead' [F:\Floofdev\HardLight\Content.Server\Content.Server.csproj]
F:\Floofdev\HardLight\Content.Server\Chat\Systems\ChatSystem.cs(373,31): warning CS0618: 'ResolvedSoundSpecifier.implicit operator ResolvedSoundSpecifier(string)' is obsolete: 'String literals for sounds are deprecated, use a SoundSpecifier or ResolvedSoundSpecifier as appropriate instead' [F:\Floofdev\HardLight\Content.Server\Content.Server.csproj]
F:\Floofdev\HardLight\Content.Server\Chat\Systems\ChatSystem.cs(413,31): warning CS0618: 'ResolvedSoundSpecifier.implicit operator ResolvedSoundSpecifier(string)' is obsolete: 'String literals for sounds are deprecated, use a SoundSpecifier or ResolvedSoundSpecifier as appropriate instead' [F:\Floofdev\HardLight\Content.Server\Content.Server.csproj]
F:\Floofdev\HardLight\Content.Server\Chat\Systems\ChatSystem.cs(648,25): warning CS0618: 'FormattedMessage.RemoveMarkup(string)' is obsolete: 'Use RemoveMarkupOrThrow or RemoveMarkupPermissive' [F:\Floofdev\HardLight\Content.Server\Content.Server.csproj]
F:\Floofdev\HardLight\Content.Server\Construction\Conditions\ComponentInTile.cs(61,28): warning CS0618: 'TurfHelpers.GetEntitiesInTile(TileRef, LookupFlags, EntityLookupSystem?)' is obsolete: 'Use the lookup system' [F:\Floofdev\HardLight\Content.Server\Content.Server.csproj]
F:\Floofdev\HardLight\Content.Server\Construction\Completions\BuildMech.cs(31,13): warning CS0618: 'Logger.Warning(string)' is obsolete: 'Use ISawmill.Warning' [F:\Floofdev\HardLight\Content.Server\Content.Server.csproj]
F:\Floofdev\HardLight\Content.Server\Construction\Completions\BuildMech.cs(40,13): warning CS0618: 'Logger.Warning(string)' is obsolete: 'Use ISawmill.Warning' [F:\Floofdev\HardLight\Content.Server\Content.Server.csproj]
F:\Floofdev\HardLight\Content.Server\Construction\Completions\BuildMech.cs(46,13): warning CS0618: 'Logger.Warning(string)' is obsolete: 'Use ISawmill.Warning' [F:\Floofdev\HardLight\Content.Server\Content.Server.csproj]
F:\Floofdev\HardLight\Content.Server\Construction\Completions\BuildMech.cs(53,13): warning CS0618: 'Logger.Warning(string)' is obsolete: 'Use ISawmill.Warning' [F:\Floofdev\HardLight\Content.Server\Content.Server.csproj]
F:\Floofdev\HardLight\Content.Server\Abilities\Psionics\Abilities\AnomalyPowerSystem.Injection.cs(10,54): warning CS0649: Field 'AnomalyPowerSystem._injectableQuery' is never assigned to, and will always have its default value [F:\Floofdev\HardLight\Content.Server\Content.Server.csproj]
F:\Floofdev\HardLight\Content.Server\_NF\Shipyard\Systems\ShipyardSystem.Consoles.cs(75,48): warning CS0414: The field 'ShipyardSystem._chatManager' is assigned but its value is never used [F:\Floofdev\HardLight\Content.Server\Content.Server.csproj]
F:\Floofdev\HardLight\Content.Server\Shuttles\Systems\ArrivalsSystem.cs(61,47): warning CS0414: The field 'ArrivalsSystem._actor' is assigned but its value is never used [F:\Floofdev\HardLight\Content.Server\Content.Server.csproj]
F:\Floofdev\HardLight\Content.Server\StationEvents\EventManagerSystem.cs(31,22): warning CS0414: The field 'EventManagerSystem._sawmill' is assigned but its value is never used [F:\Floofdev\HardLight\Content.Server\Content.Server.csproj]
F:\Floofdev\HardLight\Content.Server\Shuttles\ShipSerializationSystem.cs(55,56): warning CS0414: The field 'ShipSerializationSystem._atmosphere' is assigned but its value is never used [F:\Floofdev\HardLight\Content.Server\Content.Server.csproj]
F:\Floofdev\HardLight\Content.Server\_Shitmed\Body\Systems\EyesSystem.cs(12,54): warning CS0414: The field 'EyesSystem._entityManager' is assigned but its value is never used [F:\Floofdev\HardLight\Content.Server\Content.Server.csproj]
F:\Floofdev\HardLight\Content.Server\_HL\RoundPersistence\Systems\PlayerPaymentPersistenceSystem.cs(29,46): warning CS0414: The field 'PlayerPaymentPersistenceSystem._mind' is assigned but its value is never used [F:\Floofdev\HardLight\Content.Server\Content.Server.csproj]
F:\Floofdev\HardLight\Content.Server\Weapons\Ranged\Systems\GunSystem.cs(42,51): warning CS0414: The field 'GunSystem._powerCell' is assigned but its value is never used [F:\Floofdev\HardLight\Content.Server\Content.Server.csproj]
F:\Floofdev\HardLight\Content.Server\Cloning\RandomCloneSpawnerSystem.cs(17,57): warning CS0414: The field 'RandomCloneSpawnerSystem._transformSystem' is assigned but its value is never used [F:\Floofdev\HardLight\Content.Server\Content.Server.csproj]
F:\Floofdev\HardLight\Content.Server\_NF\Shipyard\Systems\ShipyardSystem.cs(80,53): warning CS0414: The field 'ShipyardSystem._netManager' is assigned but its value is never used [F:\Floofdev\HardLight\Content.Server\Content.Server.csproj]
F:\Floofdev\HardLight\Content.Server\_Crescent\Cybernetics\InternalBombSystem.cs(15,53): warning CS0414: The field 'InternalBombSystem._gibbing' is assigned but its value is never used [F:\Floofdev\HardLight\Content.Server\Content.Server.csproj]
F:\Floofdev\HardLight\Content.Server\Nyanotrasen\StationEvents\Events\FreeProberRule.cs(18,47): warning CS0414: The field 'FreeProberRule._mapManager' is assigned but its value is never used [F:\Floofdev\HardLight\Content.Server\Content.Server.csproj]
F:\Floofdev\HardLight\Content.Server\_EinsteinEngines\Silicon\DeadStartupButton\DeadStartupButtonSystem.cs(28,46): warning CS0414: The field 'DeadStartupButtonSystem._chatSystem' is assigned but its value is never used [F:\Floofdev\HardLight\Content.Server\Content.Server.csproj]
F:\Floofdev\HardLight\Content.Server\Nyanotrasen\StationEvents\Events\NoosphericFryRule.cs(30,47): warning CS0414: The field 'NoosphericFryRule._mapManager' is assigned but its value is never used [F:\Floofdev\HardLight\Content.Server\Content.Server.csproj]
F:\Floofdev\HardLight\Content.Server\Nyanotrasen\Psionics\Glimmer\PassiveGlimmerReductionSystem.cs(20,69): warning CS0414: The field 'PassiveGlimmerReductionSystem._cartridgeSys' is assigned but its value is never used [F:\Floofdev\HardLight\Content.Server\Content.Server.csproj]
F:\Floofdev\HardLight\Content.Server\_NF\Shipyard\Systems\ShipyardSystem.Consoles.cs(78,47): warning CS0414: The field 'ShipyardSystem._mapManager' is assigned but its value is never used [F:\Floofdev\HardLight\Content.Server\Content.Server.csproj]
F:\Floofdev\HardLight\Content.Server\GameTicking\GameTicker.RoundFlow.cs(46,54): warning CS0414: The field 'GameTicker._arrivalsSystem' is assigned but its value is never used [F:\Floofdev\HardLight\Content.Server\Content.Server.csproj]
F:\Floofdev\HardLight\Content.Server\Shuttles\Systems\ArrivalsSystem.cs(69,49): warning CS0414: The field 'ArrivalsSystem._shuttles' is assigned but its value is never used [F:\Floofdev\HardLight\Content.Server\Content.Server.csproj]
F:\Floofdev\HardLight\Content.Server\_Crescent\Cybernetics\MantisBladeSystem.cs(31,55): warning CS0414: The field 'MantisBladeSystem._explosion' is assigned but its value is never used [F:\Floofdev\HardLight\Content.Server\Content.Server.csproj]
F:\Floofdev\HardLight\Content.Server\Shuttles\Systems\ArrivalsSystem.cs(70,57): warning CS0414: The field 'ArrivalsSystem._stationSpawning' is assigned but its value is never used [F:\Floofdev\HardLight\Content.Server\Content.Server.csproj]
F:\Floofdev\HardLight\Content.Server\Shuttles\Systems\ArrivalsSystem.cs(58,47): warning CS0414: The field 'ArrivalsSystem._timing' is assigned but its value is never used [F:\Floofdev\HardLight\Content.Server\Content.Server.csproj]
F:\Floofdev\HardLight\Content.Server\Administration\Commands\PrisonerCommands.cs(106,53): warning CS0414: The field 'PermaPardonCommand._prototypes' is assigned but its value is never used [F:\Floofdev\HardLight\Content.Server\Content.Server.csproj]
F:\Floofdev\HardLight\Content.Server\Shuttles\ShipSerializationSystem.cs(59,57): warning CS0414: The field 'ShipSerializationSystem._netManager' is assigned but its value is never used [F:\Floofdev\HardLight\Content.Server\Content.Server.csproj]
F:\Floofdev\HardLight\Content.Server\_Shitmed\Body\Organ\CerebralImplantSystem.cs(11,52): warning CS0414: The field 'CerebralImplantSystem._bodySystem' is assigned but its value is never used [F:\Floofdev\HardLight\Content.Server\Content.Server.csproj]
F:\Floofdev\HardLight\Content.Server\Shuttles\Systems\ArrivalsSystem.cs(55,48): warning CS0414: The field 'ArrivalsSystem._chat' is assigned but its value is never used [F:\Floofdev\HardLight\Content.Server\Content.Server.csproj]
F:\Floofdev\HardLight\Content.Server\Salvage\SalvageSystem.ExpeditionConsole.cs(38,49): warning CS0414: The field 'SalvageSystem._salvage' is assigned but its value is never used [F:\Floofdev\HardLight\Content.Server\Content.Server.csproj]
F:\Floofdev\HardLight\Content.Server\Shuttles\Systems\ArrivalsSystem.cs(63,55): warning CS0414: The field 'ArrivalsSystem._deviceNetworkSystem' is assigned but its value is never used [F:\Floofdev\HardLight\Content.Server\Content.Server.csproj]
F:\Floofdev\HardLight\Content.Server\Shuttles\Systems\ShuttleConsoleSystem.cs(40,49): warning CS0414: The field 'ShuttleConsoleSystem._station' is assigned but its value is never used [F:\Floofdev\HardLight\Content.Server\Content.Server.csproj]
F:\Floofdev\HardLight\Content.Server\Cloning\RandomCloneSpawnerSystem.cs(18,52): warning CS0414: The field 'RandomCloneSpawnerSystem._mind' is assigned but its value is never used [F:\Floofdev\HardLight\Content.Server\Content.Server.csproj]
F:\Floofdev\HardLight\Content.Server\_HL\RoundPersistence\Systems\PlayerPaymentPersistenceSystem.cs(28,47): warning CS0414: The field 'PlayerPaymentPersistenceSystem._timing' is assigned but its value is never used [F:\Floofdev\HardLight\Content.Server\Content.Server.csproj]
F:\Floofdev\HardLight\Content.Server\_Crescent\Cybernetics\MantisBladeSystem.cs(21,53): warning CS0414: The field 'MantisBladeSystem._gibbing' is assigned but its value is never used [F:\Floofdev\HardLight\Content.Server\Content.Server.csproj]
F:\Floofdev\HardLight\Content.Server\_NF\Shipyard\Systems\ShipyardSystem.cs(82,52): warning CS0414: The field 'ShipyardSystem._resources' is assigned but its value is never used [F:\Floofdev\HardLight\Content.Server\Content.Server.csproj]
F:\Floofdev\HardLight\Content.Server\Cloning\CloningPodSystem.cs(49,50): warning CS0414: The field 'CloningPodSystem._mobStateSystem' is assigned but its value is never used [F:\Floofdev\HardLight\Content.Server\Content.Server.csproj]
F:\Floofdev\HardLight\Content.Server\Shuttles\ShipSerializationSystem.cs(63,51): warning CS0414: The field 'ShipSerializationSystem._gameManager' is assigned but its value is never used [F:\Floofdev\HardLight\Content.Server\Content.Server.csproj]
F:\Floofdev\HardLight\Content.Server\Nyanotrasen\Psionics\Invisibility\PsionicInvisibleContactsSystem.cs(16,51): warning CS0414: The field 'PsionicInvisibleContactsSystem._gameTiming' is assigned but its value is never used [F:\Floofdev\HardLight\Content.Server\Content.Server.csproj]
F:\Floofdev\HardLight\Content.Server\Shuttles\Systems\ArrivalsSystem.cs(68,57): warning CS0414: The field 'ArrivalsSystem._transform' is assigned but its value is never used [F:\Floofdev\HardLight\Content.Server\Content.Server.csproj]
F:\Floofdev\HardLight\Content.Server\Silicons\Borgs\BorgSystem.cs(63,56): warning CS0414: The field 'BorgSystem._player' is assigned but its value is never used [F:\Floofdev\HardLight\Content.Server\Content.Server.csproj]
F:\Floofdev\HardLight\Content.Server\Shuttles\Save\ShipSaveSystem.cs(21,60): warning CS0414: The field 'ShipSaveSystem._entitySystemManager' is assigned but its value is never used [F:\Floofdev\HardLight\Content.Server\Content.Server.csproj]
F:\Floofdev\HardLight\Content.Server\Shuttles\Systems\ArrivalsSystem.cs(57,48): warning CS0414: The field 'ArrivalsSystem._console' is assigned but its value is never used [F:\Floofdev\HardLight\Content.Server\Content.Server.csproj]
F:\Floofdev\HardLight\Content.Server\_NF\Shipyard\Systems\ShipyardSystem.cs(78,50): warning CS0414: The field 'ShipyardSystem._entityManager' is assigned but its value is never used [F:\Floofdev\HardLight\Content.Server\Content.Server.csproj]
F:\Floofdev\HardLight\Content.Server\_EinsteinEngines\Power\Systems\BatteryDrinkerSystem.cs(29,51): warning CS0414: The field 'BatteryDrinkerSystem._powerCell' is assigned but its value is never used [F:\Floofdev\HardLight\Content.Server\Content.Server.csproj]
F:\Floofdev\HardLight\Content.Server\_NF\Shipyard\Systems\ShipEventHandlerSystem.cs(19,50): warning CS0414: The field 'ShipEventHandlerSystem._entityManager' is assigned but its value is never used [F:\Floofdev\HardLight\Content.Server\Content.Server.csproj]
F:\Floofdev\HardLight\Content.Server\Cloning\RandomCloneSpawnerSystem.cs(14,49): warning CS0414: The field 'RandomCloneSpawnerSystem._cloning' is assigned but its value is never used [F:\Floofdev\HardLight\Content.Server\Content.Server.csproj]
F:\Floofdev\HardLight\Content.Server\_Crescent\Cybernetics\MantisBladeSystem.cs(23,50): warning CS0414: The field 'MantisBladeSystem._body' is assigned but its value is never used [F:\Floofdev\HardLight\Content.Server\Content.Server.csproj]
F:\Floofdev\HardLight\Content.Server\Worldgen\Systems\Debris\DebrisFeaturePlacerSystem.cs(22,49): warning CS0414: The field 'DebrisFeaturePlacerSystem._gc' is assigned but its value is never used [F:\Floofdev\HardLight\Content.Server\Content.Server.csproj]
F:\Floofdev\HardLight\Content.Server\Shuttles\ShipSerializationSystem.cs(61,61): warning CS0414: The field 'ShipSerializationSystem._serverIdentity' is assigned but its value is never used [F:\Floofdev\HardLight\Content.Server\Content.Server.csproj]
F:\Floofdev\HardLight\Content.Server\Weapons\Ranged\Systems\GunSystem.cs(36,49): warning CS0414: The field 'GunSystem._battery' is assigned but its value is never used [F:\Floofdev\HardLight\Content.Server\Content.Server.csproj]
F:\Floofdev\HardLight\Content.Server\Shuttles\Save\ShipSaveSystem.cs(20,51): warning CS0414: The field 'ShipSaveSystem._mapManager' is assigned but its value is never used [F:\Floofdev\HardLight\Content.Server\Content.Server.csproj]
F:\Floofdev\HardLight\Content.Server\Shuttles\Systems\ArrivalsSystem.cs(64,46): warning CS0414: The field 'ArrivalsSystem._ticker' is assigned but its value is never used [F:\Floofdev\HardLight\Content.Server\Content.Server.csproj]
F:\Floofdev\HardLight\Content.Server\Nyanotrasen\Psionics\InnatePsionicPowersSystem.cs(10,57): warning CS0414: The field 'InnatePsionicPowersSystem._prototypeManager' is assigned but its value is never used [F:\Floofdev\HardLight\Content.Server\Content.Server.csproj]
F:\Floofdev\HardLight\Content.Server\_Shitmed\Body\Organ\DermisSystem.cs(11,52): warning CS0414: The field 'DermisSystem._bodySystem' is assigned but its value is never used [F:\Floofdev\HardLight\Content.Server\Content.Server.csproj]
F:\Floofdev\HardLight\Content.Server\Cloning\CloningConsoleSystem.cs(85,54): warning CS0414: The field 'CloningConsoleSystem._mobStateSystem' is assigned but its value is never used [F:\Floofdev\HardLight\Content.Server\Content.Server.csproj]
F:\Floofdev\HardLight\Content.Server\Shuttles\Save\ShipSaveSystem.cs(22,57): warning CS0414: The field 'ShipSaveSystem._netManager' is assigned but its value is never used [F:\Floofdev\HardLight\Content.Server\Content.Server.csproj]
F:\Floofdev\HardLight\Content.Server\Shuttles\ShipSerializationSystem.cs(58,61): warning CS0414: The field 'ShipSerializationSystem._configManager' is assigned but its value is never used [F:\Floofdev\HardLight\Content.Server\Content.Server.csproj]
F:\Floofdev\HardLight\Content.Server\Research\Systems\ResearchSystem.cs(25,53): warning CS0414: The field 'ResearchSystem._station' is assigned but its value is never used [F:\Floofdev\HardLight\Content.Server\Content.Server.csproj]
F:\Floofdev\HardLight\Content.Server\_EinsteinEngines\Power\Systems\BatteryDrinkerSystem.cs(23,51): warning CS0414: The field 'BatteryDrinkerSystem._slots' is assigned but its value is never used [F:\Floofdev\HardLight\Content.Server\Content.Server.csproj]
F:\Floofdev\HardLight\Content.Server\Nyanotrasen\Psionics\Glimmer\GlimmerReactiveSystem.cs(45,51): warning CS0414: The field 'GlimmerReactiveSystem._mapManager' is assigned but its value is never used [F:\Floofdev\HardLight\Content.Server\Content.Server.csproj]
F:\Floofdev\HardLight\Content.Server\Medical\HealingSystem.cs(38,57): warning CS0414: The field 'HealingSystem._targetingSystem' is assigned but its value is never used [F:\Floofdev\HardLight\Content.Server\Content.Server.csproj]
F:\Floofdev\HardLight\Content.Server\_Shitmed\Medical\Surgery\SurgerySystem.cs(41,51): warning CS0414: The field 'SurgerySystem._blindableSystem' is assigned but its value is never used [F:\Floofdev\HardLight\Content.Server\Content.Server.csproj]
F:\Floofdev\HardLight\Content.Server\Medical\HealthAnalyzerSystem.cs(41,51): warning CS0414: The field 'HealthAnalyzerSystem._transformSystem' is assigned but its value is never used [F:\Floofdev\HardLight\Content.Server\Content.Server.csproj]
F:\Floofdev\HardLight\Content.Server\Cloning\RandomCloneSpawnerSystem.cs(15,53): warning CS0414: The field 'RandomCloneSpawnerSystem._prototypeManager' is assigned but its value is never used [F:\Floofdev\HardLight\Content.Server\Content.Server.csproj]
F:\Floofdev\HardLight\Content.Server\_Crescent\Cybernetics\MantisBladeSystem.cs(33,55): warning CS0414: The field 'MantisBladeSystem._inventory' is assigned but its value is never used [F:\Floofdev\HardLight\Content.Server\Content.Server.csproj]
F:\Floofdev\HardLight\Content.Server\Nyanotrasen\Psionics\Dreams\DreamSystem.cs(14,50): warning CS0414: The field 'DreamsSystem._chat' is assigned but its value is never used [F:\Floofdev\HardLight\Content.Server\Content.Server.csproj]
F:\Floofdev\HardLight\Content.Server\Cloning\RandomCloneSpawnerSystem.cs(16,49): warning CS0414: The field 'RandomCloneSpawnerSystem._random' is assigned but its value is never used [F:\Floofdev\HardLight\Content.Server\Content.Server.csproj]
F:\Floofdev\HardLight\Content.Server\Nyanotrasen\Psionics\Glimmer\GlimmerReactiveSystem.cs(381,12): warning RA0003: Class must be explicitly marked as [Virtual], abstract, static or sealed [F:\Floofdev\HardLight\Content.Server\Content.Server.csproj]
F:\Floofdev\HardLight\Content.Server\_Shitmed\DelayedDeath\DelayedDeathSystem.cs(7,16): warning RA0003: Class must be explicitly marked as [Virtual], abstract, static or sealed [F:\Floofdev\HardLight\Content.Server\Content.Server.csproj]
F:\Floofdev\HardLight\Content.Server\_NF\Shipyard\Systems\ShipyardSystem.cs(182,14): warning RA0030: Use the non-generic variant of this method for type TransformComponent [F:\Floofdev\HardLight\Content.Server\Content.Server.csproj]
F:\Floofdev\HardLight\Content.Server\_NF\Shipyard\Systems\ShipyardSystem.cs(210,14): warning RA0030: Use the non-generic variant of this method for type TransformComponent [F:\Floofdev\HardLight\Content.Server\Content.Server.csproj]
F:\Floofdev\HardLight\Content.Server\_NF\Shipyard\Systems\ShipyardSystem.cs(262,14): warning RA0030: Use the non-generic variant of this method for type TransformComponent [F:\Floofdev\HardLight\Content.Server\Content.Server.csproj]
F:\Floofdev\HardLight\Content.Server\_NF\Shipyard\Systems\ShipyardSystem.cs(429,17): warning RA0030: Use the non-generic variant of this method for type TransformComponent [F:\Floofdev\HardLight\Content.Server\Content.Server.csproj]
F:\Floofdev\HardLight\Content.Server\_NF\Shipyard\Systems\ShipyardSystem.cs(504,17): warning RA0030: Use the non-generic variant of this method for type TransformComponent [F:\Floofdev\HardLight\Content.Server\Content.Server.csproj]
F:\Floofdev\HardLight\Content.Server\_NF\Shipyard\Systems\ShipyardSystem.cs(527,21): warning RA0030: Use the non-generic variant of this method for type MetaDataComponent [F:\Floofdev\HardLight\Content.Server\Content.Server.csproj]
F:\Floofdev\HardLight\Content.Server\_NF\Shipyard\Systems\ShipyardSystem.cs(537,17): warning RA0030: Use the non-generic variant of this method for type MetaDataComponent [F:\Floofdev\HardLight\Content.Server\Content.Server.csproj]
F:\Floofdev\HardLight\Content.Server\_NF\Shipyard\Systems\ShipyardSystem.cs(556,17): warning RA0030: Use the non-generic variant of this method for type TransformComponent [F:\Floofdev\HardLight\Content.Server\Content.Server.csproj]
F:\Floofdev\HardLight\Content.Server\_NF\Shipyard\Systems\ShipyardSystem.cs(590,17): warning RA0030: Use the non-generic variant of this method for type TransformComponent [F:\Floofdev\HardLight\Content.Server\Content.Server.csproj]
F:\Floofdev\HardLight\Content.Server\_NF\Shipyard\Systems\ShipyardSystem.cs(941,18): warning RA0030: Use the non-generic variant of this method for type TransformComponent [F:\Floofdev\HardLight\Content.Server\Content.Server.csproj]
F:\Floofdev\HardLight\Content.Server\Anomaly\AnomalySystem.Psionics.cs(11,49): warning RA0032: Another [Dependency] field of type 'Robust.Shared.Random.IRobustRandom' already exists in this type with field '_random' [F:\Floofdev\HardLight\Content.Server\Content.Server.csproj]
F:\Floofdev\HardLight\Content.Server\_HL\RoundPersistence\Systems\RoundPersistenceSystem.cs(172,14): warning RA0030: Use the non-generic variant of this method for type TransformComponent [F:\Floofdev\HardLight\Content.Server\Content.Server.csproj]
F:\Floofdev\HardLight\Content.Server\Trash\TrashCleanupSystem.cs(130,17): warning RA0030: Use the non-generic variant of this method for type TransformComponent [F:\Floofdev\HardLight\Content.Server\Content.Server.csproj]
F:\Floofdev\HardLight\Content.Server\Speech\EntitySystems\ReplacementAccentSystem.cs(66,30): warning RA0026: Usage of a static Regex function that takes in a pattern string. This can cause constant re-parsing of the pattern. [F:\Floofdev\HardLight\Content.Server\Content.Server.csproj]
F:\Floofdev\HardLight\Content.Server\Speech\EntitySystems\ReplacementAccentSystem.cs(69,35): warning RA0026: Usage of a static Regex function that takes in a pattern string. This can cause constant re-parsing of the pattern. [F:\Floofdev\HardLight\Content.Server\Content.Server.csproj]
F:\Floofdev\HardLight\Content.Server\Salvage\SalvageSystem.ExpeditionConsole.cs(93,14): warning RA0030: Use the non-generic variant of this method for type TransformComponent [F:\Floofdev\HardLight\Content.Server\Content.Server.csproj]
  XamlX.IL.Cecil -> F:\Floofdev\HardLight\RobustToolbox\XamlX\src\XamlX.IL.Cecil\bin\Debug\netstandard2.0\XamlX.IL.Cecil.dll
  Robust.Xaml -> F:\Floofdev\HardLight\RobustToolbox\Robust.Xaml\bin\Debug\netstandard2.0\Robust.Xaml.dll
  Robust.Client.Injectors -> F:\Floofdev\HardLight\RobustToolbox\Robust.Client.Injectors\bin\Debug\netstandard2.0\Robust.Client.Injectors.dll
  Robust.Client -> F:\Floofdev\HardLight\RobustToolbox\bin\Client\Robust.Client.dll
  Content.Client -> F:\Floofdev\HardLight\bin\Content.Client\Content.Client.dll
  Content.Replay -> F:\Floofdev\HardLight\bin\Content.Replay\Content.Replay.dll
  Robust.UnitTesting -> F:\Floofdev\HardLight\RobustToolbox\bin\UnitTesting\Robust.UnitTesting.dll
  Robust.Benchmarks -> F:\Floofdev\HardLight\RobustToolbox\bin\Benchmarks\Robust.Benchmarks.dll

Build FAILED.

F:\Floofdev\HardLight\Content.MapRenderer\Content.MapRenderer.csproj : warning NU1902: Package 'SixLabors.ImageSharp' 3.1.7 has a known moderate severity vulnerability, https://github.com/advisories/GHSA-rxmq-m78w-7wmc [F:\Floofdev\HardLight\SpaceStation14.sln]
F:\Floofdev\HardLight\RobustToolbox\Robust.Shared\Robust.Shared.csproj : warning NU1902: Package 'SixLabors.ImageSharp' 3.1.7 has a known moderate severity vulnerability, https://github.com/advisories/GHSA-rxmq-m78w-7wmc [F:\Floofdev\HardLight\SpaceStation14.sln]
F:\Floofdev\HardLight\RobustToolbox\Robust.Client\Robust.Client.csproj : warning NU1902: Package 'SixLabors.ImageSharp' 3.1.7 has a known moderate severity vulnerability, https://github.com/advisories/GHSA-rxmq-m78w-7wmc [F:\Floofdev\HardLight\SpaceStation14.sln]
F:\Floofdev\HardLight\RobustToolbox\Robust.Client\Robust.Client.csproj : warning NU1902: Package 'SixLabors.ImageSharp' 3.1.7 has a known moderate severity vulnerability, https://github.com/advisories/GHSA-rxmq-m78w-7wmc
F:\Floofdev\HardLight\RobustToolbox\Robust.Shared\Robust.Shared.csproj : warning NU1902: Package 'SixLabors.ImageSharp' 3.1.7 has a known moderate severity vulnerability, https://github.com/advisories/GHSA-rxmq-m78w-7wmc
F:\Floofdev\HardLight\Content.MapRenderer\Content.MapRenderer.csproj : warning NU1902: Package 'SixLabors.ImageSharp' 3.1.7 has a known moderate severity vulnerability, https://github.com/advisories/GHSA-rxmq-m78w-7wmc
F:\Floofdev\HardLight\Content.Server\Abilities\Psionics\PsionicFamiliarSystem.cs(14,7): warning CS0105: The using directive for 'Content.Shared.Nyanotrasen.Abilities.Psionics' appeared previously in this namespace [F:\Floofdev\HardLight\Content.Server\Content.Server.csproj]
F:\Floofdev\HardLight\Content.Server\_NF\PublicTransit\PublicTransitSystem.cs(18,7): warning CS0105: The using directive for 'Content.Server.GameTicking' appeared previously in this namespace [F:\Floofdev\HardLight\Content.Server\Content.Server.csproj]
F:\Floofdev\HardLight\Content.Server\_NF\PublicTransit\PublicTransitSystem.cs(33,7): warning CS0105: The using directive for 'Content.Shared.GameTicking' appeared previously in this namespace [F:\Floofdev\HardLight\Content.Server\Content.Server.csproj]
F:\Floofdev\HardLight\Content.Server\_NF\Shipyard\Systems\ShipyardGridSaveSystem.cs(18,7): warning CS0105: The using directive for 'Content.Shared.Access.Components' appeared previously in this namespace [F:\Floofdev\HardLight\Content.Server\Content.Server.csproj]
F:\Floofdev\HardLight\Content.Server\_NF\Shipyard\Systems\ShipyardSystem.cs(41,7): warning CS0105: The using directive for 'System.Numerics' appeared previously in this namespace [F:\Floofdev\HardLight\Content.Server\Content.Server.csproj]
F:\Floofdev\HardLight\Content.Server\Abilities\Psionics\AnomalyPowerSystem.cs(41,35): warning CS0618: 'SolutionContainerSystem' is obsolete: 'This is being depreciated. Use SharedSolutionContainerSystem instead!' [F:\Floofdev\HardLight\Content.Server\Content.Server.csproj]
F:\Floofdev\HardLight\Content.Server\StationEvents\BasicStationEventSchedulerSystem.cs(98,72): warning CS0618: 'Prototype<EntityPrototype>' is obsolete: 'Use ProtoId<T> or EntProtoId, or the prototype directly' [F:\Floofdev\HardLight\Content.Server\Content.Server.csproj]
F:\Floofdev\HardLight\Content.Server\StationEvents\BasicStationEventSchedulerSystem.cs(151,70): warning CS0618: 'Prototype<EntityPrototype>' is obsolete: 'Use ProtoId<T> or EntProtoId, or the prototype directly' [F:\Floofdev\HardLight\Content.Server\Content.Server.csproj]
F:\Floofdev\HardLight\Content.Server\StationEvents\BasicStationEventSchedulerSystem.cs(174,74): warning CS0618: 'Prototype<EntityPrototype>' is obsolete: 'Use ProtoId<T> or EntProtoId, or the prototype directly' [F:\Floofdev\HardLight\Content.Server\Content.Server.csproj]
F:\Floofdev\HardLight\Content.Server\StationEvents\BasicStationEventSchedulerSystem.cs(201,45): warning CS0618: 'Prototype<EntityPrototype>' is obsolete: 'Use ProtoId<T> or EntProtoId, or the prototype directly' [F:\Floofdev\HardLight\Content.Server\Content.Server.csproj]
F:\Floofdev\HardLight\Content.Server\Paint\PaintSystem.cs(26,35): warning CS0618: 'SolutionContainerSystem' is obsolete: 'This is being depreciated. Use SharedSolutionContainerSystem instead!' [F:\Floofdev\HardLight\Content.Server\Content.Server.csproj]
F:\Floofdev\HardLight\Content.Server\Nyanotrasen\Chemistry\SolutionRegenerationSwitcher\SolutionRegenerationSwitcherSystem.cs(13,39): warning CS0618: 'SolutionContainerSystem' is obsolete: 'This is being depreciated. Use SharedSolutionContainerSystem instead!' [F:\Floofdev\HardLight\Content.Server\Content.Server.csproj]
F:\Floofdev\HardLight\Content.Server\Abilities\Psionics\PsionicAbilitiesSystem.Functions.cs(107,13): warning CS0618: 'Component.Owner' is obsolete: 'Update your API to allow accessing Owner through other means' [F:\Floofdev\HardLight\Content.Server\Content.Server.csproj]
F:\Floofdev\HardLight\Content.Server\Abilities\Psionics\Abilities\TelegnosisPowerSystem.cs(26,13): warning CS0618: 'TransformComponent.AttachToGridOrMap()' is obsolete: 'Use the system's method instead.' [F:\Floofdev\HardLight\Content.Server\Content.Server.csproj]
F:\Floofdev\HardLight\Content.Server\Abilities\Psionics\Abilities\PsionicRegenerationPowerSystem.cs(61,54): warning CS0618: 'Component.Owner' is obsolete: 'Update your API to allow accessing Owner through other means' [F:\Floofdev\HardLight\Content.Server\Content.Server.csproj]
F:\Floofdev\HardLight\Content.Server\Abilities\Psionics\Abilities\PsionicInvisibilityPowerSystem.cs(65,28): warning CS0618: 'ResolvedSoundSpecifier.implicit operator ResolvedSoundSpecifier(string)' is obsolete: 'String literals for sounds are deprecated, use a SoundSpecifier or ResolvedSoundSpecifier as appropriate instead' [F:\Floofdev\HardLight\Content.Server\Content.Server.csproj]
F:\Floofdev\HardLight\Content.Server\Abilities\Psionics\Abilities\PsionicInvisibilityPowerSystem.cs(77,28): warning CS0618: 'ResolvedSoundSpecifier.implicit operator ResolvedSoundSpecifier(string)' is obsolete: 'String literals for sounds are deprecated, use a SoundSpecifier or ResolvedSoundSpecifier as appropriate instead' [F:\Floofdev\HardLight\Content.Server\Content.Server.csproj]
F:\Floofdev\HardLight\Content.Server\Abilities\Psionics\Abilities\AnomalyPowerSystem.GasProducer.cs(33,24): warning CS0618: 'MapGridComponent.GetLocalTilesIntersecting(Box2, bool, Predicate<TileRef>?)' is obsolete: 'Use the MapSystem method' [F:\Floofdev\HardLight\Content.Server\Content.Server.csproj]
F:\Floofdev\HardLight\Content.Server\Abilities\Psionics\Abilities\DispelPowerSystem.cs(60,37): warning CS0618: 'ResolvedSoundSpecifier.implicit operator ResolvedSoundSpecifier(string)' is obsolete: 'String literals for sounds are deprecated, use a SoundSpecifier or ResolvedSoundSpecifier as appropriate instead' [F:\Floofdev\HardLight\Content.Server\Content.Server.csproj]
F:\Floofdev\HardLight\Content.Server\Abilities\Psionics\Abilities\AnomalyPowerSystem.GasProducer.cs(78,24): warning CS0618: 'MapGridComponent.GetLocalTilesIntersecting(Box2, bool, Predicate<TileRef>?)' is obsolete: 'Use the MapSystem method' [F:\Floofdev\HardLight\Content.Server\Content.Server.csproj]
F:\Floofdev\HardLight\Content.Server\Abilities\Psionics\Abilities\DispelPowerSystem.cs(104,37): warning CS0618: 'ResolvedSoundSpecifier.implicit operator ResolvedSoundSpecifier(string)' is obsolete: 'String literals for sounds are deprecated, use a SoundSpecifier or ResolvedSoundSpecifier as appropriate instead' [F:\Floofdev\HardLight\Content.Server\Content.Server.csproj]
F:\Floofdev\HardLight\Content.Server\_NF\Shipyard\Systems\ShipyardGridSaveSystem.cs(240,21): warning CS0618: 'IMapManager.DeleteMap(MapId)' is obsolete: 'Use MapSystem' [F:\Floofdev\HardLight\Content.Server\Content.Server.csproj]
F:\Floofdev\HardLight\Content.Server\_NF\Shipyard\Systems\ShipyardGridSaveSystem.cs(263,29): warning CS0618: 'IMapManager.CreateMap(MapId?)' is obsolete: 'Use MapSystem' [F:\Floofdev\HardLight\Content.Server\Content.Server.csproj]
F:\Floofdev\HardLight\Content.Server\_NF\Shipyard\Systems\ShipyardGridSaveSystem.cs(268,76): warning CS0618: 'IMapManager.GetMapEntityId(MapId)' is obsolete: 'Use MapSystem' [F:\Floofdev\HardLight\Content.Server\Content.Server.csproj]
F:\Floofdev\HardLight\Content.Server\_NF\Shipyard\Systems\ShipyardGridSaveSystem.cs(603,84): warning CS0618: 'IMapManager.GetMapEntityId(MapId)' is obsolete: 'Use MapSystem' [F:\Floofdev\HardLight\Content.Server\Content.Server.csproj]
F:\Floofdev\HardLight\Content.Server\Administration\Systems\AdminSystem.cs(418,35): warning CS0618: 'ResolvedSoundSpecifier.implicit operator ResolvedSoundSpecifier(string)' is obsolete: 'String literals for sounds are deprecated, use a SoundSpecifier or ResolvedSoundSpecifier as appropriate instead' [F:\Floofdev\HardLight\Content.Server\Content.Server.csproj]
F:\Floofdev\HardLight\Content.Server\Administration\Notes\UserNotesEui.cs(25,13): warning CS0618: 'Logger.WarningS(string, string)' is obsolete: 'Use ISawmill.Warning' [F:\Floofdev\HardLight\Content.Server\Content.Server.csproj]
F:\Floofdev\HardLight\Content.Server\Administration\Notes\UserNotesEui.cs(42,13): warning CS0618: 'Logger.WarningS(string, string)' is obsolete: 'Use ISawmill.Warning' [F:\Floofdev\HardLight\Content.Server\Content.Server.csproj]
F:\Floofdev\HardLight\Content.Server\Administration\Commands\RoleBanCommand.cs(34,13): warning CS0618: 'Logger.WarningS(string, string)' is obsolete: 'Use ISawmill.Warning' [F:\Floofdev\HardLight\Content.Server\Content.Server.csproj]
F:\Floofdev\HardLight\Content.Server\Administration\Logs\AdminLogManager.Json.cs(60,41): warning CS0618: 'IComponent.Owner' is obsolete: 'Update your API to allow accessing Owner through other means' [F:\Floofdev\HardLight\Content.Server\Content.Server.csproj]
F:\Floofdev\HardLight\Content.Server\Administration\Commands\PrisonerCommands.cs(68,17): warning CS0618: 'Logger.WarningS(string, string)' is obsolete: 'Use ISawmill.Warning' [F:\Floofdev\HardLight\Content.Server\Content.Server.csproj]
F:\Floofdev\HardLight\Content.Server\Administration\Commands\PlayGlobalSoundCommand.cs(91,79): warning CS0618: 'ResolvedSoundSpecifier.implicit operator ResolvedSoundSpecifier(string)' is obsolete: 'String literals for sounds are deprecated, use a SoundSpecifier or ResolvedSoundSpecifier as appropriate instead' [F:\Floofdev\HardLight\Content.Server\Content.Server.csproj]
F:\Floofdev\HardLight\Content.Server\Administration\Commands\PersistenceSaveCommand.cs(37,14): warning CS0618: 'IMapManager.MapExists(MapId?)' is obsolete: 'Use MapSystem' [F:\Floofdev\HardLight\Content.Server\Content.Server.csproj]
F:\Floofdev\HardLight\Content.Server\Administration\Commands\DepartmentBanCommand.cs(32,13): warning CS0618: 'Logger.WarningS(string, string)' is obsolete: 'Use ISawmill.Warning' [F:\Floofdev\HardLight\Content.Server\Content.Server.csproj]
F:\Floofdev\HardLight\Content.Server\Anomaly\Effects\ProjectileAnomalySystem.cs(88,23): warning CS0618: 'IMapManager.GetMapEntityId(MapId)' is obsolete: 'Use MapSystem' [F:\Floofdev\HardLight\Content.Server\Content.Server.csproj]
F:\Floofdev\HardLight\Content.Server\_HL\RoundPersistence\Systems\RoundPersistenceSystem.cs(194,25): warning CS0618: 'IMapManager.CreateMap(MapId?)' is obsolete: 'Use MapSystem' [F:\Floofdev\HardLight\Content.Server\Content.Server.csproj]
F:\Floofdev\HardLight\Content.Server\_HL\RoundPersistence\Systems\RoundPersistenceSystem.cs(365,24): warning CS0618: 'TransformComponent.WorldPosition' is obsolete: 'Use the system method instead' [F:\Floofdev\HardLight\Content.Server\Content.Server.csproj]
F:\Floofdev\HardLight\Content.Server\_Hardlight\Drugs\PacketSealingSystem.cs(88,13): warning CS0618: 'TransformComponent.Coordinates.set' is obsolete: 'Use the system's setter method instead.' [F:\Floofdev\HardLight\Content.Server\Content.Server.csproj]
F:\Floofdev\HardLight\Content.Server\_Hardlight\Drugs\PacketSealingSystem.cs(112,13): warning CS0618: 'SharedContainerSystem.TryGetContainingContainer(EntityUid, out BaseContainer?, MetaDataComponent?, TransformComponent?)' is obsolete: 'Use Entity<T> variant' [F:\Floofdev\HardLight\Content.Server\Content.Server.csproj]
F:\Floofdev\HardLight\Content.Server\_Hardlight\Drugs\PacketSealingSystem.cs(149,9): warning CS0618: 'TransformComponent.Coordinates.set' is obsolete: 'Use the system's setter method instead.' [F:\Floofdev\HardLight\Content.Server\Content.Server.csproj]
F:\Floofdev\HardLight\Content.Server\_EinsteinEngines\Silicon\EmitBuzzOnCrit\EmitBuzzWhileDamagedSystem.cs(54,64): warning CS0618: 'AudioHelpers.WithVariation(float, IRobustRandom?)' is obsolete: 'Use AudioParams.Variation data-field' [F:\Floofdev\HardLight\Content.Server\Content.Server.csproj]
F:\Floofdev\HardLight\Content.Server\_EinsteinEngines\Silicon\DeadStartupButton\DeadStartupButtonSystem.cs(54,49): warning CS0618: 'AudioHelpers.WithVariation(float, IRobustRandom?)' is obsolete: 'Use AudioParams.Variation data-field' [F:\Floofdev\HardLight\Content.Server\Content.Server.csproj]
F:\Floofdev\HardLight\Content.Server\_EinsteinEngines\Power\Systems\BatteryDrinkerSystem.cs(112,13): warning CS8073: The result of the expression is always 'false' since a value of type 'EntityUid' is never equal to 'null' of type 'EntityUid?' [F:\Floofdev\HardLight\Content.Server\Content.Server.csproj]
F:\Floofdev\HardLight\Content.Server\Atmos\Serialization\TileAtmosCollectionSerializer.cs(51,25): warning CS0618: 'Logger.Error(string)' is obsolete: 'Use ISawmill.Error' [F:\Floofdev\HardLight\Content.Server\Content.Server.csproj]
F:\Floofdev\HardLight\Content.Server\Atmos\Serialization\TileAtmosCollectionSerializer.cs(94,37): warning CS0618: 'Logger.Error(string)' is obsolete: 'Use ISawmill.Error' [F:\Floofdev\HardLight\Content.Server\Content.Server.csproj]
F:\Floofdev\HardLight\Content.Server\Atmos\Commands\SetMapAtmosCommand.cs(31,19): warning CS0618: 'IMapManager.GetMapEntityId(MapId)' is obsolete: 'Use MapSystem' [F:\Floofdev\HardLight\Content.Server\Content.Server.csproj]
F:\Floofdev\HardLight\Content.Server\Atmos\Components\AtmosPlaqueComponent.cs(17,93): warning CS0618: 'Component.Owner' is obsolete: 'Update your API to allow accessing Owner through other means' [F:\Floofdev\HardLight\Content.Server\Content.Server.csproj]
F:\Floofdev\HardLight\Content.Server\Atmos\Piping\EntitySystems\AtmosPipeAppearanceSystem.cs(57,20): warning CS0618: 'MapGridComponent.TileIndicesFor(EntityCoordinates)' is obsolete: 'Use the MapSystem method' [F:\Floofdev\HardLight\Content.Server\Content.Server.csproj]
F:\Floofdev\HardLight\Content.Server\Atmos\Piping\EntitySystems\AtmosPipeAppearanceSystem.cs(60,29): warning CS0618: 'MapGridComponent.TileIndicesFor(EntityCoordinates)' is obsolete: 'Use the MapSystem method' [F:\Floofdev\HardLight\Content.Server\Content.Server.csproj]
F:\Floofdev\HardLight\Content.Server\Atmos\Piping\Components\AtmosPipeColorComponent.cs(16,93): warning CS0618: 'Component.Owner' is obsolete: 'Update your API to allow accessing Owner through other means' [F:\Floofdev\HardLight\Content.Server\Content.Server.csproj]
F:\Floofdev\HardLight\Content.Server\Atmos\EntitySystems\FlammableSystem.cs(415,13): warning CS0618: 'TimerExtensions.SpawnTimer(EntityUid, int, Action, CancellationToken)' is obsolete: 'Use a system update loop instead' [F:\Floofdev\HardLight\Content.Server\Content.Server.csproj]
F:\Floofdev\HardLight\Content.Server\Atmos\EntitySystems\AtmosphereSystem.HighPressureDelta.cs(111,36): warning CS0618: 'ResolvedSoundSpecifier.implicit operator ResolvedSoundSpecifier(string)' is obsolete: 'String literals for sounds are deprecated, use a SoundSpecifier or ResolvedSoundSpecifier as appropriate instead' [F:\Floofdev\HardLight\Content.Server\Content.Server.csproj]
F:\Floofdev\HardLight\Content.Server\Atmos\EntitySystems\AtmosphereSystem.Hotspot.cs(115,32): warning CS0618: 'ResolvedSoundSpecifier.implicit operator ResolvedSoundSpecifier(string)' is obsolete: 'String literals for sounds are deprecated, use a SoundSpecifier or ResolvedSoundSpecifier as appropriate instead' [F:\Floofdev\HardLight\Content.Server\Content.Server.csproj]
F:\Floofdev\HardLight\Content.Server\Atmos\EntitySystems\AtmosphereSystem.Utils.cs(112,14): warning CS0618: 'MapGridComponent.TryGetTileRef(Vector2i, out TileRef)' is obsolete: 'Use the MapSystem method' [F:\Floofdev\HardLight\Content.Server\Content.Server.csproj]
F:\Floofdev\HardLight\Content.Server\Worldgen\Systems\Debris\SimpleFloorPlanPopulatorSystem.cs(32,26): warning CS0618: 'MapGridComponent.GridTileToLocal(Vector2i)' is obsolete: 'Use the MapSystem method' [F:\Floofdev\HardLight\Content.Server\Content.Server.csproj]
F:\Floofdev\HardLight\Content.Server\Weather\WeatherSystem.cs(46,14): warning CS0618: 'IMapManager.MapExists(MapId?)' is obsolete: 'Use MapSystem' [F:\Floofdev\HardLight\Content.Server\Content.Server.csproj]
F:\Floofdev\HardLight\Content.Server\Standing\StandingStateSystem.cs(28,29): warning CS0618: 'TransformComponent.WorldRotation' is obsolete: 'Use the system method instead' [F:\Floofdev\HardLight\Content.Server\Content.Server.csproj]
F:\Floofdev\HardLight\Content.Server\Station\Systems\StationBiomeSystem.cs(31,22): warning CS0618: 'IMapManager.GetMapEntityId(MapId)' is obsolete: 'Use MapSystem' [F:\Floofdev\HardLight\Content.Server\Content.Server.csproj]
F:\Floofdev\HardLight\Content.Server\Spider\SpiderSystem.cs(69,32): warning CS0618: 'TurfHelpers.GetEntitiesInTile(EntityCoordinates, LookupFlags, EntityLookupSystem?)' is obsolete: 'Use the lookup system' [F:\Floofdev\HardLight\Content.Server\Content.Server.csproj]
F:\Floofdev\HardLight\Content.Server\Spawners\EntitySystems\SpawnerSystem.cs(22,9): warning CS0618: 'TimerExtensions.SpawnRepeatingTimer(EntityUid, TimeSpan, Action, CancellationToken)' is obsolete: 'Use a system update loop instead' [F:\Floofdev\HardLight\Content.Server\Content.Server.csproj]
F:\Floofdev\HardLight\Content.Server\Silicons\StationAi\AiVisionWireAction.cs(26,32): warning CS0618: 'Component.Owner' is obsolete: 'Update your API to allow accessing Owner through other means' [F:\Floofdev\HardLight\Content.Server\Content.Server.csproj]
F:\Floofdev\HardLight\Content.Server\Silicons\StationAi\AiVisionWireAction.cs(32,32): warning CS0618: 'Component.Owner' is obsolete: 'Update your API to allow accessing Owner through other means' [F:\Floofdev\HardLight\Content.Server\Content.Server.csproj]
F:\Floofdev\HardLight\Content.Server\Silicons\StationAi\AiInteractWireAction.cs(25,35): warning CS0618: 'Component.Owner' is obsolete: 'Update your API to allow accessing Owner through other means' [F:\Floofdev\HardLight\Content.Server\Content.Server.csproj]
F:\Floofdev\HardLight\Content.Server\Silicons\StationAi\AiInteractWireAction.cs(31,35): warning CS0618: 'Component.Owner' is obsolete: 'Update your API to allow accessing Owner through other means' [F:\Floofdev\HardLight\Content.Server\Content.Server.csproj]
F:\Floofdev\HardLight\Content.Server\Singularity\EntitySystems\EventHorizonSystem.cs(292,40): warning CS0618: 'MapGridComponent.GetAnchoredEntities(Vector2i)' is obsolete: 'Use the MapSystem method' [F:\Floofdev\HardLight\Content.Server\Content.Server.csproj]
F:\Floofdev\HardLight\Content.Server\Shuttles\Systems\ShuttleSystem.FasterThanLight.cs(576,9): warning CS0618: 'IMapManager.SetMapPaused(MapId, bool)' is obsolete: 'Use MapSystem' [F:\Floofdev\HardLight\Content.Server\Content.Server.csproj]
F:\Floofdev\HardLight\Content.Server\RoundEnd\RoundEndSystem.cs(193,31): warning CS0618: 'ResolvedSoundSpecifier.implicit operator ResolvedSoundSpecifier(string)' is obsolete: 'String literals for sounds are deprecated, use a SoundSpecifier or ResolvedSoundSpecifier as appropriate instead' [F:\Floofdev\HardLight\Content.Server\Content.Server.csproj]
F:\Floofdev\HardLight\Content.Server\RoundEnd\RoundEndSystem.cs(241,31): warning CS0618: 'ResolvedSoundSpecifier.implicit operator ResolvedSoundSpecifier(string)' is obsolete: 'String literals for sounds are deprecated, use a SoundSpecifier or ResolvedSoundSpecifier as appropriate instead' [F:\Floofdev\HardLight\Content.Server\Content.Server.csproj]
F:\Floofdev\HardLight\Content.Server\Salvage\SalvageSystem.ExpeditionConsole.cs(207,9): warning CS0618: 'TimerExtensions.SpawnTimer(EntityUid, TimeSpan, Action, CancellationToken)' is obsolete: 'Use a system update loop instead' [F:\Floofdev\HardLight\Content.Server\Content.Server.csproj]
F:\Floofdev\HardLight\Content.Server\Radiation\Systems\RadiationSystem.Blockers.cs(111,23): warning CS0618: 'MapGridComponent.TileIndicesFor(EntityCoordinates)' is obsolete: 'Use the MapSystem method' [F:\Floofdev\HardLight\Content.Server\Content.Server.csproj]
F:\Floofdev\HardLight\Content.Server\Salvage\SalvageSystem.ExpeditionConsole.cs(294,9): warning CS0618: 'TimerExtensions.SpawnTimer(EntityUid, TimeSpan, Action, CancellationToken)' is obsolete: 'Use a system update loop instead' [F:\Floofdev\HardLight\Content.Server\Content.Server.csproj]
F:\Floofdev\HardLight\Content.Server\Shuttles\Systems\EmergencyShuttleSystem.Console.cs(308,31): warning CS0618: 'ResolvedSoundSpecifier.implicit operator ResolvedSoundSpecifier(string)' is obsolete: 'String literals for sounds are deprecated, use a SoundSpecifier or ResolvedSoundSpecifier as appropriate instead' [F:\Floofdev\HardLight\Content.Server\Content.Server.csproj]
F:\Floofdev\HardLight\Content.Server\Shuttles\Systems\EmergencyShuttleSystem.Console.cs(412,27): warning CS0618: 'ResolvedSoundSpecifier.implicit operator ResolvedSoundSpecifier(string)' is obsolete: 'String literals for sounds are deprecated, use a SoundSpecifier or ResolvedSoundSpecifier as appropriate instead' [F:\Floofdev\HardLight\Content.Server\Content.Server.csproj]
F:\Floofdev\HardLight\Content.Server\Salvage\SalvageSystem.Magnet.cs(50,9): warning CS4014: Because this call is not awaited, execution of the current method continues before the call is completed. Consider applying the 'await' operator to the result of the call. [F:\Floofdev\HardLight\Content.Server\Content.Server.csproj]
F:\Floofdev\HardLight\Content.Server\Shuttles\Systems\EmergencyShuttleSystem.cs(342,31): warning CS0618: 'ResolvedSoundSpecifier.implicit operator ResolvedSoundSpecifier(string)' is obsolete: 'String literals for sounds are deprecated, use a SoundSpecifier or ResolvedSoundSpecifier as appropriate instead' [F:\Floofdev\HardLight\Content.Server\Content.Server.csproj]
F:\Floofdev\HardLight\Content.Server\Shuttles\Systems\EmergencyShuttleSystem.cs(401,27): warning CS0618: 'ResolvedSoundSpecifier.implicit operator ResolvedSoundSpecifier(string)' is obsolete: 'String literals for sounds are deprecated, use a SoundSpecifier or ResolvedSoundSpecifier as appropriate instead' [F:\Floofdev\HardLight\Content.Server\Content.Server.csproj]
F:\Floofdev\HardLight\Content.Server\Salvage\SalvageSystem.Magnet.cs(432,17): warning CS0612: 'IMapManager.FindGridsIntersecting(MapId, Box2Rotated, bool, bool)' is obsolete [F:\Floofdev\HardLight\Content.Server\Content.Server.csproj]
F:\Floofdev\HardLight\Content.Server\Salvage\SalvageSystem.Runner.cs(84,13): warning CS0618: 'IMapManager.GetMapEntityId(MapId)' is obsolete: 'Use MapSystem' [F:\Floofdev\HardLight\Content.Server\Content.Server.csproj]
F:\Floofdev\HardLight\Content.Server\Salvage\SalvageSystem.Runner.cs(408,17): warning CS0618: 'TimerExtensions.SpawnTimer(EntityUid, TimeSpan, Action, CancellationToken)' is obsolete: 'Use a system update loop instead' [F:\Floofdev\HardLight\Content.Server\Content.Server.csproj]
F:\Floofdev\HardLight\Content.Server\Shuttles\ShipSerializationSystem.cs(125,30): warning CS0618: 'Component.Owner' is obsolete: 'Update your API to allow accessing Owner through other means' [F:\Floofdev\HardLight\Content.Server\Content.Server.csproj]
F:\Floofdev\HardLight\Content.Server\Shuttles\ShipSerializationSystem.cs(298,39): warning CS0618: 'Component.Owner' is obsolete: 'Update your API to allow accessing Owner through other means' [F:\Floofdev\HardLight\Content.Server\Content.Server.csproj]
F:\Floofdev\HardLight\Content.Server\Shuttles\ShipSerializationSystem.cs(299,13): warning CS0618: 'TransformComponent.WorldPosition' is obsolete: 'Use the system method instead' [F:\Floofdev\HardLight\Content.Server\Content.Server.csproj]
F:\Floofdev\HardLight\Content.Server\Shuttles\ShipSerializationSystem.cs(330,30): warning CS0618: 'Component.Owner' is obsolete: 'Update your API to allow accessing Owner through other means' [F:\Floofdev\HardLight\Content.Server\Content.Server.csproj]
F:\Floofdev\HardLight\Content.Server\Shuttles\ShipSerializationSystem.cs(336,42): warning CS0618: 'Component.Owner' is obsolete: 'Update your API to allow accessing Owner through other means' [F:\Floofdev\HardLight\Content.Server\Content.Server.csproj]
F:\Floofdev\HardLight\Content.Server\Shuttles\ShipSerializationSystem.cs(348,72): warning CS0618: 'Component.Owner' is obsolete: 'Update your API to allow accessing Owner through other means' [F:\Floofdev\HardLight\Content.Server\Content.Server.csproj]
F:\Floofdev\HardLight\Content.Server\Shuttles\ShipSerializationSystem.cs(355,69): warning CS0618: 'Component.Owner' is obsolete: 'Update your API to allow accessing Owner through other means' [F:\Floofdev\HardLight\Content.Server\Content.Server.csproj]
F:\Floofdev\HardLight\Content.Server\Shuttles\ShipSerializationSystem.cs(398,24): warning CS0618: 'Component.Owner' is obsolete: 'Update your API to allow accessing Owner through other means' [F:\Floofdev\HardLight\Content.Server\Content.Server.csproj]
F:\Floofdev\HardLight\Content.Server\Shuttles\ShipSerializationSystem.cs(422,61): warning CS0618: 'Component.Owner' is obsolete: 'Update your API to allow accessing Owner through other means' [F:\Floofdev\HardLight\Content.Server\Content.Server.csproj]
F:\Floofdev\HardLight\Content.Server\Shuttles\ShipSerializationSystem.cs(450,65): warning CS0618: 'Component.Owner' is obsolete: 'Update your API to allow accessing Owner through other means' [F:\Floofdev\HardLight\Content.Server\Content.Server.csproj]
F:\Floofdev\HardLight\Content.Server\Shuttles\ShipSerializationSystem.cs(500,20): warning CS0618: 'Component.Owner' is obsolete: 'Update your API to allow accessing Owner through other means' [F:\Floofdev\HardLight\Content.Server\Content.Server.csproj]
F:\Floofdev\HardLight\Content.Server\Preferences\Managers\ServerPreferencesManager.cs(55,17): warning CS0618: 'Logger.WarningS(string, string)' is obsolete: 'Use ISawmill.Warning' [F:\Floofdev\HardLight\Content.Server\Content.Server.csproj]
F:\Floofdev\HardLight\Content.Server\Preferences\Managers\ServerPreferencesManager.cs(125,17): warning CS0618: 'Logger.WarningS(string, string)' is obsolete: 'Use ISawmill.Warning' [F:\Floofdev\HardLight\Content.Server\Content.Server.csproj]
F:\Floofdev\HardLight\Content.Server\Procedural\DungeonSystem.Rooms.cs(126,30): warning CS0618: 'IMapManager.GetMapEntityId(MapId)' is obsolete: 'Use MapSystem' [F:\Floofdev\HardLight\Content.Server\Content.Server.csproj]
F:\Floofdev\HardLight\Content.Server\Shuttles\ShipSerializationSystem.cs(522,47): warning CS0618: 'Component.Owner' is obsolete: 'Update your API to allow accessing Owner through other means' [F:\Floofdev\HardLight\Content.Server\Content.Server.csproj]
F:\Floofdev\HardLight\Content.Server\Shuttles\ShipSerializationSystem.cs(553,30): warning CS0618: 'Component.Owner' is obsolete: 'Update your API to allow accessing Owner through other means' [F:\Floofdev\HardLight\Content.Server\Content.Server.csproj]
F:\Floofdev\HardLight\Content.Server\Shuttles\ShipSerializationSystem.cs(559,42): warning CS0618: 'Component.Owner' is obsolete: 'Update your API to allow accessing Owner through other means' [F:\Floofdev\HardLight\Content.Server\Content.Server.csproj]
F:\Floofdev\HardLight\Content.Server\Shuttles\ShipSerializationSystem.cs(571,72): warning CS0618: 'Component.Owner' is obsolete: 'Update your API to allow accessing Owner through other means' [F:\Floofdev\HardLight\Content.Server\Content.Server.csproj]
F:\Floofdev\HardLight\Content.Server\Shuttles\ShipSerializationSystem.cs(578,69): warning CS0618: 'Component.Owner' is obsolete: 'Update your API to allow accessing Owner through other means' [F:\Floofdev\HardLight\Content.Server\Content.Server.csproj]
F:\Floofdev\HardLight\Content.Server\Shuttles\ShipSerializationSystem.cs(621,61): warning CS0618: 'Component.Owner' is obsolete: 'Update your API to allow accessing Owner through other means' [F:\Floofdev\HardLight\Content.Server\Content.Server.csproj]
F:\Floofdev\HardLight\Content.Server\Shuttles\ShipSerializationSystem.cs(641,20): warning CS0618: 'Component.Owner' is obsolete: 'Update your API to allow accessing Owner through other means' [F:\Floofdev\HardLight\Content.Server\Content.Server.csproj]
F:\Floofdev\HardLight\Content.Server\Shuttles\ShipSerializationSystem.cs(1122,38): warning CS0168: The variable 'ex' is declared but never used [F:\Floofdev\HardLight\Content.Server\Content.Server.csproj]
F:\Floofdev\HardLight\Content.Server\Shuttles\ShipSerializationSystem.cs(1152,30): warning CS0168: The variable 'ex' is declared but never used [F:\Floofdev\HardLight\Content.Server\Content.Server.csproj]
F:\Floofdev\HardLight\Content.Server\Shuttles\ShipSerializationSystem.cs(1455,22): warning CS0612: 'ContainerManagerComponent.TryGetContainer(string, out BaseContainer?)' is obsolete [F:\Floofdev\HardLight\Content.Server\Content.Server.csproj]
F:\Floofdev\HardLight\Content.Server\Shuttles\ShipSerializationSystem.cs(1551,33): warning CS0618: 'EntityCoordinates.ToMap(IEntityManager, SharedTransformSystem)' is obsolete: 'Use SharedTransformSystem.ToMapCoordinates()' [F:\Floofdev\HardLight\Content.Server\Content.Server.csproj]
F:\Floofdev\HardLight\Content.Server\Shuttles\ShipSerializationSystem.cs(1640,61): warning CS0618: 'Component.Owner' is obsolete: 'Update your API to allow accessing Owner through other means' [F:\Floofdev\HardLight\Content.Server\Content.Server.csproj]
F:\Floofdev\HardLight\Content.Server\Shuttles\Save\ShipSaveSystem.cs(49,17): warning CS0618: 'Logger.Warning(string)' is obsolete: 'Use ISawmill.Warning' [F:\Floofdev\HardLight\Content.Server\Content.Server.csproj]
F:\Floofdev\HardLight\Content.Server\Shuttles\Save\ShipSaveSystem.cs(55,17): warning CS0618: 'Logger.Warning(string)' is obsolete: 'Use ISawmill.Warning' [F:\Floofdev\HardLight\Content.Server\Content.Server.csproj]
F:\Floofdev\HardLight\Content.Server\Shuttles\Save\ShipSaveSystem.cs(61,17): warning CS0618: 'Logger.Warning(string)' is obsolete: 'Use ISawmill.Warning' [F:\Floofdev\HardLight\Content.Server\Content.Server.csproj]
F:\Floofdev\HardLight\Content.Server\Shuttles\Save\ShipSaveSystem.cs(66,17): warning CS0618: 'Logger.Warning(string)' is obsolete: 'Use ISawmill.Warning' [F:\Floofdev\HardLight\Content.Server\Content.Server.csproj]
F:\Floofdev\HardLight\Content.Server\Shuttles\Save\ShipSaveSystem.cs(74,13): warning CS0618: 'Logger.Warning(string)' is obsolete: 'Use ISawmill.Warning' [F:\Floofdev\HardLight\Content.Server\Content.Server.csproj]
F:\Floofdev\HardLight\Content.Server\Shuttles\Save\ShipSaveSystem.cs(81,17): warning CS0618: 'Logger.Warning(string)' is obsolete: 'Use ISawmill.Warning' [F:\Floofdev\HardLight\Content.Server\Content.Server.csproj]
F:\Floofdev\HardLight\Content.Server\Shuttles\Save\ShipSaveSystem.cs(87,17): warning CS0618: 'Logger.Warning(string)' is obsolete: 'Use ISawmill.Warning' [F:\Floofdev\HardLight\Content.Server\Content.Server.csproj]
F:\Floofdev\HardLight\Content.Server\Shuttles\Save\ShipSaveSystem.cs(93,17): warning CS0618: 'Logger.Warning(string)' is obsolete: 'Use ISawmill.Warning' [F:\Floofdev\HardLight\Content.Server\Content.Server.csproj]
F:\Floofdev\HardLight\Content.Server\Shuttles\Save\ShipSaveSystem.cs(101,13): warning CS0618: 'Logger.Warning(string)' is obsolete: 'Use ISawmill.Warning' [F:\Floofdev\HardLight\Content.Server\Content.Server.csproj]
F:\Floofdev\HardLight\Content.Server\Shuttles\Save\ShipSaveSystem.cs(111,13): warning CS0618: 'Logger.Info(string)' is obsolete: 'Use ISawmill.Info' [F:\Floofdev\HardLight\Content.Server\Content.Server.csproj]
F:\Floofdev\HardLight\Content.Server\Shuttles\Save\ShipSaveSystem.cs(125,13): warning CS0618: 'Logger.Info(string)' is obsolete: 'Use ISawmill.Info' [F:\Floofdev\HardLight\Content.Server\Content.Server.csproj]
F:\Floofdev\HardLight\Content.Server\Power\Nodes\CableTerminalPortNode.cs(20,29): warning CS0618: 'MapGridComponent.TileIndicesFor(EntityCoordinates)' is obsolete: 'Use the MapSystem method' [F:\Floofdev\HardLight\Content.Server\Content.Server.csproj]
F:\Floofdev\HardLight\Content.Server\Procedural\DungeonJob\DungeonJob.OreDunGen.cs(25,13): warning CS0219: The variable 'emptyTiles' is assigned but its value is never used [F:\Floofdev\HardLight\Content.Server\Content.Server.csproj]
F:\Floofdev\HardLight\Content.Server\Power\Nodes\CableTerminalNode.cs(20,29): warning CS0618: 'MapGridComponent.TileIndicesFor(EntityCoordinates)' is obsolete: 'Use the MapSystem method' [F:\Floofdev\HardLight\Content.Server\Content.Server.csproj]
F:\Floofdev\HardLight\Content.Server\Power\Nodes\CableNode.cs(20,29): warning CS0618: 'MapGridComponent.TileIndicesFor(EntityCoordinates)' is obsolete: 'Use the MapSystem method' [F:\Floofdev\HardLight\Content.Server\Content.Server.csproj]
F:\Floofdev\HardLight\Content.Server\Power\Nodes\CableDeviceNode.cs(42,29): warning CS0618: 'MapGridComponent.TileIndicesFor(EntityCoordinates)' is obsolete: 'Use the MapSystem method' [F:\Floofdev\HardLight\Content.Server\Content.Server.csproj]
F:\Floofdev\HardLight\Content.Server\Power\NodeGroups\PowerNet.cs(52,77): warning CS0618: 'Component.Owner' is obsolete: 'Update your API to allow accessing Owner through other means' [F:\Floofdev\HardLight\Content.Server\Content.Server.csproj]
F:\Floofdev\HardLight\Content.Server\Power\NodeGroups\PowerNet.cs(65,40): warning CS0618: 'Component.Owner' is obsolete: 'Update your API to allow accessing Owner through other means' [F:\Floofdev\HardLight\Content.Server\Content.Server.csproj]
F:\Floofdev\HardLight\Content.Server\Power\NodeGroups\PowerNet.cs(81,77): warning CS0618: 'Component.Owner' is obsolete: 'Update your API to allow accessing Owner through other means' [F:\Floofdev\HardLight\Content.Server\Content.Server.csproj]
F:\Floofdev\HardLight\Content.Server\Power\NodeGroups\PowerNet.cs(94,40): warning CS0618: 'Component.Owner' is obsolete: 'Update your API to allow accessing Owner through other means' [F:\Floofdev\HardLight\Content.Server\Content.Server.csproj]
F:\Floofdev\HardLight\Content.Server\Power\Generation\Teg\TegNodeGroup.cs(189,25): warning CS0618: 'MapGridComponent.TileIndicesFor(EntityCoordinates)' is obsolete: 'Use the MapSystem method' [F:\Floofdev\HardLight\Content.Server\Content.Server.csproj]
F:\Floofdev\HardLight\Content.Server\Power\Generation\Teg\TegNodeGroup.cs(137,25): warning CS0618: 'MapGridComponent.TileIndicesFor(EntityCoordinates)' is obsolete: 'Use the MapSystem method' [F:\Floofdev\HardLight\Content.Server\Content.Server.csproj]
F:\Floofdev\HardLight\Content.Server\Power\EntitySystems\PowerReceiverSystem.cs(83,31): warning CS0618: 'Component.Owner' is obsolete: 'Update your API to allow accessing Owner through other means' [F:\Floofdev\HardLight\Content.Server\Content.Server.csproj]
F:\Floofdev\HardLight\Content.Server\Power\EntitySystems\PowerNetSystem.cs(473,60): warning CS0618: 'Component.Owner' is obsolete: 'Update your API to allow accessing Owner through other means' [F:\Floofdev\HardLight\Content.Server\Content.Server.csproj]
F:\Floofdev\HardLight\Content.Server\Power\EntitySystems\PowerNetSystem.cs(494,57): warning CS0618: 'Component.Owner' is obsolete: 'Update your API to allow accessing Owner through other means' [F:\Floofdev\HardLight\Content.Server\Content.Server.csproj]
F:\Floofdev\HardLight\Content.Server\Power\EntitySystems\PowerNetSystem.cs(501,57): warning CS0618: 'Component.Owner' is obsolete: 'Update your API to allow accessing Owner through other means' [F:\Floofdev\HardLight\Content.Server\Content.Server.csproj]
F:\Floofdev\HardLight\Content.Server\Power\EntitySystems\PowerMonitoringConsoleSystem.cs(529,23): warning CS0618: 'Component.Owner' is obsolete: 'Update your API to allow accessing Owner through other means' [F:\Floofdev\HardLight\Content.Server\Content.Server.csproj]
F:\Floofdev\HardLight\Content.Server\Power\EntitySystems\PowerMonitoringConsoleSystem.cs(556,23): warning CS0618: 'Component.Owner' is obsolete: 'Update your API to allow accessing Owner through other means' [F:\Floofdev\HardLight\Content.Server\Content.Server.csproj]
F:\Floofdev\HardLight\Content.Server\Power\EntitySystems\PowerMonitoringConsoleSystem.cs(594,23): warning CS0618: 'Component.Owner' is obsolete: 'Update your API to allow accessing Owner through other means' [F:\Floofdev\HardLight\Content.Server\Content.Server.csproj]
F:\Floofdev\HardLight\Content.Server\Power\EntitySystems\PowerMonitoringConsoleSystem.cs(643,23): warning CS0618: 'Component.Owner' is obsolete: 'Update your API to allow accessing Owner through other means' [F:\Floofdev\HardLight\Content.Server\Content.Server.csproj]
F:\Floofdev\HardLight\Content.Server\Power\EntitySystems\PowerMonitoringConsoleSystem.cs(670,23): warning CS0618: 'Component.Owner' is obsolete: 'Update your API to allow accessing Owner through other means' [F:\Floofdev\HardLight\Content.Server\Content.Server.csproj]
F:\Floofdev\HardLight\Content.Server\ParticleAccelerator\EntitySystems\ParticleAcceleratorSystem.ControlBox.cs(183,39): warning CS0618: 'ResolvedSoundSpecifier.implicit operator ResolvedSoundSpecifier(string)' is obsolete: 'String literals for sounds are deprecated, use a SoundSpecifier or ResolvedSoundSpecifier as appropriate instead' [F:\Floofdev\HardLight\Content.Server\Content.Server.csproj]
F:\Floofdev\HardLight\Content.Server\Parallax\BiomeSystem.cs(260,28): warning CS0618: 'IMapManager.GetMapEntityId(MapId)' is obsolete: 'Use MapSystem' [F:\Floofdev\HardLight\Content.Server\Content.Server.csproj]
F:\Floofdev\HardLight\Content.Server\Power\EntitySystems\CableVisSystem.cs(34,24): warning CS0618: 'MapGridComponent.TileIndicesFor(EntityCoordinates)' is obsolete: 'Use the MapSystem method' [F:\Floofdev\HardLight\Content.Server\Content.Server.csproj]
F:\Floofdev\HardLight\Content.Server\Power\EntitySystems\CableVisSystem.cs(42,33): warning CS0618: 'MapGridComponent.TileIndicesFor(EntityCoordinates)' is obsolete: 'Use the MapSystem method' [F:\Floofdev\HardLight\Content.Server\Content.Server.csproj]
F:\Floofdev\HardLight\Content.Server\Parallax\BiomeSystem.cs(969,32): warning CS0618: 'MapGridComponent.GetAnchoredEntitiesEnumerator(Vector2i)' is obsolete: 'Use the MapSystem method' [F:\Floofdev\HardLight\Content.Server\Content.Server.csproj]
F:\Floofdev\HardLight\Content.Server\Objectives\Systems\StealConditionSystem.cs(115,43): warning CS0618: 'Component.Owner' is obsolete: 'Update your API to allow accessing Owner through other means' [F:\Floofdev\HardLight\Content.Server\Content.Server.csproj]
F:\Floofdev\HardLight\Content.Server\StationEvents\EventManagerSystem.cs(305,13): warning CS0618: 'EntityPrototype.TryGetComponent<T>(out T?)' is obsolete: 'Pass in IComponentFactory' [F:\Floofdev\HardLight\Content.Server\Content.Server.csproj]
F:\Floofdev\HardLight\Content.Server\Power\Components\PowerMonitoringDeviceComponent.cs(61,51): warning CS0618: 'Component.Owner' is obsolete: 'Update your API to allow accessing Owner through other means' [F:\Floofdev\HardLight\Content.Server\Content.Server.csproj]
F:\Floofdev\HardLight\Content.Server\Power\Components\CableComponent.cs(45,32): warning CS0618: 'Component.Owner' is obsolete: 'Update your API to allow accessing Owner through other means' [F:\Floofdev\HardLight\Content.Server\Content.Server.csproj]
F:\Floofdev\HardLight\Content.Server\Power\Components\BaseNetConnectorComponent.cs(59,41): warning CS0618: 'Component.Owner' is obsolete: 'Update your API to allow accessing Owner through other means' [F:\Floofdev\HardLight\Content.Server\Content.Server.csproj]
F:\Floofdev\HardLight\Content.Server\Power\Components\ApcComponent.cs(41,23): warning CS0618: 'Component.Owner' is obsolete: 'Update your API to allow accessing Owner through other means' [F:\Floofdev\HardLight\Content.Server\Content.Server.csproj]
F:\Floofdev\HardLight\Content.Server\Power\Components\ApcComponent.cs(46,26): warning CS0618: 'Component.Owner' is obsolete: 'Update your API to allow accessing Owner through other means' [F:\Floofdev\HardLight\Content.Server\Content.Server.csproj]
F:\Floofdev\HardLight\Content.Server\StationEvents\Events\ImmovableRodRule.cs(38,31): warning CS0618: 'EntityCoordinates.ToMap(IEntityManager, SharedTransformSystem)' is obsolete: 'Use SharedTransformSystem.ToMapCoordinates()' [F:\Floofdev\HardLight\Content.Server\Content.Server.csproj]
F:\Floofdev\HardLight\Content.Server\Nyanotrasen\Psionics\PsionicsSystem.cs(76,42): warning CS0618: 'ResolvedSoundSpecifier.implicit operator ResolvedSoundSpecifier(string)' is obsolete: 'String literals for sounds are deprecated, use a SoundSpecifier or ResolvedSoundSpecifier as appropriate instead' [F:\Floofdev\HardLight\Content.Server\Content.Server.csproj]
F:\Floofdev\HardLight\Content.Server\Nyanotrasen\Psionics\PsionicsCommands.cs(37,58): warning CS0618: 'Component.Owner' is obsolete: 'Update your API to allow accessing Owner through other means' [F:\Floofdev\HardLight\Content.Server\Content.Server.csproj]
F:\Floofdev\HardLight\Content.Server\Nyanotrasen\Psionics\Glimmer\Structures\GlimmerStructuresSystem.cs(62,53): warning CS0618: 'Component.Owner' is obsolete: 'Update your API to allow accessing Owner through other means' [F:\Floofdev\HardLight\Content.Server\Content.Server.csproj]
F:\Floofdev\HardLight\Content.Server\StationEvents\Events\BluespaceLockerRule.cs(33,50): warning CS0618: 'EntityCoordinates.GetGridUid(IEntityManager)' is obsolete: 'Use SharedTransformSystem.GetGrid()' [F:\Floofdev\HardLight\Content.Server\Content.Server.csproj]
F:\Floofdev\HardLight\Content.Server\Nyanotrasen\StationEvents\Events\NoosphericFryRule.cs(68,26): warning CS0618: 'Component.Owner' is obsolete: 'Update your API to allow accessing Owner through other means' [F:\Floofdev\HardLight\Content.Server\Content.Server.csproj]
F:\Floofdev\HardLight\Content.Server\Nyanotrasen\StationEvents\Events\NoosphericFryRule.cs(70,85): warning CS0618: 'Component.Owner' is obsolete: 'Update your API to allow accessing Owner through other means' [F:\Floofdev\HardLight\Content.Server\Content.Server.csproj]
F:\Floofdev\HardLight\Content.Server\Nyanotrasen\StationEvents\Events\NoosphericFryRule.cs(70,128): warning CS0618: 'Component.Owner' is obsolete: 'Update your API to allow accessing Owner through other means' [F:\Floofdev\HardLight\Content.Server\Content.Server.csproj]
F:\Floofdev\HardLight\Content.Server\Nyanotrasen\StationEvents\Events\NoosphericFryRule.cs(71,70): warning CS0618: 'Component.Owner' is obsolete: 'Update your API to allow accessing Owner through other means' [F:\Floofdev\HardLight\Content.Server\Content.Server.csproj]
F:\Floofdev\HardLight\Content.Server\Nyanotrasen\StationEvents\Events\NoosphericFryRule.cs(71,38): warning CS0618: 'ResolvedSoundSpecifier.implicit operator ResolvedSoundSpecifier(string)' is obsolete: 'String literals for sounds are deprecated, use a SoundSpecifier or ResolvedSoundSpecifier as appropriate instead' [F:\Floofdev\HardLight\Content.Server\Content.Server.csproj]
F:\Floofdev\HardLight\Content.Server\Nyanotrasen\StationEvents\Events\NoosphericFryRule.cs(74,88): warning CS0618: 'Component.Owner' is obsolete: 'Update your API to allow accessing Owner through other means' [F:\Floofdev\HardLight\Content.Server\Content.Server.csproj]
F:\Floofdev\HardLight\Content.Server\Nyanotrasen\StationEvents\Events\NoosphericFryRule.cs(74,131): warning CS0618: 'Component.Owner' is obsolete: 'Update your API to allow accessing Owner through other means' [F:\Floofdev\HardLight\Content.Server\Content.Server.csproj]
F:\Floofdev\HardLight\Content.Server\Nyanotrasen\StationEvents\Events\NoosphericFryRule.cs(75,70): warning CS0618: 'Component.Owner' is obsolete: 'Update your API to allow accessing Owner through other means' [F:\Floofdev\HardLight\Content.Server\Content.Server.csproj]
F:\Floofdev\HardLight\Content.Server\Nyanotrasen\StationEvents\Events\NoosphericFryRule.cs(75,38): warning CS0618: 'ResolvedSoundSpecifier.implicit operator ResolvedSoundSpecifier(string)' is obsolete: 'String literals for sounds are deprecated, use a SoundSpecifier or ResolvedSoundSpecifier as appropriate instead' [F:\Floofdev\HardLight\Content.Server\Content.Server.csproj]
F:\Floofdev\HardLight\Content.Server\Nyanotrasen\StationEvents\Events\NoosphericFryRule.cs(118,35): warning CS0618: 'MapGridComponent.TileIndicesFor(EntityCoordinates)' is obsolete: 'Use the MapSystem method' [F:\Floofdev\HardLight\Content.Server\Content.Server.csproj]
F:\Floofdev\HardLight\Content.Server\Nyanotrasen\Psionics\Glimmer\GlimmerReactiveSystem.cs(118,17): warning CS0618: 'Logger.Warning(string)' is obsolete: 'Use ISawmill.Warning' [F:\Floofdev\HardLight\Content.Server\Content.Server.csproj]
F:\Floofdev\HardLight\Content.Server\Nyanotrasen\Psionics\Glimmer\GlimmerReactiveSystem.cs(306,35): warning CS0618: 'MapGridComponent.TileIndicesFor(EntityCoordinates)' is obsolete: 'Use the MapSystem method' [F:\Floofdev\HardLight\Content.Server\Content.Server.csproj]
F:\Floofdev\HardLight\Content.Server\Nyanotrasen\Psionics\Glimmer\GlimmerReactiveSystem.cs(348,43): warning CS0618: 'Component.Owner' is obsolete: 'Update your API to allow accessing Owner through other means' [F:\Floofdev\HardLight\Content.Server\Content.Server.csproj]
F:\Floofdev\HardLight\Content.Server\Nyanotrasen\Psionics\Glimmer\GlimmerReactiveSystem.cs(349,41): warning CS0618: 'Component.Owner' is obsolete: 'Update your API to allow accessing Owner through other means' [F:\Floofdev\HardLight\Content.Server\Content.Server.csproj]
F:\Floofdev\HardLight\Content.Server\Nyanotrasen\Psionics\Glimmer\GlimmerReactiveSystem.cs(361,46): warning CS0618: 'Component.Owner' is obsolete: 'Update your API to allow accessing Owner through other means' [F:\Floofdev\HardLight\Content.Server\Content.Server.csproj]
F:\Floofdev\HardLight\Content.Server\Nyanotrasen\Psionics\Dreams\DreamSystem.cs(40,46): warning CS0618: 'Component.Owner' is obsolete: 'Update your API to allow accessing Owner through other means' [F:\Floofdev\HardLight\Content.Server\Content.Server.csproj]
F:\Floofdev\HardLight\Content.Server\Nyanotrasen\Psionics\Dreams\DreamSystem.cs(54,35): warning CS0618: 'Component.Owner' is obsolete: 'Update your API to allow accessing Owner through other means' [F:\Floofdev\HardLight\Content.Server\Content.Server.csproj]
F:\Floofdev\HardLight\Content.Server\Nyanotrasen\Psionics\InnatePsionicPowersSystem.cs(28,21): warning CS0618: 'IComponent.Owner' is obsolete: 'Update your API to allow accessing Owner through other means' [F:\Floofdev\HardLight\Content.Server\Content.Server.csproj]
F:\Floofdev\HardLight\Content.Server\Nyanotrasen\Psionics\InnatePsionicPowersSystem.cs(33,21): warning CS0618: 'Logger.Error(string)' is obsolete: 'Use ISawmill.Error' [F:\Floofdev\HardLight\Content.Server\Content.Server.csproj]
F:\Floofdev\HardLight\Content.Server\Nyanotrasen\StationEvents\Events\FreeProberRule.cs(66,35): warning CS0618: 'MapGridComponent.TileIndicesFor(EntityCoordinates)' is obsolete: 'Use the MapSystem method' [F:\Floofdev\HardLight\Content.Server\Content.Server.csproj]
F:\Floofdev\HardLight\Content.Server\Nyanotrasen\StationEvents\Events\FreeProberRule.cs(77,44): warning CS0618: 'MapGridComponent.GridTileToLocal(Vector2i)' is obsolete: 'Use the MapSystem method' [F:\Floofdev\HardLight\Content.Server\Content.Server.csproj]
F:\Floofdev\HardLight\Content.Server\Nyanotrasen\Chat\NyanoChatSystem.cs(104,52): warning CS0618: 'Component.Owner' is obsolete: 'Update your API to allow accessing Owner through other means' [F:\Floofdev\HardLight\Content.Server\Content.Server.csproj]
F:\Floofdev\HardLight\Content.Server\Nuke\NukeSystem.cs(52,56): warning CS0618: 'ResolvedSoundSpecifier.implicit operator ResolvedSoundSpecifier(string)' is obsolete: 'String literals for sounds are deprecated, use a SoundSpecifier or ResolvedSoundSpecifier as appropriate instead' [F:\Floofdev\HardLight\Content.Server\Content.Server.csproj]
F:\Floofdev\HardLight\Content.Server\NPC\Systems\NPCUtilitySystem.cs(234,21): warning CS0618: 'SharedContainerSystem.TryGetContainingContainer(EntityUid, out BaseContainer?, MetaDataComponent?, TransformComponent?)' is obsolete: 'Use Entity<T> variant' [F:\Floofdev\HardLight\Content.Server\Content.Server.csproj]
F:\Floofdev\HardLight\Content.Server\NodeContainer\Nodes\PortPipeNode.cs(18,29): warning CS0618: 'MapGridComponent.TileIndicesFor(EntityCoordinates)' is obsolete: 'Use the MapSystem method' [F:\Floofdev\HardLight\Content.Server\Content.Server.csproj]
F:\Floofdev\HardLight\Content.Server\NodeContainer\Nodes\PortablePipeNode.cs(18,29): warning CS0618: 'MapGridComponent.TileIndicesFor(EntityCoordinates)' is obsolete: 'Use the MapSystem method' [F:\Floofdev\HardLight\Content.Server\Content.Server.csproj]
F:\Floofdev\HardLight\Content.Server\NodeContainer\Nodes\PipeNode.cs(180,23): warning CS0618: 'MapGridComponent.TileIndicesFor(EntityCoordinates)' is obsolete: 'Use the MapSystem method' [F:\Floofdev\HardLight\Content.Server\Content.Server.csproj]
F:\Floofdev\HardLight\Content.Server\NodeContainer\Nodes\PipeNode.cs(220,36): warning CS0618: 'MapGridComponent.GetAnchoredEntities(Vector2i)' is obsolete: 'Use the MapSystem method' [F:\Floofdev\HardLight\Content.Server\Content.Server.csproj]
F:\Floofdev\HardLight\Content.Server\NodeContainer\Nodes\NodeHelpers.cs(14,39): warning CS0618: 'MapGridComponent.GetAnchoredEntities(Vector2i)' is obsolete: 'Use the MapSystem method' [F:\Floofdev\HardLight\Content.Server\Content.Server.csproj]
F:\Floofdev\HardLight\Content.Server\NodeContainer\Nodes\NodeHelpers.cs(52,37): warning CS0618: 'MapGridComponent.GetAnchoredEntities(Vector2i)' is obsolete: 'Use the MapSystem method' [F:\Floofdev\HardLight\Content.Server\Content.Server.csproj]
F:\Floofdev\HardLight\Content.Server\NodeContainer\Nodes\NodeHelpers.cs(56,33): warning CS0618: 'MapGridComponent.GetAnchoredEntities(Vector2i)' is obsolete: 'Use the MapSystem method' [F:\Floofdev\HardLight\Content.Server\Content.Server.csproj]
F:\Floofdev\HardLight\Content.Server\NodeContainer\Nodes\NodeHelpers.cs(59,33): warning CS0618: 'MapGridComponent.GetAnchoredEntities(Vector2i)' is obsolete: 'Use the MapSystem method' [F:\Floofdev\HardLight\Content.Server\Content.Server.csproj]
F:\Floofdev\HardLight\Content.Server\NodeContainer\Nodes\NodeHelpers.cs(62,33): warning CS0618: 'MapGridComponent.GetAnchoredEntities(Vector2i)' is obsolete: 'Use the MapSystem method' [F:\Floofdev\HardLight\Content.Server\Content.Server.csproj]
F:\Floofdev\HardLight\Content.Server\NodeContainer\Nodes\NodeHelpers.cs(65,33): warning CS0618: 'MapGridComponent.GetAnchoredEntities(Vector2i)' is obsolete: 'Use the MapSystem method' [F:\Floofdev\HardLight\Content.Server\Content.Server.csproj]
F:\Floofdev\HardLight\Content.Server\NodeContainer\Nodes\AdjacentNode.cs(21,29): warning CS0618: 'MapGridComponent.TileIndicesFor(EntityCoordinates)' is obsolete: 'Use the MapSystem method' [F:\Floofdev\HardLight\Content.Server\Content.Server.csproj]
F:\Floofdev\HardLight\Content.Server\NPC\Systems\NPCCombatSystem.Ranged.cs(194,67): warning CS0618: 'MapGridComponent.WorldToLocal(Vector2)' is obsolete: 'Use the MapSystem method' [F:\Floofdev\HardLight\Content.Server\Content.Server.csproj]
F:\Floofdev\HardLight\Content.Server\MoMMI\MoMMILink.cs(51,17): warning CS0618: 'Logger.WarningS(string, string)' is obsolete: 'Use ISawmill.Warning' [F:\Floofdev\HardLight\Content.Server\Content.Server.csproj]
F:\Floofdev\HardLight\Content.Server\Mind\MindSystem.cs(295,9): warning CS0618: 'PvsOverrideSystem.ClearOverride(NetEntity)' is obsolete: 'Don't use this, clear specific overrides' [F:\Floofdev\HardLight\Content.Server\Content.Server.csproj]
F:\Floofdev\HardLight\Content.Server\NPC\Pathfinding\PathfindingSystem.Grid.cs(56,31): warning CS0618: 'MapGridComponent.GridTileToLocal(Vector2i)' is obsolete: 'Use the MapSystem method' [F:\Floofdev\HardLight\Content.Server\Content.Server.csproj]
F:\Floofdev\HardLight\Content.Server\Maps\PlanetCommand.cs(50,14): warning CS0618: 'IMapManager.MapExists(MapId?)' is obsolete: 'Use MapSystem' [F:\Floofdev\HardLight\Content.Server\Content.Server.csproj]
F:\Floofdev\HardLight\Content.Server\Maps\PlanetCommand.cs(63,22): warning CS0618: 'IMapManager.GetMapEntityId(MapId)' is obsolete: 'Use MapSystem' [F:\Floofdev\HardLight\Content.Server\Content.Server.csproj]
F:\Floofdev\HardLight\Content.Server\NPC\Pathfinding\PathfindingSystem.Grid.cs(306,42): warning CS0618: 'MapGridComponent.GridTileToLocal(Vector2i)' is obsolete: 'Use the MapSystem method' [F:\Floofdev\HardLight\Content.Server\Content.Server.csproj]
F:\Floofdev\HardLight\Content.Server\Light\EntitySystems\PoweredLightSystem.cs(328,13): warning CS0618: 'TimerExtensions.SpawnTimer(EntityUid, TimeSpan, Action, CancellationToken)' is obsolete: 'Use a system update loop instead' [F:\Floofdev\HardLight\Content.Server\Content.Server.csproj]
F:\Floofdev\HardLight\Content.Server\Medical\BiomassReclaimer\BiomassReclaimerSystem.cs(138,40): warning CS0618: 'ResolvedSoundSpecifier.implicit operator ResolvedSoundSpecifier(string)' is obsolete: 'String literals for sounds are deprecated, use a SoundSpecifier or ResolvedSoundSpecifier as appropriate instead' [F:\Floofdev\HardLight\Content.Server\Content.Server.csproj]
F:\Floofdev\HardLight\Content.Server\Hands\Systems\HandsSystem.cs(232,29): warning CS0618: 'EntityCoordinates.ToMapPos(IEntityManager, SharedTransformSystem)' is obsolete: 'Use SharedTransformSystem.ToMapCoordinates()' [F:\Floofdev\HardLight\Content.Server\Content.Server.csproj]
F:\Floofdev\HardLight\Content.Server\Hands\Systems\HandsSystem.cs(232,85): warning CS0618: 'TransformComponent.WorldPosition' is obsolete: 'Use the system method instead' [F:\Floofdev\HardLight\Content.Server\Content.Server.csproj]
F:\Floofdev\HardLight\Content.Server\Gateway\Systems\GatewayGeneratorSystem.cs(103,21): warning CS0618: 'IMapManager.CreateMap(MapId?)' is obsolete: 'Use MapSystem' [F:\Floofdev\HardLight\Content.Server\Content.Server.csproj]
F:\Floofdev\HardLight\Content.Server\Gateway\Systems\GatewayGeneratorSystem.cs(104,22): warning CS0618: 'IMapManager.GetMapEntityId(MapId)' is obsolete: 'Use MapSystem' [F:\Floofdev\HardLight\Content.Server\Content.Server.csproj]
F:\Floofdev\HardLight\Content.Server\Flash\FlashSystem.cs(104,13): warning CS0618: 'TimerExtensions.SpawnTimer(EntityUid, int, Action, CancellationToken)' is obsolete: 'Use a system update loop instead' [F:\Floofdev\HardLight\Content.Server\Content.Server.csproj]
F:\Floofdev\HardLight\Content.Server\Explosion\EntitySystems\TriggerSystem.cs(148,18): warning CS0618: 'SharedContainerSystem.TryGetContainingContainer(EntityUid, out BaseContainer?, MetaDataComponent?, TransformComponent?)' is obsolete: 'Use Entity<T> variant' [F:\Floofdev\HardLight\Content.Server\Content.Server.csproj]
F:\Floofdev\HardLight\Content.Server\Fax\FaxSystem.cs(667,33): warning CS0618: 'ResolvedSoundSpecifier.implicit operator ResolvedSoundSpecifier(string)' is obsolete: 'String literals for sounds are deprecated, use a SoundSpecifier or ResolvedSoundSpecifier as appropriate instead' [F:\Floofdev\HardLight\Content.Server\Content.Server.csproj]
F:\Floofdev\HardLight\Content.Server\Explosion\EntitySystems\TriggerSystem.cs(268,23): warning CS0618: 'TransformComponent.MapPosition' is obsolete: 'Use TransformSystem.GetMapCoordinates' [F:\Floofdev\HardLight\Content.Server\Content.Server.csproj]
F:\Floofdev\HardLight\Content.Server\EUI\EuiManager.cs(102,17): warning CS0618: 'Logger.WarningS(string, string)' is obsolete: 'Use ISawmill.Warning' [F:\Floofdev\HardLight\Content.Server\Content.Server.csproj]
F:\Floofdev\HardLight\Content.Server\Explosion\EntitySystems\SmokeOnTriggerSystem.cs(35,14): warning CS0618: 'MapGridComponent.TryGetTileRef(EntityCoordinates, out TileRef)' is obsolete: 'Use the MapSystem method' [F:\Floofdev\HardLight\Content.Server\Content.Server.csproj]
F:\Floofdev\HardLight\Content.Server\Explosion\EntitySystems\SmokeOnTriggerSystem.cs(44,22): warning CS0618: 'MapGridComponent.MapToGrid(MapCoordinates)' is obsolete: 'Use the MapSystem method' [F:\Floofdev\HardLight\Content.Server\Content.Server.csproj]
F:\Floofdev\HardLight\Content.Server\Explosion\EntitySystems\ExplosionSystem.Processing.cs(736,67): warning CS0618: 'Component.Owner' is obsolete: 'Update your API to allow accessing Owner through other means' [F:\Floofdev\HardLight\Content.Server\Content.Server.csproj]
F:\Floofdev\HardLight\Content.Server\Explosion\EntitySystems\ExplosionSystem.Processing.cs(787,93): warning CS0618: 'Component.Owner' is obsolete: 'Update your API to allow accessing Owner through other means' [F:\Floofdev\HardLight\Content.Server\Content.Server.csproj]
F:\Floofdev\HardLight\Content.Server\Explosion\EntitySystems\ExplosionSystem.Processing.cs(843,17): warning CS0618: 'MapGridComponent.TryGetTileRef(Vector2i, out TileRef)' is obsolete: 'Use the MapSystem method' [F:\Floofdev\HardLight\Content.Server\Content.Server.csproj]
F:\Floofdev\HardLight\Content.Server\Explosion\EntitySystems\ExplosionSystem.Processing.cs(855,22): warning CS0618: 'Component.Owner' is obsolete: 'Update your API to allow accessing Owner through other means' [F:\Floofdev\HardLight\Content.Server\Content.Server.csproj]
F:\Floofdev\HardLight\Content.Server\Explosion\EntitySystems\ExplosionSystem.Processing.cs(904,56): warning CS0618: 'Component.Owner' is obsolete: 'Update your API to allow accessing Owner through other means' [F:\Floofdev\HardLight\Content.Server\Content.Server.csproj]
F:\Floofdev\HardLight\Content.Server\Explosion\EntitySystems\ExplosionSystem.Processing.cs(906,37): warning CS0618: 'Component.Owner' is obsolete: 'Update your API to allow accessing Owner through other means' [F:\Floofdev\HardLight\Content.Server\Content.Server.csproj]
F:\Floofdev\HardLight\Content.Server\Engineering\EntitySystems\SpawnAfterInteractSystem.cs(37,18): warning CS0618: 'MapGridComponent.TryGetTileRef(EntityCoordinates, out TileRef)' is obsolete: 'Use the MapSystem method' [F:\Floofdev\HardLight\Content.Server\Content.Server.csproj]
F:\Floofdev\HardLight\Content.Server\Engineering\EntitySystems\SpawnAfterInteractSystem.cs(50,104): warning CS0618: 'AwaitedDoAfterEvent' is obsolete: 'Dont use async DoAfters' [F:\Floofdev\HardLight\Content.Server\Content.Server.csproj]
F:\Floofdev\HardLight\Content.Server\Engineering\EntitySystems\SpawnAfterInteractSystem.cs(54,36): warning CS0618: 'SharedDoAfterSystem.WaitDoAfter(DoAfterArgs, DoAfterComponent?)' is obsolete: 'Use the synchronous version instead.' [F:\Floofdev\HardLight\Content.Server\Content.Server.csproj]
F:\Floofdev\HardLight\Content.Server\Explosion\EntitySystems\ExplosionSystem.cs(347,50): warning CS0618: 'IMapManager.GetMapEntityId(MapId)' is obsolete: 'Use MapSystem' [F:\Floofdev\HardLight\Content.Server\Content.Server.csproj]
F:\Floofdev\HardLight\Content.Server\Explosion\EntitySystems\ExplosionSystem.cs(347,24): warning CS0618: 'EntityCoordinates.FromMap(EntityUid, MapCoordinates, SharedTransformSystem, IEntityManager?)' is obsolete: 'Use SharedTransformSystem.ToCoordinates()' [F:\Floofdev\HardLight\Content.Server\Content.Server.csproj]
F:\Floofdev\HardLight\Content.Server\Explosion\EntitySystems\ExplosionSystem.cs(348,22): warning CS0618: 'EntityCoordinates.GetGridUid(IEntityManager)' is obsolete: 'Use SharedTransformSystem.GetGrid()' [F:\Floofdev\HardLight\Content.Server\Content.Server.csproj]
F:\Floofdev\HardLight\Content.Server\Explosion\EntitySystems\ExplosionSystem.cs(352,22): warning CS0618: 'EntityCoordinates.GetGridUid(IEntityManager)' is obsolete: 'Use SharedTransformSystem.GetGrid()' [F:\Floofdev\HardLight\Content.Server\Content.Server.csproj]
F:\Floofdev\HardLight\Content.Server\Explosion\EntitySystems\ExplosionSystem.GridMap.cs(309,18): warning CS0618: 'MapGridComponent.TryGetTileRef(Vector2i, out TileRef)' is obsolete: 'Use the MapSystem method' [F:\Floofdev\HardLight\Content.Server\Content.Server.csproj]
F:\Floofdev\HardLight\Content.Server\Dragon\DragonRiftSystem.cs(86,35): warning CS0618: 'ResolvedSoundSpecifier.implicit operator ResolvedSoundSpecifier(string)' is obsolete: 'String literals for sounds are deprecated, use a SoundSpecifier or ResolvedSoundSpecifier as appropriate instead' [F:\Floofdev\HardLight\Content.Server\Content.Server.csproj]
F:\Floofdev\HardLight\Content.Server\Explosion\EntitySystems\ExplosionSystem.Processing.cs(318,55): warning CS0618: 'Component.Owner' is obsolete: 'Update your API to allow accessing Owner through other means' [F:\Floofdev\HardLight\Content.Server\Content.Server.csproj]
F:\Floofdev\HardLight\Content.Server\Explosion\EntitySystems\ExplosionSystem.Visuals.cs(47,28): warning CS0618: 'Component.Owner' is obsolete: 'Update your API to allow accessing Owner through other means' [F:\Floofdev\HardLight\Content.Server\Content.Server.csproj]
F:\Floofdev\HardLight\Content.Server\Explosion\EntitySystems\ExplosionGridTileFlood.cs(68,30): warning CS0618: 'Component.Owner' is obsolete: 'Update your API to allow accessing Owner through other means' [F:\Floofdev\HardLight\Content.Server\Content.Server.csproj]
F:\Floofdev\HardLight\Content.Server\Explosion\EntitySystems\ExplosionGridTileFlood.cs(75,72): warning CS0618: 'Component.Owner' is obsolete: 'Update your API to allow accessing Owner through other means' [F:\Floofdev\HardLight\Content.Server\Content.Server.csproj]
F:\Floofdev\HardLight\Content.Server\EntityEffects\Effects\MovespeedModifier.cs(76,9): warning CS0612: 'Component.Dirty(IEntityManager?)' is obsolete [F:\Floofdev\HardLight\Content.Server\Content.Server.csproj]
F:\Floofdev\HardLight\Content.Server\EntityEffects\Effects\DecrementBloodModificationTracker.cs(19,9): warning CS0618: 'BloodstreamSystem.DecrementBloodModificationTracker(EntityUid)' is obsolete: 'Use dynamic blood restoration instead' [F:\Floofdev\HardLight\Content.Server\Content.Server.csproj]
F:\Floofdev\HardLight\Content.Server\DeviceNetwork\Systems\DeviceNetworkSystem.cs(349,21): warning CS0618: 'Component.Owner' is obsolete: 'Update your API to allow accessing Owner through other means' [F:\Floofdev\HardLight\Content.Server\Content.Server.csproj]
F:\Floofdev\HardLight\Content.Server\DeviceNetwork\Systems\DeviceNetworkSystem.cs(353,33): warning CS0618: 'Component.Owner' is obsolete: 'Update your API to allow accessing Owner through other means' [F:\Floofdev\HardLight\Content.Server\Content.Server.csproj]
F:\Floofdev\HardLight\Content.Server\DeviceNetwork\Systems\DeviceNetworkSystem.cs(356,37): warning CS0618: 'Component.Owner' is obsolete: 'Update your API to allow accessing Owner through other means' [F:\Floofdev\HardLight\Content.Server\Content.Server.csproj]
F:\Floofdev\HardLight\Content.Server\DeviceNetwork\Systems\DeviceListSystem.cs(99,44): warning CS0618: 'Component.Owner' is obsolete: 'Update your API to allow accessing Owner through other means' [F:\Floofdev\HardLight\Content.Server\Content.Server.csproj]
F:\Floofdev\HardLight\Content.Server\DeviceNetwork\Systems\ApcNetworkSystem.cs(41,48): warning CS0618: 'Component.Owner' is obsolete: 'Update your API to allow accessing Owner through other means' [F:\Floofdev\HardLight\Content.Server\Content.Server.csproj]
F:\Floofdev\HardLight\Content.Server\EntityEffects\Effects\AreaReactionEffect.cs(88,61): warning CS0618: 'AudioHelpers.WithVariation(float)' is obsolete: 'Use AudioParams.Variation data-field' [F:\Floofdev\HardLight\Content.Server\Content.Server.csproj]
F:\Floofdev\HardLight\Content.Server\EntityEffects\EffectConditions\JobCondition.cs(31,17): warning CS0618: 'Logger.Error(string)' is obsolete: 'Use ISawmill.Error' [F:\Floofdev\HardLight\Content.Server\Content.Server.csproj]
F:\Floofdev\HardLight\Content.Server\EntityEffects\EffectConditions\JobCondition.cs(37,17): warning CS0618: 'Logger.Error(string)' is obsolete: 'Use ISawmill.Error' [F:\Floofdev\HardLight\Content.Server\Content.Server.csproj]
F:\Floofdev\HardLight\Content.Server\Construction\ConstructionSystem.Graph.cs(367,13): warning CS0618: 'TransformComponent.Anchored.set' is obsolete: 'Use the SharedTransformSystem.AnchorEntity/Unanchor methods instead.' [F:\Floofdev\HardLight\Content.Server\Content.Server.csproj]
F:\Floofdev\HardLight\Content.Server\Connection\ConnectionManager.cs(251,29): warning CS0618: 'EntitySystem.TryGet<T>(out T?)' is obsolete: 'Either use a dependency, resolve and cache IEntityManager manually, or use EntityManager.System<T>()' [F:\Floofdev\HardLight\Content.Server\Content.Server.csproj]
F:\Floofdev\HardLight\Content.Server\Cloning\CloningConsoleSystem.cs(270,25): warning CS0162: Unreachable code detected [F:\Floofdev\HardLight\Content.Server\Content.Server.csproj]
F:\Floofdev\HardLight\Content.Server\Construction\ConstructionSystem.Initial.cs(91,78): warning CS0618: 'SharedContainerSystem.IsInSameOrParentContainer(EntityUid, EntityUid)' is obsolete: 'Use Entity<T> variant' [F:\Floofdev\HardLight\Content.Server\Content.Server.csproj]
F:\Floofdev\HardLight\Content.Server\Construction\ConstructionSystem.Initial.cs(257,85): warning CS0618: 'AwaitedDoAfterEvent' is obsolete: 'Dont use async DoAfters' [F:\Floofdev\HardLight\Content.Server\Content.Server.csproj]
F:\Floofdev\HardLight\Content.Server\Construction\ConstructionSystem.Initial.cs(267,23): warning CS0618: 'SharedDoAfterSystem.WaitDoAfter(DoAfterArgs, DoAfterComponent?)' is obsolete: 'Use the synchronous version instead.' [F:\Floofdev\HardLight\Content.Server\Content.Server.csproj]
F:\Floofdev\HardLight\Content.Server\InteractionVerbs\Actions\ChatMessageAction.cs(51,14): warning CS0618: 'Loc.TryGetString(string, out string?, params (string, object)[])' is obsolete: 'Use ILocalizationManager' [F:\Floofdev\HardLight\Content.Server\Content.Server.csproj]
F:\Floofdev\HardLight\Content.Server\Instruments\InstrumentComponent.cs(20,60): warning CS0618: 'Component.Owner' is obsolete: 'Update your API to allow accessing Owner through other means' [F:\Floofdev\HardLight\Content.Server\Content.Server.csproj]
F:\Floofdev\HardLight\Content.Server\Instruments\InstrumentComponent.cs(21,55): warning CS0618: 'Component.Owner' is obsolete: 'Update your API to allow accessing Owner through other means' [F:\Floofdev\HardLight\Content.Server\Content.Server.csproj]
F:\Floofdev\HardLight\Content.Server\GameTicking\Commands\JoinGameCommand.cs(49,17): warning CS0618: 'Logger.InfoS(string, string)' is obsolete: 'Use ISawmill.Info' [F:\Floofdev\HardLight\Content.Server\Content.Server.csproj]
F:\Floofdev\HardLight\Content.Server\GameTicking\GameTicker.Player.cs(133,25): warning CS0618: 'PvsOverrideSystem.ClearOverride(NetEntity)' is obsolete: 'Don't use this, clear specific overrides' [F:\Floofdev\HardLight\Content.Server\Content.Server.csproj]
F:\Floofdev\HardLight\Content.Server\GameTicking\GameTicker.RoundFlow.cs(108,17): warning CS0618: 'IMapManager.MapExists(MapId?)' is obsolete: 'Use MapSystem' [F:\Floofdev\HardLight\Content.Server\Content.Server.csproj]
F:\Floofdev\HardLight\Content.Server\GameTicking\GameTicker.RoundFlow.cs(557,39): warning CS0618: 'IMapManager.GetMapEntityId(MapId)' is obsolete: 'Use MapSystem' [F:\Floofdev\HardLight\Content.Server\Content.Server.csproj]
F:\Floofdev\HardLight\Content.Server\GameTicking\GameTicker.RoundFlow.cs(558,17): warning CS8073: The result of the expression is always 'true' since a value of type 'MapId' is never equal to 'null' of type 'MapId?' [F:\Floofdev\HardLight\Content.Server\Content.Server.csproj]
F:\Floofdev\HardLight\Content.Server\Chemistry\TileReactions\CreateEntityTileReaction.cs(49,37): warning CS0618: 'TurfHelpers.GetEntitiesInTile(TileRef, LookupFlags, EntityLookupSystem?)' is obsolete: 'Use the lookup system' [F:\Floofdev\HardLight\Content.Server\Content.Server.csproj]
F:\Floofdev\HardLight\Content.Server\GameTicking\GameTicker.RoundFlow.cs(810,33): warning CS0618: 'EntitySystem.Get<T>()' is obsolete: 'Either use a dependency, resolve and cache IEntityManager manually, or use EntityManager.System<T>()' [F:\Floofdev\HardLight\Content.Server\Content.Server.csproj]
F:\Floofdev\HardLight\Content.Server\GameTicking\GameTicker.RoundFlow.cs(813,45): warning CS0618: 'Component.Owner' is obsolete: 'Update your API to allow accessing Owner through other means' [F:\Floofdev\HardLight\Content.Server\Content.Server.csproj]
F:\Floofdev\HardLight\Content.Server\GameTicking\GameTicker.RoundFlow.cs(845,49): warning CS0618: 'Component.Owner' is obsolete: 'Update your API to allow accessing Owner through other means' [F:\Floofdev\HardLight\Content.Server\Content.Server.csproj]
F:\Floofdev\HardLight\Content.Server\GameTicking\GameTicker.RoundFlow.cs(852,52): warning CS0618: 'Component.Owner' is obsolete: 'Update your API to allow accessing Owner through other means' [F:\Floofdev\HardLight\Content.Server\Content.Server.csproj]
F:\Floofdev\HardLight\Content.Server\GameTicking\GameTicker.Spawning.cs(465,17): warning CS0618: 'IMapManager.MapExists(MapId?)' is obsolete: 'Use MapSystem' [F:\Floofdev\HardLight\Content.Server\Content.Server.csproj]
F:\Floofdev\HardLight\Content.Server\GameTicking\GameTicker.Spawning.cs(467,30): warning CS0618: 'IMapManager.GetMapEntityId(MapId)' is obsolete: 'Use MapSystem' [F:\Floofdev\HardLight\Content.Server\Content.Server.csproj]
F:\Floofdev\HardLight\Content.Server\GameTicking\GameTicker.Spawning.cs(473,33): warning CS0618: 'IMapManager.GetAllMapIds()' is obsolete: 'Use MapSystem' [F:\Floofdev\HardLight\Content.Server\Content.Server.csproj]
F:\Floofdev\HardLight\Content.Server\GameTicking\GameTicker.Spawning.cs(475,30): warning CS0618: 'IMapManager.GetMapEntityId(MapId)' is obsolete: 'Use MapSystem' [F:\Floofdev\HardLight\Content.Server\Content.Server.csproj]
F:\Floofdev\HardLight\Content.Server\Chat\Managers\ChatManager.cs(113,9): warning CS0618: 'Logger.InfoS(string, string)' is obsolete: 'Use ISawmill.Info' [F:\Floofdev\HardLight\Content.Server\Content.Server.csproj]
F:\Floofdev\HardLight\Content.Server\Nyanotrasen\Chat\TSayCommand.cs(41,13): warning CS0618: 'EntitySystem.Get<T>()' is obsolete: 'Either use a dependency, resolve and cache IEntityManager manually, or use EntityManager.System<T>()' [F:\Floofdev\HardLight\Content.Server\Content.Server.csproj]
F:\Floofdev\HardLight\Content.Server\Chat\Systems\ChatSystem.cs(343,59): warning CS0618: 'ResolvedSoundSpecifier.implicit operator ResolvedSoundSpecifier(string)' is obsolete: 'String literals for sounds are deprecated, use a SoundSpecifier or ResolvedSoundSpecifier as appropriate instead' [F:\Floofdev\HardLight\Content.Server\Content.Server.csproj]
F:\Floofdev\HardLight\Content.Server\Chat\Systems\ChatSystem.cs(373,31): warning CS0618: 'ResolvedSoundSpecifier.implicit operator ResolvedSoundSpecifier(string)' is obsolete: 'String literals for sounds are deprecated, use a SoundSpecifier or ResolvedSoundSpecifier as appropriate instead' [F:\Floofdev\HardLight\Content.Server\Content.Server.csproj]
F:\Floofdev\HardLight\Content.Server\Chat\Systems\ChatSystem.cs(413,31): warning CS0618: 'ResolvedSoundSpecifier.implicit operator ResolvedSoundSpecifier(string)' is obsolete: 'String literals for sounds are deprecated, use a SoundSpecifier or ResolvedSoundSpecifier as appropriate instead' [F:\Floofdev\HardLight\Content.Server\Content.Server.csproj]
F:\Floofdev\HardLight\Content.Server\Chat\Systems\ChatSystem.cs(648,25): warning CS0618: 'FormattedMessage.RemoveMarkup(string)' is obsolete: 'Use RemoveMarkupOrThrow or RemoveMarkupPermissive' [F:\Floofdev\HardLight\Content.Server\Content.Server.csproj]
F:\Floofdev\HardLight\Content.Server\Construction\Conditions\ComponentInTile.cs(61,28): warning CS0618: 'TurfHelpers.GetEntitiesInTile(TileRef, LookupFlags, EntityLookupSystem?)' is obsolete: 'Use the lookup system' [F:\Floofdev\HardLight\Content.Server\Content.Server.csproj]
F:\Floofdev\HardLight\Content.Server\Construction\Completions\BuildMech.cs(31,13): warning CS0618: 'Logger.Warning(string)' is obsolete: 'Use ISawmill.Warning' [F:\Floofdev\HardLight\Content.Server\Content.Server.csproj]
F:\Floofdev\HardLight\Content.Server\Construction\Completions\BuildMech.cs(40,13): warning CS0618: 'Logger.Warning(string)' is obsolete: 'Use ISawmill.Warning' [F:\Floofdev\HardLight\Content.Server\Content.Server.csproj]
F:\Floofdev\HardLight\Content.Server\Construction\Completions\BuildMech.cs(46,13): warning CS0618: 'Logger.Warning(string)' is obsolete: 'Use ISawmill.Warning' [F:\Floofdev\HardLight\Content.Server\Content.Server.csproj]
F:\Floofdev\HardLight\Content.Server\Construction\Completions\BuildMech.cs(53,13): warning CS0618: 'Logger.Warning(string)' is obsolete: 'Use ISawmill.Warning' [F:\Floofdev\HardLight\Content.Server\Content.Server.csproj]
F:\Floofdev\HardLight\Content.Server\Abilities\Psionics\Abilities\AnomalyPowerSystem.Injection.cs(10,54): warning CS0649: Field 'AnomalyPowerSystem._injectableQuery' is never assigned to, and will always have its default value [F:\Floofdev\HardLight\Content.Server\Content.Server.csproj]
F:\Floofdev\HardLight\Content.Server\_NF\Shipyard\Systems\ShipyardSystem.Consoles.cs(75,48): warning CS0414: The field 'ShipyardSystem._chatManager' is assigned but its value is never used [F:\Floofdev\HardLight\Content.Server\Content.Server.csproj]
F:\Floofdev\HardLight\Content.Server\Shuttles\Systems\ArrivalsSystem.cs(61,47): warning CS0414: The field 'ArrivalsSystem._actor' is assigned but its value is never used [F:\Floofdev\HardLight\Content.Server\Content.Server.csproj]
F:\Floofdev\HardLight\Content.Server\StationEvents\EventManagerSystem.cs(31,22): warning CS0414: The field 'EventManagerSystem._sawmill' is assigned but its value is never used [F:\Floofdev\HardLight\Content.Server\Content.Server.csproj]
F:\Floofdev\HardLight\Content.Server\Shuttles\ShipSerializationSystem.cs(55,56): warning CS0414: The field 'ShipSerializationSystem._atmosphere' is assigned but its value is never used [F:\Floofdev\HardLight\Content.Server\Content.Server.csproj]
F:\Floofdev\HardLight\Content.Server\_Shitmed\Body\Systems\EyesSystem.cs(12,54): warning CS0414: The field 'EyesSystem._entityManager' is assigned but its value is never used [F:\Floofdev\HardLight\Content.Server\Content.Server.csproj]
F:\Floofdev\HardLight\Content.Server\_HL\RoundPersistence\Systems\PlayerPaymentPersistenceSystem.cs(29,46): warning CS0414: The field 'PlayerPaymentPersistenceSystem._mind' is assigned but its value is never used [F:\Floofdev\HardLight\Content.Server\Content.Server.csproj]
F:\Floofdev\HardLight\Content.Server\Weapons\Ranged\Systems\GunSystem.cs(42,51): warning CS0414: The field 'GunSystem._powerCell' is assigned but its value is never used [F:\Floofdev\HardLight\Content.Server\Content.Server.csproj]
F:\Floofdev\HardLight\Content.Server\Cloning\RandomCloneSpawnerSystem.cs(17,57): warning CS0414: The field 'RandomCloneSpawnerSystem._transformSystem' is assigned but its value is never used [F:\Floofdev\HardLight\Content.Server\Content.Server.csproj]
F:\Floofdev\HardLight\Content.Server\_NF\Shipyard\Systems\ShipyardSystem.cs(80,53): warning CS0414: The field 'ShipyardSystem._netManager' is assigned but its value is never used [F:\Floofdev\HardLight\Content.Server\Content.Server.csproj]
F:\Floofdev\HardLight\Content.Server\_Crescent\Cybernetics\InternalBombSystem.cs(15,53): warning CS0414: The field 'InternalBombSystem._gibbing' is assigned but its value is never used [F:\Floofdev\HardLight\Content.Server\Content.Server.csproj]
F:\Floofdev\HardLight\Content.Server\Nyanotrasen\StationEvents\Events\FreeProberRule.cs(18,47): warning CS0414: The field 'FreeProberRule._mapManager' is assigned but its value is never used [F:\Floofdev\HardLight\Content.Server\Content.Server.csproj]
F:\Floofdev\HardLight\Content.Server\_EinsteinEngines\Silicon\DeadStartupButton\DeadStartupButtonSystem.cs(28,46): warning CS0414: The field 'DeadStartupButtonSystem._chatSystem' is assigned but its value is never used [F:\Floofdev\HardLight\Content.Server\Content.Server.csproj]
F:\Floofdev\HardLight\Content.Server\Nyanotrasen\StationEvents\Events\NoosphericFryRule.cs(30,47): warning CS0414: The field 'NoosphericFryRule._mapManager' is assigned but its value is never used [F:\Floofdev\HardLight\Content.Server\Content.Server.csproj]
F:\Floofdev\HardLight\Content.Server\Nyanotrasen\Psionics\Glimmer\PassiveGlimmerReductionSystem.cs(20,69): warning CS0414: The field 'PassiveGlimmerReductionSystem._cartridgeSys' is assigned but its value is never used [F:\Floofdev\HardLight\Content.Server\Content.Server.csproj]
F:\Floofdev\HardLight\Content.Server\_NF\Shipyard\Systems\ShipyardSystem.Consoles.cs(78,47): warning CS0414: The field 'ShipyardSystem._mapManager' is assigned but its value is never used [F:\Floofdev\HardLight\Content.Server\Content.Server.csproj]
F:\Floofdev\HardLight\Content.Server\GameTicking\GameTicker.RoundFlow.cs(46,54): warning CS0414: The field 'GameTicker._arrivalsSystem' is assigned but its value is never used [F:\Floofdev\HardLight\Content.Server\Content.Server.csproj]
F:\Floofdev\HardLight\Content.Server\Shuttles\Systems\ArrivalsSystem.cs(69,49): warning CS0414: The field 'ArrivalsSystem._shuttles' is assigned but its value is never used [F:\Floofdev\HardLight\Content.Server\Content.Server.csproj]
F:\Floofdev\HardLight\Content.Server\_Crescent\Cybernetics\MantisBladeSystem.cs(31,55): warning CS0414: The field 'MantisBladeSystem._explosion' is assigned but its value is never used [F:\Floofdev\HardLight\Content.Server\Content.Server.csproj]
F:\Floofdev\HardLight\Content.Server\Shuttles\Systems\ArrivalsSystem.cs(70,57): warning CS0414: The field 'ArrivalsSystem._stationSpawning' is assigned but its value is never used [F:\Floofdev\HardLight\Content.Server\Content.Server.csproj]
F:\Floofdev\HardLight\Content.Server\Shuttles\Systems\ArrivalsSystem.cs(58,47): warning CS0414: The field 'ArrivalsSystem._timing' is assigned but its value is never used [F:\Floofdev\HardLight\Content.Server\Content.Server.csproj]
F:\Floofdev\HardLight\Content.Server\Administration\Commands\PrisonerCommands.cs(106,53): warning CS0414: The field 'PermaPardonCommand._prototypes' is assigned but its value is never used [F:\Floofdev\HardLight\Content.Server\Content.Server.csproj]
F:\Floofdev\HardLight\Content.Server\Shuttles\ShipSerializationSystem.cs(59,57): warning CS0414: The field 'ShipSerializationSystem._netManager' is assigned but its value is never used [F:\Floofdev\HardLight\Content.Server\Content.Server.csproj]
F:\Floofdev\HardLight\Content.Server\_Shitmed\Body\Organ\CerebralImplantSystem.cs(11,52): warning CS0414: The field 'CerebralImplantSystem._bodySystem' is assigned but its value is never used [F:\Floofdev\HardLight\Content.Server\Content.Server.csproj]
F:\Floofdev\HardLight\Content.Server\Shuttles\Systems\ArrivalsSystem.cs(55,48): warning CS0414: The field 'ArrivalsSystem._chat' is assigned but its value is never used [F:\Floofdev\HardLight\Content.Server\Content.Server.csproj]
F:\Floofdev\HardLight\Content.Server\Salvage\SalvageSystem.ExpeditionConsole.cs(38,49): warning CS0414: The field 'SalvageSystem._salvage' is assigned but its value is never used [F:\Floofdev\HardLight\Content.Server\Content.Server.csproj]
F:\Floofdev\HardLight\Content.Server\Shuttles\Systems\ArrivalsSystem.cs(63,55): warning CS0414: The field 'ArrivalsSystem._deviceNetworkSystem' is assigned but its value is never used [F:\Floofdev\HardLight\Content.Server\Content.Server.csproj]
F:\Floofdev\HardLight\Content.Server\Shuttles\Systems\ShuttleConsoleSystem.cs(40,49): warning CS0414: The field 'ShuttleConsoleSystem._station' is assigned but its value is never used [F:\Floofdev\HardLight\Content.Server\Content.Server.csproj]
F:\Floofdev\HardLight\Content.Server\Cloning\RandomCloneSpawnerSystem.cs(18,52): warning CS0414: The field 'RandomCloneSpawnerSystem._mind' is assigned but its value is never used [F:\Floofdev\HardLight\Content.Server\Content.Server.csproj]
F:\Floofdev\HardLight\Content.Server\_HL\RoundPersistence\Systems\PlayerPaymentPersistenceSystem.cs(28,47): warning CS0414: The field 'PlayerPaymentPersistenceSystem._timing' is assigned but its value is never used [F:\Floofdev\HardLight\Content.Server\Content.Server.csproj]
F:\Floofdev\HardLight\Content.Server\_Crescent\Cybernetics\MantisBladeSystem.cs(21,53): warning CS0414: The field 'MantisBladeSystem._gibbing' is assigned but its value is never used [F:\Floofdev\HardLight\Content.Server\Content.Server.csproj]
F:\Floofdev\HardLight\Content.Server\_NF\Shipyard\Systems\ShipyardSystem.cs(82,52): warning CS0414: The field 'ShipyardSystem._resources' is assigned but its value is never used [F:\Floofdev\HardLight\Content.Server\Content.Server.csproj]
F:\Floofdev\HardLight\Content.Server\Cloning\CloningPodSystem.cs(49,50): warning CS0414: The field 'CloningPodSystem._mobStateSystem' is assigned but its value is never used [F:\Floofdev\HardLight\Content.Server\Content.Server.csproj]
F:\Floofdev\HardLight\Content.Server\Shuttles\ShipSerializationSystem.cs(63,51): warning CS0414: The field 'ShipSerializationSystem._gameManager' is assigned but its value is never used [F:\Floofdev\HardLight\Content.Server\Content.Server.csproj]
F:\Floofdev\HardLight\Content.Server\Nyanotrasen\Psionics\Invisibility\PsionicInvisibleContactsSystem.cs(16,51): warning CS0414: The field 'PsionicInvisibleContactsSystem._gameTiming' is assigned but its value is never used [F:\Floofdev\HardLight\Content.Server\Content.Server.csproj]
F:\Floofdev\HardLight\Content.Server\Shuttles\Systems\ArrivalsSystem.cs(68,57): warning CS0414: The field 'ArrivalsSystem._transform' is assigned but its value is never used [F:\Floofdev\HardLight\Content.Server\Content.Server.csproj]
F:\Floofdev\HardLight\Content.Server\Silicons\Borgs\BorgSystem.cs(63,56): warning CS0414: The field 'BorgSystem._player' is assigned but its value is never used [F:\Floofdev\HardLight\Content.Server\Content.Server.csproj]
F:\Floofdev\HardLight\Content.Server\Shuttles\Save\ShipSaveSystem.cs(21,60): warning CS0414: The field 'ShipSaveSystem._entitySystemManager' is assigned but its value is never used [F:\Floofdev\HardLight\Content.Server\Content.Server.csproj]
F:\Floofdev\HardLight\Content.Server\Shuttles\Systems\ArrivalsSystem.cs(57,48): warning CS0414: The field 'ArrivalsSystem._console' is assigned but its value is never used [F:\Floofdev\HardLight\Content.Server\Content.Server.csproj]
F:\Floofdev\HardLight\Content.Server\_NF\Shipyard\Systems\ShipyardSystem.cs(78,50): warning CS0414: The field 'ShipyardSystem._entityManager' is assigned but its value is never used [F:\Floofdev\HardLight\Content.Server\Content.Server.csproj]
F:\Floofdev\HardLight\Content.Server\_EinsteinEngines\Power\Systems\BatteryDrinkerSystem.cs(29,51): warning CS0414: The field 'BatteryDrinkerSystem._powerCell' is assigned but its value is never used [F:\Floofdev\HardLight\Content.Server\Content.Server.csproj]
F:\Floofdev\HardLight\Content.Server\_NF\Shipyard\Systems\ShipEventHandlerSystem.cs(19,50): warning CS0414: The field 'ShipEventHandlerSystem._entityManager' is assigned but its value is never used [F:\Floofdev\HardLight\Content.Server\Content.Server.csproj]
F:\Floofdev\HardLight\Content.Server\Cloning\RandomCloneSpawnerSystem.cs(14,49): warning CS0414: The field 'RandomCloneSpawnerSystem._cloning' is assigned but its value is never used [F:\Floofdev\HardLight\Content.Server\Content.Server.csproj]
F:\Floofdev\HardLight\Content.Server\_Crescent\Cybernetics\MantisBladeSystem.cs(23,50): warning CS0414: The field 'MantisBladeSystem._body' is assigned but its value is never used [F:\Floofdev\HardLight\Content.Server\Content.Server.csproj]
F:\Floofdev\HardLight\Content.Server\Worldgen\Systems\Debris\DebrisFeaturePlacerSystem.cs(22,49): warning CS0414: The field 'DebrisFeaturePlacerSystem._gc' is assigned but its value is never used [F:\Floofdev\HardLight\Content.Server\Content.Server.csproj]
F:\Floofdev\HardLight\Content.Server\Shuttles\ShipSerializationSystem.cs(61,61): warning CS0414: The field 'ShipSerializationSystem._serverIdentity' is assigned but its value is never used [F:\Floofdev\HardLight\Content.Server\Content.Server.csproj]
F:\Floofdev\HardLight\Content.Server\Weapons\Ranged\Systems\GunSystem.cs(36,49): warning CS0414: The field 'GunSystem._battery' is assigned but its value is never used [F:\Floofdev\HardLight\Content.Server\Content.Server.csproj]
F:\Floofdev\HardLight\Content.Server\Shuttles\Save\ShipSaveSystem.cs(20,51): warning CS0414: The field 'ShipSaveSystem._mapManager' is assigned but its value is never used [F:\Floofdev\HardLight\Content.Server\Content.Server.csproj]
F:\Floofdev\HardLight\Content.Server\Shuttles\Systems\ArrivalsSystem.cs(64,46): warning CS0414: The field 'ArrivalsSystem._ticker' is assigned but its value is never used [F:\Floofdev\HardLight\Content.Server\Content.Server.csproj]
F:\Floofdev\HardLight\Content.Server\Nyanotrasen\Psionics\InnatePsionicPowersSystem.cs(10,57): warning CS0414: The field 'InnatePsionicPowersSystem._prototypeManager' is assigned but its value is never used [F:\Floofdev\HardLight\Content.Server\Content.Server.csproj]
F:\Floofdev\HardLight\Content.Server\_Shitmed\Body\Organ\DermisSystem.cs(11,52): warning CS0414: The field 'DermisSystem._bodySystem' is assigned but its value is never used [F:\Floofdev\HardLight\Content.Server\Content.Server.csproj]
F:\Floofdev\HardLight\Content.Server\Cloning\CloningConsoleSystem.cs(85,54): warning CS0414: The field 'CloningConsoleSystem._mobStateSystem' is assigned but its value is never used [F:\Floofdev\HardLight\Content.Server\Content.Server.csproj]
F:\Floofdev\HardLight\Content.Server\Shuttles\Save\ShipSaveSystem.cs(22,57): warning CS0414: The field 'ShipSaveSystem._netManager' is assigned but its value is never used [F:\Floofdev\HardLight\Content.Server\Content.Server.csproj]
F:\Floofdev\HardLight\Content.Server\Shuttles\ShipSerializationSystem.cs(58,61): warning CS0414: The field 'ShipSerializationSystem._configManager' is assigned but its value is never used [F:\Floofdev\HardLight\Content.Server\Content.Server.csproj]
F:\Floofdev\HardLight\Content.Server\Research\Systems\ResearchSystem.cs(25,53): warning CS0414: The field 'ResearchSystem._station' is assigned but its value is never used [F:\Floofdev\HardLight\Content.Server\Content.Server.csproj]
F:\Floofdev\HardLight\Content.Server\_EinsteinEngines\Power\Systems\BatteryDrinkerSystem.cs(23,51): warning CS0414: The field 'BatteryDrinkerSystem._slots' is assigned but its value is never used [F:\Floofdev\HardLight\Content.Server\Content.Server.csproj]
F:\Floofdev\HardLight\Content.Server\Nyanotrasen\Psionics\Glimmer\GlimmerReactiveSystem.cs(45,51): warning CS0414: The field 'GlimmerReactiveSystem._mapManager' is assigned but its value is never used [F:\Floofdev\HardLight\Content.Server\Content.Server.csproj]
F:\Floofdev\HardLight\Content.Server\Medical\HealingSystem.cs(38,57): warning CS0414: The field 'HealingSystem._targetingSystem' is assigned but its value is never used [F:\Floofdev\HardLight\Content.Server\Content.Server.csproj]
F:\Floofdev\HardLight\Content.Server\_Shitmed\Medical\Surgery\SurgerySystem.cs(41,51): warning CS0414: The field 'SurgerySystem._blindableSystem' is assigned but its value is never used [F:\Floofdev\HardLight\Content.Server\Content.Server.csproj]
F:\Floofdev\HardLight\Content.Server\Medical\HealthAnalyzerSystem.cs(41,51): warning CS0414: The field 'HealthAnalyzerSystem._transformSystem' is assigned but its value is never used [F:\Floofdev\HardLight\Content.Server\Content.Server.csproj]
F:\Floofdev\HardLight\Content.Server\Cloning\RandomCloneSpawnerSystem.cs(15,53): warning CS0414: The field 'RandomCloneSpawnerSystem._prototypeManager' is assigned but its value is never used [F:\Floofdev\HardLight\Content.Server\Content.Server.csproj]
F:\Floofdev\HardLight\Content.Server\_Crescent\Cybernetics\MantisBladeSystem.cs(33,55): warning CS0414: The field 'MantisBladeSystem._inventory' is assigned but its value is never used [F:\Floofdev\HardLight\Content.Server\Content.Server.csproj]
F:\Floofdev\HardLight\Content.Server\Nyanotrasen\Psionics\Dreams\DreamSystem.cs(14,50): warning CS0414: The field 'DreamsSystem._chat' is assigned but its value is never used [F:\Floofdev\HardLight\Content.Server\Content.Server.csproj]
F:\Floofdev\HardLight\Content.Server\Cloning\RandomCloneSpawnerSystem.cs(16,49): warning CS0414: The field 'RandomCloneSpawnerSystem._random' is assigned but its value is never used [F:\Floofdev\HardLight\Content.Server\Content.Server.csproj]
F:\Floofdev\HardLight\Content.Server\Nyanotrasen\Psionics\Glimmer\GlimmerReactiveSystem.cs(381,12): warning RA0003: Class must be explicitly marked as [Virtual], abstract, static or sealed [F:\Floofdev\HardLight\Content.Server\Content.Server.csproj]
F:\Floofdev\HardLight\Content.Server\_Shitmed\DelayedDeath\DelayedDeathSystem.cs(7,16): warning RA0003: Class must be explicitly marked as [Virtual], abstract, static or sealed [F:\Floofdev\HardLight\Content.Server\Content.Server.csproj]
F:\Floofdev\HardLight\Content.Server\_NF\Shipyard\Systems\ShipyardSystem.cs(182,14): warning RA0030: Use the non-generic variant of this method for type TransformComponent [F:\Floofdev\HardLight\Content.Server\Content.Server.csproj]
F:\Floofdev\HardLight\Content.Server\_NF\Shipyard\Systems\ShipyardSystem.cs(210,14): warning RA0030: Use the non-generic variant of this method for type TransformComponent [F:\Floofdev\HardLight\Content.Server\Content.Server.csproj]
F:\Floofdev\HardLight\Content.Server\_NF\Shipyard\Systems\ShipyardSystem.cs(262,14): warning RA0030: Use the non-generic variant of this method for type TransformComponent [F:\Floofdev\HardLight\Content.Server\Content.Server.csproj]
F:\Floofdev\HardLight\Content.Server\_NF\Shipyard\Systems\ShipyardSystem.cs(429,17): warning RA0030: Use the non-generic variant of this method for type TransformComponent [F:\Floofdev\HardLight\Content.Server\Content.Server.csproj]
F:\Floofdev\HardLight\Content.Server\_NF\Shipyard\Systems\ShipyardSystem.cs(504,17): warning RA0030: Use the non-generic variant of this method for type TransformComponent [F:\Floofdev\HardLight\Content.Server\Content.Server.csproj]
F:\Floofdev\HardLight\Content.Server\_NF\Shipyard\Systems\ShipyardSystem.cs(527,21): warning RA0030: Use the non-generic variant of this method for type MetaDataComponent [F:\Floofdev\HardLight\Content.Server\Content.Server.csproj]
F:\Floofdev\HardLight\Content.Server\_NF\Shipyard\Systems\ShipyardSystem.cs(537,17): warning RA0030: Use the non-generic variant of this method for type MetaDataComponent [F:\Floofdev\HardLight\Content.Server\Content.Server.csproj]
F:\Floofdev\HardLight\Content.Server\_NF\Shipyard\Systems\ShipyardSystem.cs(556,17): warning RA0030: Use the non-generic variant of this method for type TransformComponent [F:\Floofdev\HardLight\Content.Server\Content.Server.csproj]
F:\Floofdev\HardLight\Content.Server\_NF\Shipyard\Systems\ShipyardSystem.cs(590,17): warning RA0030: Use the non-generic variant of this method for type TransformComponent [F:\Floofdev\HardLight\Content.Server\Content.Server.csproj]
F:\Floofdev\HardLight\Content.Server\_NF\Shipyard\Systems\ShipyardSystem.cs(941,18): warning RA0030: Use the non-generic variant of this method for type TransformComponent [F:\Floofdev\HardLight\Content.Server\Content.Server.csproj]
F:\Floofdev\HardLight\Content.Server\Anomaly\AnomalySystem.Psionics.cs(11,49): warning RA0032: Another [Dependency] field of type 'Robust.Shared.Random.IRobustRandom' already exists in this type with field '_random' [F:\Floofdev\HardLight\Content.Server\Content.Server.csproj]
F:\Floofdev\HardLight\Content.Server\_HL\RoundPersistence\Systems\RoundPersistenceSystem.cs(172,14): warning RA0030: Use the non-generic variant of this method for type TransformComponent [F:\Floofdev\HardLight\Content.Server\Content.Server.csproj]
F:\Floofdev\HardLight\Content.Server\Trash\TrashCleanupSystem.cs(130,17): warning RA0030: Use the non-generic variant of this method for type TransformComponent [F:\Floofdev\HardLight\Content.Server\Content.Server.csproj]
F:\Floofdev\HardLight\Content.Server\Speech\EntitySystems\ReplacementAccentSystem.cs(66,30): warning RA0026: Usage of a static Regex function that takes in a pattern string. This can cause constant re-parsing of the pattern. [F:\Floofdev\HardLight\Content.Server\Content.Server.csproj]
F:\Floofdev\HardLight\Content.Server\Speech\EntitySystems\ReplacementAccentSystem.cs(69,35): warning RA0026: Usage of a static Regex function that takes in a pattern string. This can cause constant re-parsing of the pattern. [F:\Floofdev\HardLight\Content.Server\Content.Server.csproj]
F:\Floofdev\HardLight\Content.Server\Salvage\SalvageSystem.ExpeditionConsole.cs(93,14): warning RA0030: Use the non-generic variant of this method for type TransformComponent [F:\Floofdev\HardLight\Content.Server\Content.Server.csproj]
F:\Floofdev\HardLight\Content.Server\Abilities\Psionics\PsionicFamiliarSystem.cs(61,32): error CS1061: 'PsionicFamiliarComponent' does not contain a definition for 'InheritMasterFactions' and no accessible extension method 'InheritMasterFactions' accepting a first argument of type 'PsionicFamiliarComponent' could be found (are you missing a using directive or an assembly reference?) [F:\Floofdev\HardLight\Content.Server\Content.Server.csproj]
F:\Floofdev\HardLight\Content.Server\Abilities\Psionics\PsionicFamiliarSystem.cs(63,16): error CS8602: Dereference of a possibly null reference. [F:\Floofdev\HardLight\Content.Server\Content.Server.csproj]
F:\Floofdev\HardLight\Content.Server\Abilities\Psionics\PsionicFamiliarSystem.cs(67,33): error CS8602: Dereference of a possibly null reference. [F:\Floofdev\HardLight\Content.Server\Content.Server.csproj]
F:\Floofdev\HardLight\Content.Server\Abilities\Psionics\PsionicFamiliarSystem.cs(63,16): error CS0165: Use of unassigned local variable 'masterFactions' [F:\Floofdev\HardLight\Content.Server\Content.Server.csproj]
F:\Floofdev\HardLight\Content.Server\Abilities\Psionics\PsionicFamiliarSystem.cs(112,23): error CS1061: 'PsionicFamiliarComponent' does not contain a definition for 'CanAttackMaster' and no accessible extension method 'CanAttackMaster' accepting a first argument of type 'PsionicFamiliarComponent' could be found (are you missing a using directive or an assembly reference?) [F:\Floofdev\HardLight\Content.Server\Content.Server.csproj]
F:\Floofdev\HardLight\Content.Server\Abilities\Psionics\PsionicFamiliarSystem.cs(117,41): error CS1061: 'PsionicFamiliarComponent' does not contain a definition for 'AttackMasterText' and no accessible extension method 'AttackMasterText' accepting a first argument of type 'PsionicFamiliarComponent' could be found (are you missing a using directive or an assembly reference?) [F:\Floofdev\HardLight\Content.Server\Content.Server.csproj]
F:\Floofdev\HardLight\Content.Server\Abilities\Psionics\PsionicFamiliarSystem.cs(120,67): error CS1061: 'PsionicFamiliarComponent' does not contain a definition for 'AttackPopupType' and no accessible extension method 'AttackPopupType' accepting a first argument of type 'PsionicFamiliarComponent' could be found (are you missing a using directive or an assembly reference?) [F:\Floofdev\HardLight\Content.Server\Content.Server.csproj]
F:\Floofdev\HardLight\Content.Server\Abilities\Psionics\PsionicFamiliarSystem.cs(125,24): error CS1061: 'PsionicFamiliarComponent' does not contain a definition for 'DespawnOnFamiliarDeath' and no accessible extension method 'DespawnOnFamiliarDeath' accepting a first argument of type 'PsionicFamiliarComponent' could be found (are you missing a using directive or an assembly reference?) [F:\Floofdev\HardLight\Content.Server\Content.Server.csproj]
F:\Floofdev\HardLight\Content.Server\Abilities\Psionics\PsionicFamiliarSystem.cs(142,49): error CS1061: 'PsionicFamiliarComponent' does not contain a definition for 'DespawnText' and no accessible extension method 'DespawnText' accepting a first argument of type 'PsionicFamiliarComponent' could be found (are you missing a using directive or an assembly reference?) [F:\Floofdev\HardLight\Content.Server\Content.Server.csproj]
F:\Floofdev\HardLight\Content.Server\Abilities\Psionics\PsionicFamiliarSystem.cs(143,54): error CS1061: 'PsionicFamiliarComponent' does not contain a definition for 'DespawnPopopType' and no accessible extension method 'DespawnPopopType' accepting a first argument of type 'PsionicFamiliarComponent' could be found (are you missing a using directive or an assembly reference?) [F:\Floofdev\HardLight\Content.Server\Content.Server.csproj]
F:\Floofdev\HardLight\Content.Server\Abilities\Psionics\PsionicAbilitiesSystem.cs(127,40): error CS1061: 'PsionicPowerPrototype' does not contain a definition for 'InitializeFunctions' and no accessible extension method 'InitializeFunctions' accepting a first argument of type 'PsionicPowerPrototype' could be found (are you missing a using directive or an assembly reference?) [F:\Floofdev\HardLight\Content.Server\Content.Server.csproj]
F:\Floofdev\HardLight\Content.Server\Abilities\Psionics\PsionicAbilitiesSystem.cs(163,22): error CS0246: The type or namespace name 'OnSetPsionicStatsEvent' could not be found (are you missing a using directive or an assembly reference?) [F:\Floofdev\HardLight\Content.Server\Content.Server.csproj]
F:\Floofdev\HardLight\Content.Server\Abilities\Psionics\PsionicAbilitiesSystem.cs(206,22): error CS0246: The type or namespace name 'OnMindbreakEvent' could not be found (are you missing a using directive or an assembly reference?) [F:\Floofdev\HardLight\Content.Server\Content.Server.csproj]
F:\Floofdev\HardLight\Content.Server\Abilities\Psionics\PsionicAbilitiesSystem.cs(209,36): error CS0117: 'CCVars' does not contain a definition for 'ScarierMindbreaking' [F:\Floofdev\HardLight\Content.Server\Content.Server.csproj]
F:\Floofdev\HardLight\Content.Server\Abilities\Psionics\PsionicAbilitiesSystem.cs(266,47): error CS1061: 'PsionicPowerPrototype' does not contain a definition for 'RemovalFunctions' and no accessible extension method 'RemovalFunctions' accepting a first argument of type 'PsionicPowerPrototype' could be found (are you missing a using directive or an assembly reference?) [F:\Floofdev\HardLight\Content.Server\Content.Server.csproj]
F:\Floofdev\HardLight\Content.Server\Abilities\Psionics\PsionicAbilitiesSystem.cs(284,47): error CS1061: 'PsionicPowerPrototype' does not contain a definition for 'RemovalFunctions' and no accessible extension method 'RemovalFunctions' accepting a first argument of type 'PsionicPowerPrototype' could be found (are you missing a using directive or an assembly reference?) [F:\Floofdev\HardLight\Content.Server\Content.Server.csproj]
F:\Floofdev\HardLight\Content.Server\Abilities\Psionics\PsionicAbilitiesSystem.cs(311,26): error CS0104: 'PsionicFamiliarComponent' is an ambiguous reference between 'Content.Shared.Nyanotrasen.Abilities.Psionics.Components.PsionicFamiliarComponent' and 'Content.Shared.Abilities.Psionics.PsionicFamiliarComponent' [F:\Floofdev\HardLight\Content.Server\Content.Server.csproj]
    359 Warning(s)
    17 Error(s)

Time Elapsed 00:03:06.55
